Archive member included to satisfy reference by file (symbol)

C:/ST/STM32CubeIDE_1.13.0/STM32CubeIDE/plugins/com.st.stm32cube.ide.mcu.externaltools.gnu-tools-for-stm32.11.3.rel1.win32_1.1.0.202305231506/tools/bin/../lib/gcc/arm-none-eabi/11.3.1/../../../../arm-none-eabi/lib/thumb/v7e-m+fp/hard\libstdc++_nano.a(new_op.o)
                              ./Core/Src/app_motion.o (operator new(unsigned int))
C:/ST/STM32CubeIDE_1.13.0/STM32CubeIDE/plugins/com.st.stm32cube.ide.mcu.externaltools.gnu-tools-for-stm32.11.3.rel1.win32_1.1.0.202305231506/tools/bin/../lib/gcc/arm-none-eabi/11.3.1/../../../../arm-none-eabi/lib/thumb/v7e-m+fp/hard\libstdc++_nano.a(new_handler.o)
                              C:/ST/STM32CubeIDE_1.13.0/STM32CubeIDE/plugins/com.st.stm32cube.ide.mcu.externaltools.gnu-tools-for-stm32.11.3.rel1.win32_1.1.0.202305231506/tools/bin/../lib/gcc/arm-none-eabi/11.3.1/../../../../arm-none-eabi/lib/thumb/v7e-m+fp/hard\libstdc++_nano.a(new_op.o) (std::get_new_handler())
C:/ST/STM32CubeIDE_1.13.0/STM32CubeIDE/plugins/com.st.stm32cube.ide.mcu.externaltools.gnu-tools-for-stm32.11.3.rel1.win32_1.1.0.202305231506/tools/bin/../lib/gcc/arm-none-eabi/11.3.1/../../../../arm-none-eabi/lib/thumb/v7e-m+fp/hard\libm.a(libm_a-w_fmod.o)
                              ./Core/Src/app_motion.o (fmod)
C:/ST/STM32CubeIDE_1.13.0/STM32CubeIDE/plugins/com.st.stm32cube.ide.mcu.externaltools.gnu-tools-for-stm32.11.3.rel1.win32_1.1.0.202305231506/tools/bin/../lib/gcc/arm-none-eabi/11.3.1/../../../../arm-none-eabi/lib/thumb/v7e-m+fp/hard\libm.a(libm_a-w_sqrt.o)
                              ./Core/Src/ICM20948.o (sqrt)
C:/ST/STM32CubeIDE_1.13.0/STM32CubeIDE/plugins/com.st.stm32cube.ide.mcu.externaltools.gnu-tools-for-stm32.11.3.rel1.win32_1.1.0.202305231506/tools/bin/../lib/gcc/arm-none-eabi/11.3.1/../../../../arm-none-eabi/lib/thumb/v7e-m+fp/hard\libm.a(libm_a-wf_atan2.o)
                              ./Core/Src/app_main.o (atan2f)
C:/ST/STM32CubeIDE_1.13.0/STM32CubeIDE/plugins/com.st.stm32cube.ide.mcu.externaltools.gnu-tools-for-stm32.11.3.rel1.win32_1.1.0.202305231506/tools/bin/../lib/gcc/arm-none-eabi/11.3.1/../../../../arm-none-eabi/lib/thumb/v7e-m+fp/hard\libm.a(libm_a-e_sqrt.o)
                              C:/ST/STM32CubeIDE_1.13.0/STM32CubeIDE/plugins/com.st.stm32cube.ide.mcu.externaltools.gnu-tools-for-stm32.11.3.rel1.win32_1.1.0.202305231506/tools/bin/../lib/gcc/arm-none-eabi/11.3.1/../../../../arm-none-eabi/lib/thumb/v7e-m+fp/hard\libm.a(libm_a-w_sqrt.o) (__ieee754_sqrt)
C:/ST/STM32CubeIDE_1.13.0/STM32CubeIDE/plugins/com.st.stm32cube.ide.mcu.externaltools.gnu-tools-for-stm32.11.3.rel1.win32_1.1.0.202305231506/tools/bin/../lib/gcc/arm-none-eabi/11.3.1/../../../../arm-none-eabi/lib/thumb/v7e-m+fp/hard\libm.a(libm_a-e_fmod.o)
                              C:/ST/STM32CubeIDE_1.13.0/STM32CubeIDE/plugins/com.st.stm32cube.ide.mcu.externaltools.gnu-tools-for-stm32.11.3.rel1.win32_1.1.0.202305231506/tools/bin/../lib/gcc/arm-none-eabi/11.3.1/../../../../arm-none-eabi/lib/thumb/v7e-m+fp/hard\libm.a(libm_a-w_fmod.o) (__ieee754_fmod)
C:/ST/STM32CubeIDE_1.13.0/STM32CubeIDE/plugins/com.st.stm32cube.ide.mcu.externaltools.gnu-tools-for-stm32.11.3.rel1.win32_1.1.0.202305231506/tools/bin/../lib/gcc/arm-none-eabi/11.3.1/../../../../arm-none-eabi/lib/thumb/v7e-m+fp/hard\libm.a(libm_a-ef_atan2.o)
                              C:/ST/STM32CubeIDE_1.13.0/STM32CubeIDE/plugins/com.st.stm32cube.ide.mcu.externaltools.gnu-tools-for-stm32.11.3.rel1.win32_1.1.0.202305231506/tools/bin/../lib/gcc/arm-none-eabi/11.3.1/../../../../arm-none-eabi/lib/thumb/v7e-m+fp/hard\libm.a(libm_a-wf_atan2.o) (__ieee754_atan2f)
C:/ST/STM32CubeIDE_1.13.0/STM32CubeIDE/plugins/com.st.stm32cube.ide.mcu.externaltools.gnu-tools-for-stm32.11.3.rel1.win32_1.1.0.202305231506/tools/bin/../lib/gcc/arm-none-eabi/11.3.1/../../../../arm-none-eabi/lib/thumb/v7e-m+fp/hard\libm.a(libm_a-sf_atan.o)
                              C:/ST/STM32CubeIDE_1.13.0/STM32CubeIDE/plugins/com.st.stm32cube.ide.mcu.externaltools.gnu-tools-for-stm32.11.3.rel1.win32_1.1.0.202305231506/tools/bin/../lib/gcc/arm-none-eabi/11.3.1/../../../../arm-none-eabi/lib/thumb/v7e-m+fp/hard\libm.a(libm_a-ef_atan2.o) (atanf)
C:/ST/STM32CubeIDE_1.13.0/STM32CubeIDE/plugins/com.st.stm32cube.ide.mcu.externaltools.gnu-tools-for-stm32.11.3.rel1.win32_1.1.0.202305231506/tools/bin/../lib/gcc/arm-none-eabi/11.3.1/../../../../arm-none-eabi/lib/thumb/v7e-m+fp/hard\libm.a(libm_a-sf_fabs.o)
                              C:/ST/STM32CubeIDE_1.13.0/STM32CubeIDE/plugins/com.st.stm32cube.ide.mcu.externaltools.gnu-tools-for-stm32.11.3.rel1.win32_1.1.0.202305231506/tools/bin/../lib/gcc/arm-none-eabi/11.3.1/../../../../arm-none-eabi/lib/thumb/v7e-m+fp/hard\libm.a(libm_a-ef_atan2.o) (fabsf)
C:/ST/STM32CubeIDE_1.13.0/STM32CubeIDE/plugins/com.st.stm32cube.ide.mcu.externaltools.gnu-tools-for-stm32.11.3.rel1.win32_1.1.0.202305231506/tools/bin/../lib/gcc/arm-none-eabi/11.3.1/../../../../arm-none-eabi/lib/thumb/v7e-m+fp/hard\libc_nano.a(libc_a-abort.o)
[...]
Memory Configuration

Name             Origin             Length             Attributes
CCMRAM           0x0000000010000000 0x0000000000010000 xrw
RAM              0x0000000020000000 0x0000000000020000 xrw
FLASH            0x0000000008000000 0x0000000000080000 xr
*default*        0x0000000000000000 0xffffffffffffffff

Linker script and memory map

LOAD C:/ST/STM32CubeIDE_1.13.0/STM32CubeIDE/plugins/com.st.stm32cube.ide.mcu.externaltools.gnu-tools-for-stm32.11.3.rel1.win32_1.1.0.202305231506/tools/bin/../lib/gcc/arm-none-eabi/11.3.1/thumb/v7e-m+fp/hard/crti.o
LOAD C:/ST/STM32CubeIDE_1.13.0/STM32CubeIDE/plugins/com.st.stm32cube.ide.mcu.externaltools.gnu-tools-for-stm32.11.3.rel1.win32_1.1.0.202305231506/tools/bin/../lib/gcc/arm-none-eabi/11.3.1/thumb/v7e-m+fp/hard/crtbegin.o
LOAD C:/ST/STM32CubeIDE_1.13.0/STM32CubeIDE/plugins/com.st.stm32cube.ide.mcu.externaltools.gnu-tools-for-stm32.11.3.rel1.win32_1.1.0.202305231506/tools/bin/../lib/gcc/arm-none-eabi/11.3.1/../../../../arm-none-eabi/lib/thumb/v7e-m+fp/hard/crt0.o
LOAD ./Core/Src/ICM20948.o
LOAD ./Core/Src/app_display.o
LOAD ./Core/Src/app_main.o
LOAD ./Core/Src/app_motion.o
LOAD ./Core/Src/app_parser.o
LOAD ./Core/Src/freertos.o
LOAD ./Core/Src/main.o
LOAD ./Core/Src/oled.o
LOAD ./Core/Src/pid.o
LOAD ./Core/Src/stm32f4xx_hal_msp.o
LOAD ./Core/Src/stm32f4xx_it.o
LOAD ./Core/Src/syscalls.o
LOAD ./Core/Src/sysmem.o
LOAD ./Core/Src/system_stm32f4xx.o
LOAD ./Core/Startup/startup_stm32f407vetx.o
LOAD ./Drivers/STM32F4xx_HAL_Driver/Src/stm32f4xx_hal.o
LOAD ./Drivers/STM32F4xx_HAL_Driver/Src/stm32f4xx_hal_adc.o
LOAD ./Drivers/STM32F4xx_HAL_Driver/Src/stm32f4xx_hal_adc_ex.o
LOAD ./Drivers/STM32F4xx_HAL_Driver/Src/stm32f4xx_hal_cortex.o
LOAD ./Drivers/STM32F4xx_HAL_Driver/Src/stm32f4xx_hal_dma.o
LOAD ./Drivers/STM32F4xx_HAL_Driver/Src/stm32f4xx_hal_dma_ex.o
LOAD ./Drivers/STM32F4xx_HAL_Driver/Src/stm32f4xx_hal_exti.o
LOAD ./Drivers/STM32F4xx_HAL_Driver/Src/stm32f4xx_hal_flash.o
LOAD ./Drivers/STM32F4xx_HAL_Driver/Src/stm32f4xx_hal_flash_ex.o
LOAD ./Drivers/STM32F4xx_HAL_Driver/Src/stm32f4xx_hal_flash_ramfunc.o
LOAD ./Drivers/STM32F4xx_HAL_Driver/Src/stm32f4xx_hal_gpio.o
LOAD ./Drivers/STM32F4xx_HAL_Driver/Src/stm32f4xx_hal_i2c.o
LOAD ./Drivers/STM32F4xx_HAL_Driver/Src/stm32f4xx_hal_i2c_ex.o
LOAD ./Drivers/STM32F4xx_HAL_Driver/Src/stm32f4xx_hal_pwr.o
LOAD ./Drivers/STM32F4xx_HAL_Driver/Src/stm32f4xx_hal_pwr_ex.o
LOAD ./Drivers/STM32F4xx_HAL_Driver/Src/stm32f4xx_hal_rcc.o
LOAD ./Drivers/STM32F4xx_HAL_Driver/Src/stm32f4xx_hal_rcc_ex.o
LOAD ./Drivers/STM32F4xx_HAL_Driver/Src/stm32f4xx_hal_tim.o
LOAD ./Drivers/STM32F4xx_HAL_Driver/Src/stm32f4xx_hal_tim_ex.o
LOAD ./Drivers/STM32F4xx_HAL_Driver/Src/stm32f4xx_hal_uart.o
LOAD ./Drivers/STM32F4xx_HAL_Driver/Src/stm32f4xx_ll_adc.o
LOAD ./Middlewares/Third_Party/FreeRTOS/Source/CMSIS_RTOS_V2/cmsis_os2.o
LOAD ./Middlewares/Third_Party/FreeRTOS/Source/croutine.o
LOAD ./Middlewares/Third_Party/FreeRTOS/Source/event_groups.o
LOAD ./Middlewares/Third_Party/FreeRTOS/Source/list.o
LOAD ./Middlewares/Third_Party/FreeRTOS/Source/queue.o
LOAD ./Middlewares/Third_Party/FreeRTOS/Source/stream_buffer.o
LOAD ./Middlewares/Third_Party/FreeRTOS/Source/tasks.o
LOAD ./Middlewares/Third_Party/FreeRTOS/Source/timers.o
LOAD ./Middlewares/Third_Party/FreeRTOS/Source/portable/GCC/ARM_CM4F/port.o
LOAD ./Middlewares/Third_Party/FreeRTOS/Source/portable/MemMang/heap_4.o
START GROUP
LOAD C:/ST/STM32CubeIDE_1.13.0/STM32CubeIDE/plugins/com.st.stm32cube.ide.mcu.externaltools.gnu-tools-for-stm32.11.3.rel1.win32_1.1.0.202305231506/tools/bin/../lib/gcc/arm-none-eabi/11.3.1/../../../../arm-none-eabi/lib/thumb/v7e-m+fp/hard\libstdc++_nano.a
LOAD C:/ST/STM32CubeIDE_1.13.0/STM32CubeIDE/plugins/com.st.stm32cube.ide.mcu.externaltools.gnu-tools-for-stm32.11.3.rel1.win32_1.1.0.202305231506/tools/bin/../lib/gcc/arm-none-eabi/11.3.1/../../../../arm-none-eabi/lib/thumb/v7e-m+fp/hard\libsupc++_nano.a
END GROUP
LOAD C:/ST/STM32CubeIDE_1.13.0/STM32CubeIDE/plugins/com.st.stm32cube.ide.mcu.externaltools.gnu-tools-for-stm32.11.3.rel1.win32_1.1.0.202305231506/tools/bin/../lib/gcc/arm-none-eabi/11.3.1/../../../../arm-none-eabi/lib/thumb/v7e-m+fp/hard\libstdc++_nano.a
LOAD C:/ST/STM32CubeIDE_1.13.0/STM32CubeIDE/plugins/com.st.stm32cube.ide.mcu.externaltools.gnu-tools-for-stm32.11.3.rel1.win32_1.1.0.202305231506/tools/bin/../lib/gcc/arm-none-eabi/11.3.1/../../../../arm-none-eabi/lib/thumb/v7e-m+fp/hard\libm.a
LOAD C:/ST/STM32CubeIDE_1.13.0/STM32CubeIDE/plugins/com.st.stm32cube.ide.mcu.externaltools.gnu-tools-for-stm32.11.3.rel1.win32_1.1.0.202305231506/tools/bin/../lib/gcc/arm-none-eabi/11.3.1/../../../../arm-none-eabi/lib/thumb/v7e-m+fp/hard\libc_nano.a
START GROUP
LOAD C:/ST/STM32CubeIDE_1.13.0/STM32CubeIDE/plugins/com.st.stm32cube.ide.mcu.externaltools.gnu-tools-for-stm32.11.3.rel1.win32_1.1.0.202305231506/tools/bin/../lib/gcc/arm-none-eabi/11.3.1/thumb/v7e-m+fp/hard\libgcc.a
LOAD C:/ST/STM32CubeIDE_1.13.0/STM32CubeIDE/plugins/com.st.stm32cube.ide.mcu.externaltools.gnu-tools-for-stm32.11.3.rel1.win32_1.1.0.202305231506/tools/bin/../lib/gcc/arm-none-eabi/11.3.1/../../../../arm-none-eabi/lib/thumb/v7e-m+fp/hard\libc_nano.a
END GROUP
START GROUP
LOAD C:/ST/STM32CubeIDE_1.13.0/STM32CubeIDE/plugins/com.st.stm32cube.ide.mcu.externaltools.gnu-tools-for-stm32.11.3.rel1.win32_1.1.0.202305231506/tools/bin/../lib/gcc/arm-none-eabi/11.3.1/thumb/v7e-m+fp/hard\libgcc.a
LOAD C:/ST/STM32CubeIDE_1.13.0/STM32CubeIDE/plugins/com.st.stm32cube.ide.mcu.externaltools.gnu-tools-for-stm32.11.3.rel1.win32_1.1.0.202305231506/tools/bin/../lib/gcc/arm-none-eabi/11.3.1/../../../../arm-none-eabi/lib/thumb/v7e-m+fp/hard\libc_nano.a
LOAD C:/ST/STM32CubeIDE_1.13.0/STM32CubeIDE/plugins/com.st.stm32cube.ide.mcu.externaltools.gnu-tools-for-stm32.11.3.rel1.win32_1.1.0.202305231506/tools/bin/../lib/gcc/arm-none-eabi/11.3.1/../../../../arm-none-eabi/lib/thumb/v7e-m+fp/hard\libnosys.a
END GROUP
START GROUP
LOAD C:/ST/STM32CubeIDE_1.13.0/STM32CubeIDE/plugins/com.st.stm32cube.ide.mcu.externaltools.gnu-tools-for-stm32.11.3.rel1.win32_1.1.0.202305231506/tools/bin/../lib/gcc/arm-none-eabi/11.3.1/thumb/v7e-m+fp/hard\libgcc.a
LOAD C:/ST/STM32CubeIDE_1.13.0/STM32CubeIDE/plugins/com.st.stm32cube.ide.mcu.externaltools.gnu-tools-for-stm32.11.3.rel1.win32_1.1.0.202305231506/tools/bin/../lib/gcc/arm-none-eabi/11.3.1/../../../../arm-none-eabi/lib/thumb/v7e-m+fp/hard\libc_nano.a
LOAD C:/ST/STM32CubeIDE_1.13.0/STM32CubeIDE/plugins/com.st.stm32cube.ide.mcu.externaltools.gnu-tools-for-stm32.11.3.rel1.win32_1.1.0.202305231506/tools/bin/../lib/gcc/arm-none-eabi/11.3.1/../../../../arm-none-eabi/lib/thumb/v7e-m+fp/hard\libnosys.a
END GROUP
LOAD C:/ST/STM32CubeIDE_1.13.0/STM32CubeIDE/plugins/com.st.stm32cube.ide.mcu.externaltools.gnu-tools-for-stm32.11.3.rel1.win32_1.1.0.202305231506/tools/bin/../lib/gcc/arm-none-eabi/11.3.1/thumb/v7e-m+fp/hard/crtend.o
LOAD C:/ST/STM32CubeIDE_1.13.0/STM32CubeIDE/plugins/com.st.stm32cube.ide.mcu.externaltools.gnu-tools-for-stm32.11.3.rel1.win32_1.1.0.202305231506/tools/bin/../lib/gcc/arm-none-eabi/11.3.1/thumb/v7e-m+fp/hard/crtn.o
                0x0000000020020000                _estack = (ORIGIN (RAM) + LENGTH (RAM))
                0x0000000000000200                _Min_Heap_Size = 0x200
                0x0000000000000400                _Min_Stack_Size = 0x400

.isr_vector     0x0000000008000000      0x188
                0x0000000008000000                . = ALIGN (0x4)
 *(.isr_vector)
 .isr_vector    0x0000000008000000      0x188 ./Core/Startup/startup_stm32f407vetx.o
                0x0000000008000000                g_pfnVectors
                0x0000000008000188                . = ALIGN (0x4)

.text           0x0000000008000190     0xc0b4
                0x0000000008000190                . = ALIGN (0x4)
 *(.text)
 .text          0x0000000008000190       0x40 C:/ST/STM32CubeIDE_1.13.0/STM32CubeIDE/plugins/com.st.stm32cube.ide.mcu.externaltools.gnu-tools-for-stm32.11.3.rel1.win32_1.1.0.202305231506/tools/bin/../lib/gcc/arm-none-eabi/11.3.1/thumb/v7e-m+fp/hard/crtbegin.o
 .text          0x00000000080001d0       0xa0 C:/ST/STM32CubeIDE_1.13.0/STM32CubeIDE/plugins/com.st.stm32cube.ide.mcu.externaltools.gnu-tools-for-stm32.11.3.rel1.win32_1.1.0.202305231506/tools/bin/../lib/gcc/arm-none-eabi/11.3.1/../../../../arm-none-eabi/lib/thumb/v7e-m+fp/hard\libc_nano.a(libc_a-memchr.o)
                0x00000000080001d0                memchr
 .text          0x0000000008000270       0x10 C:/ST/STM32CubeIDE_1.13.0/STM32CubeIDE/plugins/com.st.stm32cube.ide.mcu.externaltools.gnu-tools-for-stm32.11.3.rel1.win32_1.1.0.202305231506/tools/bin/../lib/gcc/arm-none-eabi/11.3.1/../../../../arm-none-eabi/lib/thumb/v7e-m+fp/hard\libc_nano.a(libc_a-strlen.o)
                0x0000000008000270                strlen
 .text          0x0000000008000280      0x378 C:/ST/STM32CubeIDE_1.13.0/STM32CubeIDE/plugins/com.st.stm32cube.ide.mcu.externaltools.gnu-tools-for-stm32.11.3.rel1.win32_1.1.0.202305231506/tools/bin/../lib/gcc/arm-none-eabi/11.3.1/thumb/v7e-m+fp/hard\libgcc.a(_arm_addsubdf3.o)
                0x0000000008000280                __aeabi_drsub
                0x0000000008000288                __aeabi_dsub
                0x0000000008000288                __subdf3
                0x000000000800028c                __aeabi_dadd
                0x000000000800028c                __adddf3
                0x0000000008000504                __floatunsidf
                0x0000000008000504                __aeabi_ui2d
                0x0000000008000524                __floatsidf
                0x0000000008000524                __aeabi_i2d
                0x0000000008000548                __aeabi_f2d
                0x0000000008000548                __extendsfdf2
                0x000000000800058c                __floatundidf
                0x000000000800058c                __aeabi_ul2d
                0x000000000800059c                __floatdidf
                0x000000000800059c                __aeabi_l2d
 .text          0x00000000080005f8      0x424 C:/ST/STM32CubeIDE_1.13.0/STM32CubeIDE/plugins/com.st.stm32cube.ide.mcu.externaltools.gnu-tools-for-stm32.11.3.rel1.win32_1.1.0.202305231506/tools/bin/../lib/gcc/arm-none-eabi/11.3.1/thumb/v7e-m+fp/hard\libgcc.a(_arm_muldivdf3.o)
                0x00000000080005f8                __aeabi_dmul
                0x00000000080005f8                __muldf3
                0x000000000800084c                __divdf3
                0x000000000800084c                __aeabi_ddiv
 .text          0x0000000008000a1c      0x110 C:/ST/STM32CubeIDE_1.13.0/STM32CubeIDE/plugins/com.st.stm32cube.ide.mcu.externaltools.gnu-tools-for-stm32.11.3.rel1.win32_1.1.0.202305231506/tools/bin/../lib/gcc/arm-none-eabi/11.3.1/thumb/v7e-m+fp/hard\libgcc.a(_arm_cmpdf2.o)
                0x0000000008000a1c                __gtdf2
                0x0000000008000a1c                __gedf2
                0x0000000008000a24                __ltdf2
                0x0000000008000a24                __ledf2
                0x0000000008000a2c                __nedf2
                0x0000000008000a2c                __eqdf2
                0x0000000008000a2c                __cmpdf2
                0x0000000008000aa8                __aeabi_cdrcmple
                0x0000000008000ab8                __aeabi_cdcmpeq
                0x0000000008000ab8                __aeabi_cdcmple
                0x0000000008000ac8                __aeabi_dcmpeq
                0x0000000008000adc                __aeabi_dcmplt
                0x0000000008000af0                __aeabi_dcmple
                0x0000000008000b04                __aeabi_dcmpge
                0x0000000008000b18                __aeabi_dcmpgt
 .text          0x0000000008000b2c       0x2c C:/ST/STM32CubeIDE_1.13.0/STM32CubeIDE/plugins/com.st.stm32cube.ide.mcu.externaltools.gnu-tools-for-stm32.11.3.rel1.win32_1.1.0.202305231506/tools/bin/../lib/gcc/arm-none-eabi/11.3.1/thumb/v7e-m+fp/hard\libgcc.a(_arm_unorddf2.o)
                0x0000000008000b2c                __unorddf2
                0x0000000008000b2c                __aeabi_dcmpun
 .text          0x0000000008000b58       0x50 C:/ST/STM32CubeIDE_1.13.0/STM32CubeIDE/plugins/com.st.stm32cube.ide.mcu.externaltools.gnu-tools-for-stm32.11.3.rel1.win32_1.1.0.202305231506/tools/bin/../lib/gcc/arm-none-eabi/11.3.1/thumb/v7e-m+fp/hard\libgcc.a(_arm_fixdfsi.o)
                0x0000000008000b58                __aeabi_d2iz
                0x0000000008000b58                __fixdfsi
 .text          0x0000000008000ba8       0x40 C:/ST/STM32CubeIDE_1.13.0/STM32CubeIDE/plugins/com.st.stm32cube.ide.mcu.externaltools.gnu-tools-for-stm32.11.3.rel1.win32_1.1.0.202305231506/tools/bin/../lib/gcc/arm-none-eabi/11.3.1/thumb/v7e-m+fp/hard\libgcc.a(_arm_fixunsdfsi.o)
                0x0000000008000ba8                __aeabi_d2uiz
                0x0000000008000ba8                __fixunsdfsi
 .text          0x0000000008000be8       0xa0 C:/ST/STM32CubeIDE_1.13.0/STM32CubeIDE/plugins/com.st.stm32cube.ide.mcu.externaltools.gnu-tools-for-stm32.11.3.rel1.win32_1.1.0.202305231506/tools/bin/../lib/gcc/arm-none-eabi/11.3.1/thumb/v7e-m+fp/hard\libgcc.a(_arm_truncdfsf2.o)
                0x0000000008000be8                __truncdfsf2
                0x0000000008000be8                __aeabi_d2f
 .text          0x0000000008000c88       0x30 C:/ST/STM32CubeIDE_1.13.0/STM32CubeIDE/plugins/com.st.stm32cube.ide.mcu.externaltools.gnu-tools-for-stm32.11.3.rel1.win32_1.1.0.202305231506/tools/bin/../lib/gcc/arm-none-eabi/11.3.1/thumb/v7e-m+fp/hard\libgcc.a(_aeabi_uldivmod.o)
                0x0000000008000c88                __aeabi_uldivmod
 .text          0x0000000008000cb8      0x2c8 C:/ST/STM32CubeIDE_1.13.0/STM32CubeIDE/plugins/com.st.stm32cube.ide.mcu.externaltools.gnu-tools-for-stm32.11.3.rel1.win32_1.1.0.202305231506/tools/bin/../lib/gcc/arm-none-eabi/11.3.1/thumb/v7e-m+fp/hard\libgcc.a(_udivmoddi4.o)
                0x0000000008000cb8                __udivmoddi4
 .text          0x0000000008000f80        0x4 C:/ST/STM32CubeIDE_1.13.0/STM32CubeIDE/plugins/com.st.stm32cube.ide.mcu.externaltools.gnu-tools-for-stm32.11.3.rel1.win32_1.1.0.202305231506/tools/bin/../lib/gcc/arm-none-eabi/11.3.1/thumb/v7e-m+fp/hard\libgcc.a(_dvmd_tls.o)
                0x0000000008000f80                __aeabi_idiv0
                0x0000000008000f80                __aeabi_ldiv0
 *(.text*)
 .text.IMU_WriteOneByte
                0x0000000008000f84       0x24 ./Core/Src/ICM20948.o
                0x0000000008000f84                IMU_WriteOneByte
 .text.IMU_ReadOneByte
                0x0000000008000fa8       0x1e ./Core/Src/ICM20948.o
                0x0000000008000fa8                IMU_ReadOneByte
 *fill*         0x0000000008000fc6        0x2 
 .text.IMU_Initialise
                0x0000000008000fc8      0x114 ./Core/Src/ICM20948.o
                0x0000000008000fc8                IMU_Initialise
 .text.Mag_WriteOneByte
                0x00000000080010dc       0x24 ./Core/Src/ICM20948.o
                0x00000000080010dc                Mag_WriteOneByte
 .text.IMU_AccelRead
                0x0000000008001100       0xb8 ./Core/Src/ICM20948.o
                0x0000000008001100                IMU_AccelRead
 .text.Gyro_calibrate
                0x00000000080011b8       0xcc ./Core/Src/ICM20948.o
                0x00000000080011b8                Gyro_calibrate
 .text.IMU_GyroRead
                0x0000000008001284       0xbc ./Core/Src/ICM20948.o
                0x0000000008001284                IMU_GyroRead
 .text.Mag_init
                0x0000000008001340        0x8 ./Core/Src/ICM20948.o
                0x0000000008001340                Mag_init
 .text._ZN7Display8oledTaskEPv
                0x0000000008001348      0x220 ./Core/Src/app_display.o
                0x0000000008001348                Display::oledTask(void*)
 .text.sensorIRTask
                0x0000000008001568      0x200 ./Core/Src/app_main.o
                0x0000000008001568                sensorIRTask
 .text.IMU_RequestZeroYaw
                0x0000000008001768        0xc ./Core/Src/app_main.o
                0x0000000008001768                IMU_RequestZeroYaw
 .text.initializeCPPconstructs
                0x0000000008001774       0x7c ./Core/Src/app_main.o
                0x0000000008001774                initializeCPPconstructs
 .text.IMU_ZeroYawNow
                0x00000000080017f0       0x64 ./Core/Src/app_main.o
                0x00000000080017f0                IMU_ZeroYawNow
 *fill*         0x0000000008001854        0x4 
 .text.quaternionUpdate
                0x0000000008001858      0x338 ./Core/Src/app_main.o
                0x0000000008001858                quaternionUpdate
 .text.sensorIMUTask
                0x0000000008001b90      0x1ec ./Core/Src/app_main.o
                0x0000000008001b90                sensorIMUTask
 .text._ext_sig_halt
                0x0000000008001d7c        0xc ./Core/Src/app_main.o
                0x0000000008001d7c                _ext_sig_halt
 .text.HAL_UART_RxCpltCallback
                0x0000000008001d88       0x18 ./Core/Src/app_main.o
                0x0000000008001d88                HAL_UART_RxCpltCallback
 .text.HAL_TIM_IC_CaptureCallback
                0x0000000008001da0       0xac ./Core/Src/app_main.o
                0x0000000008001da0                HAL_TIM_IC_CaptureCallback
 .text.startup._GLOBAL__sub_I_sensor_data
                0x0000000008001e4c       0x60 ./Core/Src/app_main.o
 .text.exit._GLOBAL__sub_D_sensor_data
                0x0000000008001eac       0x1c ./Core/Src/app_main.o
 .text._ZN9AppMotion16MotionControllerC2EP5u_ctx
                0x0000000008001ec8        0x4 ./Core/Src/app_motion.o
                0x0000000008001ec8                AppMotion::MotionController::MotionController(u_ctx*)
                0x0000000008001ec8                AppMotion::MotionController::MotionController(u_ctx*)
 .text._ZN9AppMotion16MotionController13emergencyStopEv
                0x0000000008001ecc        0x8 ./Core/Src/app_motion.o
                0x0000000008001ecc                AppMotion::MotionController::emergencyStop()
 .text._ZN9AppMotion5Servo8turnLeftEv
                0x0000000008001ed4        0xe ./Core/Src/app_motion.o
                0x0000000008001ed4                AppMotion::Servo::turnLeft()
 .text._ZN9AppMotion5Servo9turnRightEv
                0x0000000008001ee2        0xe ./Core/Src/app_motion.o
                0x0000000008001ee2                AppMotion::Servo::turnRight()
 .text._ZN9AppMotion5Servo9turnFrontEv
                0x0000000008001ef0        0xe ./Core/Src/app_motion.o
                0x0000000008001ef0                AppMotion::Servo::turnFront()
 .text._ZN9AppMotion5MotorC2EP17TIM_HandleTypeDefmmm
                0x0000000008001efe       0x28 ./Core/Src/app_motion.o
                0x0000000008001efe                AppMotion::Motor::Motor(TIM_HandleTypeDef*, unsigned long, unsigned long, unsigned long)
                0x0000000008001efe                AppMotion::Motor::Motor(TIM_HandleTypeDef*, unsigned long, unsigned long, unsigned long)
 *fill*         0x0000000008001f26        0x2 
 .text._ZN9AppMotion16MotionController5startEv
                0x0000000008001f28      0x14c ./Core/Src/app_motion.o
                0x0000000008001f28                AppMotion::MotionController::start()
 .text._ZN9AppMotion5Motor8setSpeedEmb
                0x0000000008002074       0x84 ./Core/Src/app_motion.o
                0x0000000008002074                AppMotion::Motor::setSpeed(unsigned long, bool)
 .text._ZN9AppMotion5Motor16_setDutyCycleValEmb
                0x00000000080020f8       0x7c ./Core/Src/app_motion.o
                0x00000000080020f8                AppMotion::Motor::_setDutyCycleVal(unsigned long, bool)
 .text._ZN9AppMotion5Motor4haltEv
                0x0000000008002174       0x3a ./Core/Src/app_motion.o
                0x0000000008002174                AppMotion::Motor::halt()
 *fill*         0x00000000080021ae        0x2 
 .text._ZN9AppMotion16MotionController4turnEbbbm
                0x00000000080021b0      0x360 ./Core/Src/app_motion.o
                0x00000000080021b0                AppMotion::MotionController::turn(bool, bool, bool, unsigned long)
 .text._ZN9AppMotion7Encoder8getDeltaEmm
                0x0000000008002510       0x26 ./Core/Src/app_motion.o
                0x0000000008002510                AppMotion::Encoder::getDelta(unsigned long, unsigned long)
 *fill*         0x0000000008002536        0x2 
 .text._ZN9AppMotion16MotionController4moveEbmmbb
                0x0000000008002538      0x394 ./Core/Src/app_motion.o
                0x0000000008002538                AppMotion::MotionController::move(bool, unsigned long, unsigned long, bool, bool)
 .text._ZN9AppMotion16MotionController10motionTaskEPv
                0x00000000080028cc       0xf8 ./Core/Src/app_motion.o
                0x00000000080028cc                AppMotion::MotionController::motionTask(void*)
 .text._ZN9AppParser8ListenerC2EP5u_ctx
                0x00000000080029c4        0x4 ./Core/Src/app_parser.o
                0x00000000080029c4                AppParser::Listener::Listener(u_ctx*)
                0x00000000080029c4                AppParser::Listener::Listener(u_ctx*)
 .text._ZN9AppParser8ListenerD2Ev
                0x00000000080029c8        0x2 ./Core/Src/app_parser.o
                0x00000000080029c8                AppParser::Listener::~Listener()
                0x00000000080029c8                AppParser::Listener::~Listener()
 *fill*         0x00000000080029ca        0x2 
 .text._ZN9AppParser8Listener6invokeEv
                0x00000000080029cc       0x30 ./Core/Src/app_parser.o
                0x00000000080029cc                AppParser::Listener::invoke()
 .text._ZN9AppParser9ProcessorC2EP5u_ctxS2_
                0x00000000080029fc       0x1a ./Core/Src/app_parser.o
                0x00000000080029fc                AppParser::Processor::Processor(u_ctx*, u_ctx*)
                0x00000000080029fc                AppParser::Processor::Processor(u_ctx*, u_ctx*)
 .text._ZN9AppParser9ProcessorD2Ev
                0x0000000008002a16        0x2 ./Core/Src/app_parser.o
                0x0000000008002a16                AppParser::Processor::~Processor()
                0x0000000008002a16                AppParser::Processor::~Processor()
 .text._ZN9AppParser9Processor5startEv
                0x0000000008002a18       0x24 ./Core/Src/app_parser.o
                0x0000000008002a18                AppParser::Processor::start()
 .text._ZN9AppParser9Processor22returnSensorRequestCmdEh
                0x0000000008002a3c       0xbc ./Core/Src/app_parser.o
                0x0000000008002a3c                AppParser::Processor::returnSensorRequestCmd(unsigned char)
 .text._ZN9AppParser9Processor21getMotionCmdFromBytesEPh
                0x0000000008002af8       0x70 ./Core/Src/app_parser.o
                0x0000000008002af8                AppParser::Processor::getMotionCmdFromBytes(unsigned char*)
 .text._ZN9AppParser9Processor13processorTaskEPv
                0x0000000008002b68      0x244 ./Core/Src/app_parser.o
                0x0000000008002b68                AppParser::Processor::processorTask(void*)
 .text.StartDefaultTask
                0x0000000008002dac        0xa ./Core/Src/main.o
                0x0000000008002dac                StartDefaultTask
 *fill*         0x0000000008002db6        0x2 
 .text.SystemClock_Config
                0x0000000008002db8       0x88 ./Core/Src/main.o
                0x0000000008002db8                SystemClock_Config
 .text.startup.main
                0x0000000008002e40      0x5b4 ./Core/Src/main.o
                0x0000000008002e40                main
 .text.HAL_GPIO_EXTI_Callback
                0x00000000080033f4        0x2 ./Core/Src/main.o
                0x00000000080033f4                HAL_GPIO_EXTI_Callback
 .text.Error_Handler
                0x00000000080033f6        0x4 ./Core/Src/main.o
                0x00000000080033f6                Error_Handler
 *fill*         0x00000000080033fa        0x2 
 .text.OLED_WR_Byte
                0x00000000080033fc       0x64 ./Core/Src/oled.o
                0x00000000080033fc                OLED_WR_Byte
 .text.OLED_Refresh_Gram
                0x0000000008003460       0x44 ./Core/Src/oled.o
                0x0000000008003460                OLED_Refresh_Gram
 .text.OLED_Clear
                0x00000000080034a4       0x28 ./Core/Src/oled.o
                0x00000000080034a4                OLED_Clear
 .text.OLED_Display_On
                0x00000000080034cc       0x1e ./Core/Src/oled.o
                0x00000000080034cc                OLED_Display_On
 *fill*         0x00000000080034ea        0x2 
 .text.OLED_DrawPoint
                0x00000000080034ec       0x38 ./Core/Src/oled.o
                0x00000000080034ec                OLED_DrawPoint
 .text.OLED_ShowChar
                0x0000000008003524       0x8c ./Core/Src/oled.o
                0x0000000008003524                OLED_ShowChar
 .text.OLED_ShowString
                0x00000000080035b0       0x3e ./Core/Src/oled.o
                0x00000000080035b0                OLED_ShowString
 .text.OLED_DrawRect
                0x00000000080035ee       0x4a ./Core/Src/oled.o
                0x00000000080035ee                OLED_DrawRect
 .text.OLED_DrawRectWithFill
                0x0000000008003638       0x7e ./Core/Src/oled.o
                0x0000000008003638                OLED_DrawRectWithFill
 .text.OLED_DrawVerticalLine
                0x00000000080036b6       0x1e ./Core/Src/oled.o
                0x00000000080036b6                OLED_DrawVerticalLine
 .text.OLED_Init
                0x00000000080036d4      0x114 ./Core/Src/oled.o
                0x00000000080036d4                OLED_Init
 .text._Z8PID_initP12pid_type_defhPKfff
                0x00000000080037e8       0x32 ./Core/Src/pid.o
                0x00000000080037e8                PID_init(pid_type_def*, unsigned char, float const*, float, float)
 *fill*         0x000000000800381a        0x2 
 .text._Z8PID_calcP12pid_type_defff
                0x000000000800381c      0x120 ./Core/Src/pid.o
                0x000000000800381c                PID_calc(pid_type_def*, float, float)
 .text.HAL_MspInit
                0x000000000800393c       0x40 ./Core/Src/stm32f4xx_hal_msp.o
                0x000000000800393c                HAL_MspInit
 .text.HAL_ADC_MspInit
                0x000000000800397c       0xb0 ./Core/Src/stm32f4xx_hal_msp.o
                0x000000000800397c                HAL_ADC_MspInit
 .text.HAL_I2C_MspInit
                0x0000000008003a2c       0x70 ./Core/Src/stm32f4xx_hal_msp.o
                0x0000000008003a2c                HAL_I2C_MspInit
 .text.HAL_TIM_Encoder_MspInit
                0x0000000008003a9c       0xf0 ./Core/Src/stm32f4xx_hal_msp.o
                0x0000000008003a9c                HAL_TIM_Encoder_MspInit
 .text.HAL_TIM_Base_MspInit
                0x0000000008003b8c      0x108 ./Core/Src/stm32f4xx_hal_msp.o
                0x0000000008003b8c                HAL_TIM_Base_MspInit
 .text.HAL_TIM_MspPostInit
                0x0000000008003c94       0xbc ./Core/Src/stm32f4xx_hal_msp.o
                0x0000000008003c94                HAL_TIM_MspPostInit
 .text.HAL_UART_MspInit
                0x0000000008003d50      0x10c ./Core/Src/stm32f4xx_hal_msp.o
                0x0000000008003d50                HAL_UART_MspInit
 .text.NMI_Handler
                0x0000000008003e5c        0x2 ./Core/Src/stm32f4xx_it.o
                0x0000000008003e5c                NMI_Handler
 .text.HardFault_Handler
                0x0000000008003e5e        0x2 ./Core/Src/stm32f4xx_it.o
                0x0000000008003e5e                HardFault_Handler
 .text.MemManage_Handler
                0x0000000008003e60        0x2 ./Core/Src/stm32f4xx_it.o
                0x0000000008003e60                MemManage_Handler
 .text.BusFault_Handler
                0x0000000008003e62        0x2 ./Core/Src/stm32f4xx_it.o
                0x0000000008003e62                BusFault_Handler
 .text.UsageFault_Handler
                0x0000000008003e64        0x2 ./Core/Src/stm32f4xx_it.o
                0x0000000008003e64                UsageFault_Handler
 .text.DebugMon_Handler
                0x0000000008003e66        0x2 ./Core/Src/stm32f4xx_it.o
                0x0000000008003e66                DebugMon_Handler
 .text.SysTick_Handler
                0x0000000008003e68       0x18 ./Core/Src/stm32f4xx_it.o
                0x0000000008003e68                SysTick_Handler
 .text.EXTI0_IRQHandler
                0x0000000008003e80        0x6 ./Core/Src/stm32f4xx_it.o
                0x0000000008003e80                EXTI0_IRQHandler
 *fill*         0x0000000008003e86        0x2 
 .text.DMA1_Stream1_IRQHandler
                0x0000000008003e88        0xc ./Core/Src/stm32f4xx_it.o
                0x0000000008003e88                DMA1_Stream1_IRQHandler
 .text.DMA1_Stream3_IRQHandler
                0x0000000008003e94        0xc ./Core/Src/stm32f4xx_it.o
                0x0000000008003e94                DMA1_Stream3_IRQHandler
 .text.TIM3_IRQHandler
                0x0000000008003ea0        0xc ./Core/Src/stm32f4xx_it.o
                0x0000000008003ea0                TIM3_IRQHandler
 .text.USART3_IRQHandler
                0x0000000008003eac        0xc ./Core/Src/stm32f4xx_it.o
                0x0000000008003eac                USART3_IRQHandler
 .text.TIM8_CC_IRQHandler
                0x0000000008003eb8        0xc ./Core/Src/stm32f4xx_it.o
                0x0000000008003eb8                TIM8_CC_IRQHandler
 .text._getpid  0x0000000008003ec4        0x4 ./Core/Src/syscalls.o
                0x0000000008003ec4                _getpid
 .text._kill    0x0000000008003ec8       0x10 ./Core/Src/syscalls.o
                0x0000000008003ec8                _kill
 .text._exit    0x0000000008003ed8        0xc ./Core/Src/syscalls.o
                0x0000000008003ed8                _exit
 .text._read    0x0000000008003ee4       0x1c ./Core/Src/syscalls.o
                0x0000000008003ee4                _read
 .text._write   0x0000000008003f00       0x1c ./Core/Src/syscalls.o
                0x0000000008003f00                _write
 .text._close   0x0000000008003f1c        0x6 ./Core/Src/syscalls.o
                0x0000000008003f1c                _close
 .text._fstat   0x0000000008003f22        0xa ./Core/Src/syscalls.o
                0x0000000008003f22                _fstat
 .text._isatty  0x0000000008003f2c        0x4 ./Core/Src/syscalls.o
                0x0000000008003f2c                _isatty
 .text._lseek   0x0000000008003f30        0x4 ./Core/Src/syscalls.o
                0x0000000008003f30                _lseek
 .text._sbrk    0x0000000008003f34       0x40 ./Core/Src/sysmem.o
                0x0000000008003f34                _sbrk
 .text.SystemInit
                0x0000000008003f74       0x14 ./Core/Src/system_stm32f4xx.o
                0x0000000008003f74                SystemInit
 .text.Reset_Handler
                0x0000000008003f88       0x50 ./Core/Startup/startup_stm32f407vetx.o
                0x0000000008003f88                Reset_Handler
 .text.Default_Handler
                0x0000000008003fd8        0x2 ./Core/Startup/startup_stm32f407vetx.o
                0x0000000008003fd8                RTC_Alarm_IRQHandler
                0x0000000008003fd8                HASH_RNG_IRQHandler
                0x0000000008003fd8                EXTI2_IRQHandler
                0x0000000008003fd8                TIM1_CC_IRQHandler
                0x0000000008003fd8                DMA2_Stream5_IRQHandler
                0x0000000008003fd8                DMA1_Stream5_IRQHandler
                0x0000000008003fd8                PVD_IRQHandler
                0x0000000008003fd8                SDIO_IRQHandler
                0x0000000008003fd8                TAMP_STAMP_IRQHandler
                0x0000000008003fd8                CAN2_RX1_IRQHandler
                0x0000000008003fd8                EXTI3_IRQHandler
                0x0000000008003fd8                TIM8_TRG_COM_TIM14_IRQHandler
                0x0000000008003fd8                TIM1_UP_TIM10_IRQHandler
                0x0000000008003fd8                TIM8_UP_TIM13_IRQHandler
                0x0000000008003fd8                I2C3_ER_IRQHandler
                0x0000000008003fd8                I2C2_EV_IRQHandler
                0x0000000008003fd8                DMA1_Stream2_IRQHandler
                0x0000000008003fd8                CAN1_RX0_IRQHandler
                0x0000000008003fd8                FPU_IRQHandler
                0x0000000008003fd8                OTG_HS_WKUP_IRQHandler
                0x0000000008003fd8                CAN2_SCE_IRQHandler
                0x0000000008003fd8                DMA2_Stream2_IRQHandler
                0x0000000008003fd8                SPI1_IRQHandler
                0x0000000008003fd8                TIM6_DAC_IRQHandler
                0x0000000008003fd8                TIM1_BRK_TIM9_IRQHandler
                0x0000000008003fd8                DCMI_IRQHandler
                0x0000000008003fd8                CAN2_RX0_IRQHandler
                0x0000000008003fd8                DMA2_Stream3_IRQHandler
                0x0000000008003fd8                USART6_IRQHandler
                0x0000000008003fd8                CAN1_RX1_IRQHandler
                0x0000000008003fd8                UART5_IRQHandler
                0x0000000008003fd8                DMA2_Stream0_IRQHandler
                0x0000000008003fd8                TIM4_IRQHandler
                0x0000000008003fd8                I2C1_EV_IRQHandler
                0x0000000008003fd8                DMA1_Stream6_IRQHandler
                0x0000000008003fd8                UART4_IRQHandler
                0x0000000008003fd8                RCC_IRQHandler
                0x0000000008003fd8                TIM8_BRK_TIM12_IRQHandler
                0x0000000008003fd8                Default_Handler
                0x0000000008003fd8                EXTI15_10_IRQHandler
                0x0000000008003fd8                ADC_IRQHandler
                0x0000000008003fd8                DMA1_Stream7_IRQHandler
                0x0000000008003fd8                TIM7_IRQHandler
                0x0000000008003fd8                CAN2_TX_IRQHandler
                0x0000000008003fd8                TIM5_IRQHandler
                0x0000000008003fd8                DMA2_Stream7_IRQHandler
                0x0000000008003fd8                I2C3_EV_IRQHandler
                0x0000000008003fd8                EXTI9_5_IRQHandler
                0x0000000008003fd8                RTC_WKUP_IRQHandler
                0x0000000008003fd8                ETH_WKUP_IRQHandler
                0x0000000008003fd8                SPI2_IRQHandler
                0x0000000008003fd8                OTG_HS_EP1_IN_IRQHandler
                0x0000000008003fd8                DMA1_Stream0_IRQHandler
                0x0000000008003fd8                CAN1_TX_IRQHandler
                0x0000000008003fd8                EXTI4_IRQHandler
                0x0000000008003fd8                FSMC_IRQHandler
                0x0000000008003fd8                ETH_IRQHandler
                0x0000000008003fd8                OTG_HS_EP1_OUT_IRQHandler
                0x0000000008003fd8                WWDG_IRQHandler
                0x0000000008003fd8                TIM2_IRQHandler
                0x0000000008003fd8                OTG_FS_WKUP_IRQHandler
                0x0000000008003fd8                TIM1_TRG_COM_TIM11_IRQHandler
                0x0000000008003fd8                OTG_HS_IRQHandler
                0x0000000008003fd8                EXTI1_IRQHandler
                0x0000000008003fd8                USART2_IRQHandler
                0x0000000008003fd8                I2C2_ER_IRQHandler
                0x0000000008003fd8                DMA2_Stream1_IRQHandler
                0x0000000008003fd8                CAN1_SCE_IRQHandler
                0x0000000008003fd8                FLASH_IRQHandler
                0x0000000008003fd8                DMA2_Stream4_IRQHandler
                0x0000000008003fd8                USART1_IRQHandler
                0x0000000008003fd8                OTG_FS_IRQHandler
                0x0000000008003fd8                SPI3_IRQHandler
                0x0000000008003fd8                DMA1_Stream4_IRQHandler
                0x0000000008003fd8                I2C1_ER_IRQHandler
                0x0000000008003fd8                DMA2_Stream6_IRQHandler
 *fill*         0x0000000008003fda        0x2 
 .text.HAL_InitTick
                0x0000000008003fdc       0x48 ./Drivers/STM32F4xx_HAL_Driver/Src/stm32f4xx_hal.o
                0x0000000008003fdc                HAL_InitTick
 .text.HAL_Init
                0x0000000008004024       0x34 ./Drivers/STM32F4xx_HAL_Driver/Src/stm32f4xx_hal.o
                0x0000000008004024                HAL_Init
 .text.HAL_IncTick
                0x0000000008004058       0x18 ./Drivers/STM32F4xx_HAL_Driver/Src/stm32f4xx_hal.o
                0x0000000008004058                HAL_IncTick
 .text.HAL_GetTick
                0x0000000008004070        0xc ./Drivers/STM32F4xx_HAL_Driver/Src/stm32f4xx_hal.o
                0x0000000008004070                HAL_GetTick
 .text.HAL_Delay
                0x000000000800407c       0x28 ./Drivers/STM32F4xx_HAL_Driver/Src/stm32f4xx_hal.o
                0x000000000800407c                HAL_Delay
 .text.HAL_ADC_Init
                0x00000000080040a4      0x14c ./Drivers/STM32F4xx_HAL_Driver/Src/stm32f4xx_hal_adc.o
                0x00000000080040a4                HAL_ADC_Init
 .text.HAL_ADC_Start
                0x00000000080041f0      0x114 ./Drivers/STM32F4xx_HAL_Driver/Src/stm32f4xx_hal_adc.o
                0x00000000080041f0                HAL_ADC_Start
 .text.HAL_ADC_Stop
                0x0000000008004304       0x36 ./Drivers/STM32F4xx_HAL_Driver/Src/stm32f4xx_hal_adc.o
                0x0000000008004304                HAL_ADC_Stop
 .text.HAL_ADC_PollForConversion
                0x000000000800433a       0xa6 ./Drivers/STM32F4xx_HAL_Driver/Src/stm32f4xx_hal_adc.o
                0x000000000800433a                HAL_ADC_PollForConversion
 .text.HAL_ADC_GetValue
                0x00000000080043e0        0x6 ./Drivers/STM32F4xx_HAL_Driver/Src/stm32f4xx_hal_adc.o
                0x00000000080043e0                HAL_ADC_GetValue
 *fill*         0x00000000080043e6        0x2 
 .text.HAL_ADC_ConfigChannel
                0x00000000080043e8      0x120 ./Drivers/STM32F4xx_HAL_Driver/Src/stm32f4xx_hal_adc.o
                0x00000000080043e8                HAL_ADC_ConfigChannel
 .text.HAL_NVIC_SetPriorityGrouping
                0x0000000008004508       0x24 ./Drivers/STM32F4xx_HAL_Driver/Src/stm32f4xx_hal_cortex.o
                0x0000000008004508                HAL_NVIC_SetPriorityGrouping
 .text.HAL_NVIC_SetPriority
                0x000000000800452c       0x64 ./Drivers/STM32F4xx_HAL_Driver/Src/stm32f4xx_hal_cortex.o
                0x000000000800452c                HAL_NVIC_SetPriority
 .text.HAL_NVIC_EnableIRQ
                0x0000000008004590       0x1c ./Drivers/STM32F4xx_HAL_Driver/Src/stm32f4xx_hal_cortex.o
                0x0000000008004590                HAL_NVIC_EnableIRQ
 .text.HAL_SYSTICK_Config
                0x00000000080045ac       0x28 ./Drivers/STM32F4xx_HAL_Driver/Src/stm32f4xx_hal_cortex.o
                0x00000000080045ac                HAL_SYSTICK_Config
 .text.DMA_CalcBaseAndBitshift
                0x00000000080045d4       0x2c ./Drivers/STM32F4xx_HAL_Driver/Src/stm32f4xx_hal_dma.o
 .text.HAL_DMA_Init
                0x0000000008004600       0xfc ./Drivers/STM32F4xx_HAL_Driver/Src/stm32f4xx_hal_dma.o
                0x0000000008004600                HAL_DMA_Init
 .text.HAL_DMA_Start_IT
                0x00000000080046fc       0x74 ./Drivers/STM32F4xx_HAL_Driver/Src/stm32f4xx_hal_dma.o
                0x00000000080046fc                HAL_DMA_Start_IT
 .text.HAL_DMA_Abort
                0x0000000008004770       0x7e ./Drivers/STM32F4xx_HAL_Driver/Src/stm32f4xx_hal_dma.o
                0x0000000008004770                HAL_DMA_Abort
 .text.HAL_DMA_Abort_IT
                0x00000000080047ee       0x24 ./Drivers/STM32F4xx_HAL_Driver/Src/stm32f4xx_hal_dma.o
                0x00000000080047ee                HAL_DMA_Abort_IT
 *fill*         0x0000000008004812        0x2 
 .text.HAL_DMA_IRQHandler
                0x0000000008004814      0x17c ./Drivers/STM32F4xx_HAL_Driver/Src/stm32f4xx_hal_dma.o
                0x0000000008004814                HAL_DMA_IRQHandler
 .text.HAL_GPIO_Init
                0x0000000008004990      0x1b4 ./Drivers/STM32F4xx_HAL_Driver/Src/stm32f4xx_hal_gpio.o
                0x0000000008004990                HAL_GPIO_Init
 .text.HAL_GPIO_WritePin
                0x0000000008004b44        0xa ./Drivers/STM32F4xx_HAL_Driver/Src/stm32f4xx_hal_gpio.o
                0x0000000008004b44                HAL_GPIO_WritePin
 *fill*         0x0000000008004b4e        0x2 
 .text.HAL_GPIO_EXTI_IRQHandler
                0x0000000008004b50       0x18 ./Drivers/STM32F4xx_HAL_Driver/Src/stm32f4xx_hal_gpio.o
                0x0000000008004b50                HAL_GPIO_EXTI_IRQHandler
 .text.I2C_IsAcknowledgeFailed
                0x0000000008004b68       0x34 ./Drivers/STM32F4xx_HAL_Driver/Src/stm32f4xx_hal_i2c.o
 .text.I2C_WaitOnFlagUntilTimeout
                0x0000000008004b9c       0x64 ./Drivers/STM32F4xx_HAL_Driver/Src/stm32f4xx_hal_i2c.o
 .text.I2C_WaitOnMasterAddressFlagUntilTimeout
                0x0000000008004c00       0x76 ./Drivers/STM32F4xx_HAL_Driver/Src/stm32f4xx_hal_i2c.o
 .text.I2C_WaitOnRXNEFlagUntilTimeout
                0x0000000008004c76       0x5e ./Drivers/STM32F4xx_HAL_Driver/Src/stm32f4xx_hal_i2c.o
 .text.I2C_WaitOnTXEFlagUntilTimeout
                0x0000000008004cd4       0x4c ./Drivers/STM32F4xx_HAL_Driver/Src/stm32f4xx_hal_i2c.o
 .text.I2C_RequestMemoryWrite
                0x0000000008004d20       0xb0 ./Drivers/STM32F4xx_HAL_Driver/Src/stm32f4xx_hal_i2c.o
 .text.I2C_RequestMemoryRead
                0x0000000008004dd0      0x104 ./Drivers/STM32F4xx_HAL_Driver/Src/stm32f4xx_hal_i2c.o
 .text.I2C_WaitOnBTFFlagUntilTimeout
                0x0000000008004ed4       0x4c ./Drivers/STM32F4xx_HAL_Driver/Src/stm32f4xx_hal_i2c.o
 .text.HAL_I2C_Init
                0x0000000008004f20      0x150 ./Drivers/STM32F4xx_HAL_Driver/Src/stm32f4xx_hal_i2c.o
                0x0000000008004f20                HAL_I2C_Init
 .text.HAL_I2C_Mem_Write
                0x0000000008005070      0x120 ./Drivers/STM32F4xx_HAL_Driver/Src/stm32f4xx_hal_i2c.o
                0x0000000008005070                HAL_I2C_Mem_Write
 .text.HAL_I2C_Mem_Read
                0x0000000008005190      0x210 ./Drivers/STM32F4xx_HAL_Driver/Src/stm32f4xx_hal_i2c.o
                0x0000000008005190                HAL_I2C_Mem_Read
 .text.HAL_I2C_IsDeviceReady
                0x00000000080053a0      0x160 ./Drivers/STM32F4xx_HAL_Driver/Src/stm32f4xx_hal_i2c.o
                0x00000000080053a0                HAL_I2C_IsDeviceReady
 .text.HAL_PWR_EnableBkUpAccess
                0x0000000008005500       0x1c ./Drivers/STM32F4xx_HAL_Driver/Src/stm32f4xx_hal_pwr.o
                0x0000000008005500                HAL_PWR_EnableBkUpAccess
 .text.HAL_PWR_DisableBkUpAccess
                0x000000000800551c       0x1c ./Drivers/STM32F4xx_HAL_Driver/Src/stm32f4xx_hal_pwr.o
                0x000000000800551c                HAL_PWR_DisableBkUpAccess
 .text.HAL_RCC_OscConfig
                0x0000000008005538      0x358 ./Drivers/STM32F4xx_HAL_Driver/Src/stm32f4xx_hal_rcc.o
                0x0000000008005538                HAL_RCC_OscConfig
 .text.HAL_RCC_GetSysClockFreq
                0x0000000008005890       0x5c ./Drivers/STM32F4xx_HAL_Driver/Src/stm32f4xx_hal_rcc.o
                0x0000000008005890                HAL_RCC_GetSysClockFreq
 .text.HAL_RCC_ClockConfig
                0x00000000080058ec      0x134 ./Drivers/STM32F4xx_HAL_Driver/Src/stm32f4xx_hal_rcc.o
                0x00000000080058ec                HAL_RCC_ClockConfig
 .text.HAL_RCC_GetPCLK1Freq
                0x0000000008005a20       0x20 ./Drivers/STM32F4xx_HAL_Driver/Src/stm32f4xx_hal_rcc.o
                0x0000000008005a20                HAL_RCC_GetPCLK1Freq
 .text.HAL_RCC_GetPCLK2Freq
                0x0000000008005a40       0x20 ./Drivers/STM32F4xx_HAL_Driver/Src/stm32f4xx_hal_rcc.o
                0x0000000008005a40                HAL_RCC_GetPCLK2Freq
 .text.TIM_OC1_SetConfig
                0x0000000008005a60       0x64 ./Drivers/STM32F4xx_HAL_Driver/Src/stm32f4xx_hal_tim.o
 .text.TIM_OC3_SetConfig
                0x0000000008005ac4       0x6c ./Drivers/STM32F4xx_HAL_Driver/Src/stm32f4xx_hal_tim.o
 .text.TIM_OC4_SetConfig
                0x0000000008005b30       0x4c ./Drivers/STM32F4xx_HAL_Driver/Src/stm32f4xx_hal_tim.o
 .text.HAL_TIM_PWM_MspInit
                0x0000000008005b7c        0x2 ./Drivers/STM32F4xx_HAL_Driver/Src/stm32f4xx_hal_tim.o
                0x0000000008005b7c                HAL_TIM_PWM_MspInit
 .text.HAL_TIM_IC_MspInit
                0x0000000008005b7e        0x2 ./Drivers/STM32F4xx_HAL_Driver/Src/stm32f4xx_hal_tim.o
                0x0000000008005b7e                HAL_TIM_IC_MspInit
 .text.HAL_TIM_Encoder_Start
                0x0000000008005b80       0xb2 ./Drivers/STM32F4xx_HAL_Driver/Src/stm32f4xx_hal_tim.o
                0x0000000008005b80                HAL_TIM_Encoder_Start
 .text.HAL_TIM_ReadCapturedValue
                0x0000000008005c32       0x2c ./Drivers/STM32F4xx_HAL_Driver/Src/stm32f4xx_hal_tim.o
                0x0000000008005c32                HAL_TIM_ReadCapturedValue
 .text.HAL_TIM_PeriodElapsedCallback
                0x0000000008005c5e        0x2 ./Drivers/STM32F4xx_HAL_Driver/Src/stm32f4xx_hal_tim.o
                0x0000000008005c5e                HAL_TIM_PeriodElapsedCallback
 .text.HAL_TIM_OC_DelayElapsedCallback
                0x0000000008005c60        0x2 ./Drivers/STM32F4xx_HAL_Driver/Src/stm32f4xx_hal_tim.o
                0x0000000008005c60                HAL_TIM_OC_DelayElapsedCallback
 .text.HAL_TIM_PWM_PulseFinishedCallback
                0x0000000008005c62        0x2 ./Drivers/STM32F4xx_HAL_Driver/Src/stm32f4xx_hal_tim.o
                0x0000000008005c62                HAL_TIM_PWM_PulseFinishedCallback
 .text.HAL_TIM_TriggerCallback
                0x0000000008005c64        0x2 ./Drivers/STM32F4xx_HAL_Driver/Src/stm32f4xx_hal_tim.o
                0x0000000008005c64                HAL_TIM_TriggerCallback
 .text.HAL_TIM_IRQHandler
                0x0000000008005c66      0x144 ./Drivers/STM32F4xx_HAL_Driver/Src/stm32f4xx_hal_tim.o
                0x0000000008005c66                HAL_TIM_IRQHandler
 *fill*         0x0000000008005daa        0x2 
 .text.TIM_Base_SetConfig
                0x0000000008005dac       0xcc ./Drivers/STM32F4xx_HAL_Driver/Src/stm32f4xx_hal_tim.o
                0x0000000008005dac                TIM_Base_SetConfig
 .text.HAL_TIM_Base_Init
                0x0000000008005e78       0x58 ./Drivers/STM32F4xx_HAL_Driver/Src/stm32f4xx_hal_tim.o
                0x0000000008005e78                HAL_TIM_Base_Init
 .text.HAL_TIM_PWM_Init
                0x0000000008005ed0       0x58 ./Drivers/STM32F4xx_HAL_Driver/Src/stm32f4xx_hal_tim.o
                0x0000000008005ed0                HAL_TIM_PWM_Init
 .text.HAL_TIM_IC_Init
                0x0000000008005f28       0x58 ./Drivers/STM32F4xx_HAL_Driver/Src/stm32f4xx_hal_tim.o
                0x0000000008005f28                HAL_TIM_IC_Init
 .text.HAL_TIM_Encoder_Init
                0x0000000008005f80       0xa8 ./Drivers/STM32F4xx_HAL_Driver/Src/stm32f4xx_hal_tim.o
                0x0000000008005f80                HAL_TIM_Encoder_Init
 .text.TIM_OC2_SetConfig
                0x0000000008006028       0x6c ./Drivers/STM32F4xx_HAL_Driver/Src/stm32f4xx_hal_tim.o
                0x0000000008006028                TIM_OC2_SetConfig
 .text.HAL_TIM_PWM_ConfigChannel
                0x0000000008006094       0xb2 ./Drivers/STM32F4xx_HAL_Driver/Src/stm32f4xx_hal_tim.o
                0x0000000008006094                HAL_TIM_PWM_ConfigChannel
 *fill*         0x0000000008006146        0x2 
 .text.TIM_TI1_SetConfig
                0x0000000008006148       0x74 ./Drivers/STM32F4xx_HAL_Driver/Src/stm32f4xx_hal_tim.o
                0x0000000008006148                TIM_TI1_SetConfig
 .text.HAL_TIM_IC_ConfigChannel
                0x00000000080061bc      0x12a ./Drivers/STM32F4xx_HAL_Driver/Src/stm32f4xx_hal_tim.o
                0x00000000080061bc                HAL_TIM_IC_ConfigChannel
 .text.TIM_ETR_SetConfig
                0x00000000080062e6       0x14 ./Drivers/STM32F4xx_HAL_Driver/Src/stm32f4xx_hal_tim.o
                0x00000000080062e6                TIM_ETR_SetConfig
 .text.HAL_TIM_ConfigClockSource
                0x00000000080062fa      0x132 ./Drivers/STM32F4xx_HAL_Driver/Src/stm32f4xx_hal_tim.o
                0x00000000080062fa                HAL_TIM_ConfigClockSource
 .text.TIM_CCxChannelCmd
                0x000000000800642c       0x1c ./Drivers/STM32F4xx_HAL_Driver/Src/stm32f4xx_hal_tim.o
                0x000000000800642c                TIM_CCxChannelCmd
 .text.HAL_TIM_OC_Start
                0x0000000008006448       0xcc ./Drivers/STM32F4xx_HAL_Driver/Src/stm32f4xx_hal_tim.o
                0x0000000008006448                HAL_TIM_OC_Start
 .text.HAL_TIM_PWM_Start
                0x0000000008006514        0x4 ./Drivers/STM32F4xx_HAL_Driver/Src/stm32f4xx_hal_tim.o
                0x0000000008006514                HAL_TIM_PWM_Start
 .text.HAL_TIM_IC_Stop_IT
                0x0000000008006518       0x9c ./Drivers/STM32F4xx_HAL_Driver/Src/stm32f4xx_hal_tim.o
                0x0000000008006518                HAL_TIM_IC_Stop_IT
 .text.HAL_TIMEx_MasterConfigSynchronization
                0x00000000080065b4       0x7c ./Drivers/STM32F4xx_HAL_Driver/Src/stm32f4xx_hal_tim_ex.o
                0x00000000080065b4                HAL_TIMEx_MasterConfigSynchronization
 .text.HAL_TIMEx_CommutCallback
                0x0000000008006630        0x2 ./Drivers/STM32F4xx_HAL_Driver/Src/stm32f4xx_hal_tim_ex.o
                0x0000000008006630                HAL_TIMEx_CommutCallback
 .text.HAL_TIMEx_BreakCallback
                0x0000000008006632        0x2 ./Drivers/STM32F4xx_HAL_Driver/Src/stm32f4xx_hal_tim_ex.o
                0x0000000008006632                HAL_TIMEx_BreakCallback
 .text.UART_EndRxTransfer
                0x0000000008006634       0x5c ./Drivers/STM32F4xx_HAL_Driver/Src/stm32f4xx_hal_uart.o
 .text.UART_SetConfig
                0x0000000008006690       0xbc ./Drivers/STM32F4xx_HAL_Driver/Src/stm32f4xx_hal_uart.o
 .text.UART_WaitOnFlagUntilTimeout.constprop.0
                0x000000000800674c       0x6c ./Drivers/STM32F4xx_HAL_Driver/Src/stm32f4xx_hal_uart.o
 .text.HAL_UART_Init
                0x00000000080067b8       0x5c ./Drivers/STM32F4xx_HAL_Driver/Src/stm32f4xx_hal_uart.o
                0x00000000080067b8                HAL_UART_Init
 .text.HAL_UART_Transmit
                0x0000000008006814       0xaa ./Drivers/STM32F4xx_HAL_Driver/Src/stm32f4xx_hal_uart.o
                0x0000000008006814                HAL_UART_Transmit
 .text.HAL_UART_DMAStop
                0x00000000080068be       0x8c ./Drivers/STM32F4xx_HAL_Driver/Src/stm32f4xx_hal_uart.o
                0x00000000080068be                HAL_UART_DMAStop
 .text.HAL_UART_TxCpltCallback
                0x000000000800694a        0x2 ./Drivers/STM32F4xx_HAL_Driver/Src/stm32f4xx_hal_uart.o
                0x000000000800694a                HAL_UART_TxCpltCallback
 .text.HAL_UART_RxHalfCpltCallback
                0x000000000800694c        0x2 ./Drivers/STM32F4xx_HAL_Driver/Src/stm32f4xx_hal_uart.o
                0x000000000800694c                HAL_UART_RxHalfCpltCallback
 .text.HAL_UART_ErrorCallback
                0x000000000800694e        0x2 ./Drivers/STM32F4xx_HAL_Driver/Src/stm32f4xx_hal_uart.o
                0x000000000800694e                HAL_UART_ErrorCallback
 .text.UART_DMAError
                0x0000000008006950       0x5a ./Drivers/STM32F4xx_HAL_Driver/Src/stm32f4xx_hal_uart.o
 .text.UART_DMAAbortOnError
                0x00000000080069aa       0x10 ./Drivers/STM32F4xx_HAL_Driver/Src/stm32f4xx_hal_uart.o
 .text.HAL_UARTEx_RxEventCallback
                0x00000000080069ba        0x2 ./Drivers/STM32F4xx_HAL_Driver/Src/stm32f4xx_hal_uart.o
                0x00000000080069ba                HAL_UARTEx_RxEventCallback
 .text.UART_DMARxHalfCplt
                0x00000000080069bc       0x1a ./Drivers/STM32F4xx_HAL_Driver/Src/stm32f4xx_hal_uart.o
 .text.UART_DMAReceiveCplt
                0x00000000080069d6       0x94 ./Drivers/STM32F4xx_HAL_Driver/Src/stm32f4xx_hal_uart.o
 .text.UART_Receive_IT.isra.0
                0x0000000008006a6a       0xb4 ./Drivers/STM32F4xx_HAL_Driver/Src/stm32f4xx_hal_uart.o
 *fill*         0x0000000008006b1e        0x2 
 .text.HAL_UART_IRQHandler
                0x0000000008006b20      0x28c ./Drivers/STM32F4xx_HAL_Driver/Src/stm32f4xx_hal_uart.o
                0x0000000008006b20                HAL_UART_IRQHandler
 .text.UART_Start_Receive_DMA
                0x0000000008006dac       0x9c ./Drivers/STM32F4xx_HAL_Driver/Src/stm32f4xx_hal_uart.o
                0x0000000008006dac                UART_Start_Receive_DMA
 .text.HAL_UART_Receive_DMA
                0x0000000008006e48       0x30 ./Drivers/STM32F4xx_HAL_Driver/Src/stm32f4xx_hal_uart.o
                0x0000000008006e48                HAL_UART_Receive_DMA
 .text.osKernelInitialize
                0x0000000008006e78       0x24 ./Middlewares/Third_Party/FreeRTOS/Source/CMSIS_RTOS_V2/cmsis_os2.o
                0x0000000008006e78                osKernelInitialize
 .text.osKernelStart
                0x0000000008006e9c       0x34 ./Middlewares/Third_Party/FreeRTOS/Source/CMSIS_RTOS_V2/cmsis_os2.o
                0x0000000008006e9c                osKernelStart
 .text.osThreadNew
                0x0000000008006ed0       0x8e ./Middlewares/Third_Party/FreeRTOS/Source/CMSIS_RTOS_V2/cmsis_os2.o
                0x0000000008006ed0                osThreadNew
 .text.osThreadYield
                0x0000000008006f5e       0x22 ./Middlewares/Third_Party/FreeRTOS/Source/CMSIS_RTOS_V2/cmsis_os2.o
                0x0000000008006f5e                osThreadYield
 .text.osDelay  0x0000000008006f80       0x18 ./Middlewares/Third_Party/FreeRTOS/Source/CMSIS_RTOS_V2/cmsis_os2.o
                0x0000000008006f80                osDelay
 .text.osSemaphoreGetCount
                0x0000000008006f98       0x12 ./Middlewares/Third_Party/FreeRTOS/Source/CMSIS_RTOS_V2/cmsis_os2.o
                0x0000000008006f98                osSemaphoreGetCount
 .text.osMessageQueueNew
                0x0000000008006faa       0x76 ./Middlewares/Third_Party/FreeRTOS/Source/CMSIS_RTOS_V2/cmsis_os2.o
                0x0000000008006faa                osMessageQueueNew
 .text.osMessageQueuePut
                0x0000000008007020       0x60 ./Middlewares/Third_Party/FreeRTOS/Source/CMSIS_RTOS_V2/cmsis_os2.o
                0x0000000008007020                osMessageQueuePut
 .text.osMessageQueueGet
                0x0000000008007080       0x5e ./Middlewares/Third_Party/FreeRTOS/Source/CMSIS_RTOS_V2/cmsis_os2.o
                0x0000000008007080                osMessageQueueGet
 .text.osMessageQueueGetCount
                0x00000000080070de        0x4 ./Middlewares/Third_Party/FreeRTOS/Source/CMSIS_RTOS_V2/cmsis_os2.o
                0x00000000080070de                osMessageQueueGetCount
 .text.osMessageQueueReset
                0x00000000080070e2       0x20 ./Middlewares/Third_Party/FreeRTOS/Source/CMSIS_RTOS_V2/cmsis_os2.o
                0x00000000080070e2                osMessageQueueReset
 *fill*         0x0000000008007102        0x2 
 .text.vApplicationGetIdleTaskMemory
                0x0000000008007104       0x18 ./Middlewares/Third_Party/FreeRTOS/Source/CMSIS_RTOS_V2/cmsis_os2.o
                0x0000000008007104                vApplicationGetIdleTaskMemory
 .text.vApplicationGetTimerTaskMemory
                0x000000000800711c       0x18 ./Middlewares/Third_Party/FreeRTOS/Source/CMSIS_RTOS_V2/cmsis_os2.o
                0x000000000800711c                vApplicationGetTimerTaskMemory
 .text.vListInitialise
                0x0000000008007134       0x16 ./Middlewares/Third_Party/FreeRTOS/Source/list.o
                0x0000000008007134                vListInitialise
 .text.vListInitialiseItem
                0x000000000800714a        0x6 ./Middlewares/Third_Party/FreeRTOS/Source/list.o
                0x000000000800714a                vListInitialiseItem
 .text.vListInsertEnd
                0x0000000008007150       0x18 ./Middlewares/Third_Party/FreeRTOS/Source/list.o
                0x0000000008007150                vListInsertEnd
 .text.vListInsert
                0x0000000008007168       0x2e ./Middlewares/Third_Party/FreeRTOS/Source/list.o
                0x0000000008007168                vListInsert
 .text.uxListRemove
                0x0000000008007196       0x20 ./Middlewares/Third_Party/FreeRTOS/Source/list.o
                0x0000000008007196                uxListRemove
 .text.prvIsQueueEmpty
                0x00000000080071b6       0x16 ./Middlewares/Third_Party/FreeRTOS/Source/queue.o
 .text.prvCopyDataToQueue
                0x00000000080071cc       0x6a ./Middlewares/Third_Party/FreeRTOS/Source/queue.o
 .text.prvCopyDataFromQueue
                0x0000000008007236       0x2c ./Middlewares/Third_Party/FreeRTOS/Source/queue.o
 .text.prvUnlockQueue
                0x0000000008007262       0x70 ./Middlewares/Third_Party/FreeRTOS/Source/queue.o
 .text.xQueueGenericReset
                0x00000000080072d2       0x7e ./Middlewares/Third_Party/FreeRTOS/Source/queue.o
                0x00000000080072d2                xQueueGenericReset
 .text.xQueueGenericCreateStatic
                0x0000000008007350       0x9c ./Middlewares/Third_Party/FreeRTOS/Source/queue.o
                0x0000000008007350                xQueueGenericCreateStatic
 .text.xQueueGenericCreate
                0x00000000080073ec       0x4e ./Middlewares/Third_Party/FreeRTOS/Source/queue.o
                0x00000000080073ec                xQueueGenericCreate
 .text.xQueueGenericSend
                0x000000000800743a      0x166 ./Middlewares/Third_Party/FreeRTOS/Source/queue.o
                0x000000000800743a                xQueueGenericSend
 .text.xQueueGenericSendFromISR
                0x00000000080075a0       0xc4 ./Middlewares/Third_Party/FreeRTOS/Source/queue.o
                0x00000000080075a0                xQueueGenericSendFromISR
 .text.xQueueReceive
                0x0000000008007664      0x13e ./Middlewares/Third_Party/FreeRTOS/Source/queue.o
                0x0000000008007664                xQueueReceive
 .text.xQueueReceiveFromISR
                0x00000000080077a2       0x9e ./Middlewares/Third_Party/FreeRTOS/Source/queue.o
                0x00000000080077a2                xQueueReceiveFromISR
 .text.uxQueueMessagesWaiting
                0x0000000008007840       0x2a ./Middlewares/Third_Party/FreeRTOS/Source/queue.o
                0x0000000008007840                uxQueueMessagesWaiting
 .text.uxQueueMessagesWaitingFromISR
                0x000000000800786a       0x18 ./Middlewares/Third_Party/FreeRTOS/Source/queue.o
                0x000000000800786a                uxQueueMessagesWaitingFromISR
 *fill*         0x0000000008007882        0x2 
 .text.vQueueAddToRegistry
                0x0000000008007884       0x24 ./Middlewares/Third_Party/FreeRTOS/Source/queue.o
                0x0000000008007884                vQueueAddToRegistry
 .text.vQueueWaitForMessageRestricted
                0x00000000080078a8       0x46 ./Middlewares/Third_Party/FreeRTOS/Source/queue.o
                0x00000000080078a8                vQueueWaitForMessageRestricted
 *fill*         0x00000000080078ee        0x2 
 .text.prvAddNewTaskToReadyList
                0x00000000080078f0      0x100 ./Middlewares/Third_Party/FreeRTOS/Source/tasks.o
 .text.prvAddCurrentTaskToDelayedList
                0x00000000080079f0       0x70 ./Middlewares/Third_Party/FreeRTOS/Source/tasks.o
 .text.prvResetNextTaskUnblockTime
                0x0000000008007a60       0x24 ./Middlewares/Third_Party/FreeRTOS/Source/tasks.o
 .text.prvDeleteTCB
                0x0000000008007a84       0x36 ./Middlewares/Third_Party/FreeRTOS/Source/tasks.o
 *fill*         0x0000000008007aba        0x2 
 .text.prvIdleTask
                0x0000000008007abc       0x60 ./Middlewares/Third_Party/FreeRTOS/Source/tasks.o
 .text.prvInitialiseNewTask.constprop.0
                0x0000000008007b1c       0x9a ./Middlewares/Third_Party/FreeRTOS/Source/tasks.o
 .text.xTaskCreateStatic
                0x0000000008007bb6       0x70 ./Middlewares/Third_Party/FreeRTOS/Source/tasks.o
                0x0000000008007bb6                xTaskCreateStatic
 .text.xTaskCreate
                0x0000000008007c26       0x5a ./Middlewares/Third_Party/FreeRTOS/Source/tasks.o
                0x0000000008007c26                xTaskCreate
 .text.vTaskStartScheduler
                0x0000000008007c80       0x8c ./Middlewares/Third_Party/FreeRTOS/Source/tasks.o
                0x0000000008007c80                vTaskStartScheduler
 .text.vTaskSuspendAll
                0x0000000008007d0c       0x10 ./Middlewares/Third_Party/FreeRTOS/Source/tasks.o
                0x0000000008007d0c                vTaskSuspendAll
 .text.xTaskGetTickCount
                0x0000000008007d1c        0xc ./Middlewares/Third_Party/FreeRTOS/Source/tasks.o
                0x0000000008007d1c                xTaskGetTickCount
 .text.xTaskIncrementTick
                0x0000000008007d28      0x12c ./Middlewares/Third_Party/FreeRTOS/Source/tasks.o
                0x0000000008007d28                xTaskIncrementTick
 .text.xTaskResumeAll
                0x0000000008007e54       0xe8 ./Middlewares/Third_Party/FreeRTOS/Source/tasks.o
                0x0000000008007e54                xTaskResumeAll
 .text.vTaskDelay
                0x0000000008007f3c       0x48 ./Middlewares/Third_Party/FreeRTOS/Source/tasks.o
                0x0000000008007f3c                vTaskDelay
 .text.vTaskSwitchContext
                0x0000000008007f84       0x74 ./Middlewares/Third_Party/FreeRTOS/Source/tasks.o
                0x0000000008007f84                vTaskSwitchContext
 .text.vTaskPlaceOnEventList
                0x0000000008007ff8       0x34 ./Middlewares/Third_Party/FreeRTOS/Source/tasks.o
                0x0000000008007ff8                vTaskPlaceOnEventList
 .text.vTaskPlaceOnEventListRestricted
                0x000000000800802c       0x3c ./Middlewares/Third_Party/FreeRTOS/Source/tasks.o
                0x000000000800802c                vTaskPlaceOnEventListRestricted
 .text.xTaskRemoveFromEventList
                0x0000000008008068       0x88 ./Middlewares/Third_Party/FreeRTOS/Source/tasks.o
                0x0000000008008068                xTaskRemoveFromEventList
 .text.vTaskInternalSetTimeOutState
                0x00000000080080f0       0x18 ./Middlewares/Third_Party/FreeRTOS/Source/tasks.o
                0x00000000080080f0                vTaskInternalSetTimeOutState
 .text.xTaskCheckForTimeOut
                0x0000000008008108       0x78 ./Middlewares/Third_Party/FreeRTOS/Source/tasks.o
                0x0000000008008108                xTaskCheckForTimeOut
 .text.vTaskMissedYield
                0x0000000008008180        0xc ./Middlewares/Third_Party/FreeRTOS/Source/tasks.o
                0x0000000008008180                vTaskMissedYield
 .text.xTaskGetSchedulerState
                0x000000000800818c       0x20 ./Middlewares/Third_Party/FreeRTOS/Source/tasks.o
                0x000000000800818c                xTaskGetSchedulerState
 .text.xTaskPriorityDisinherit
                0x00000000080081ac       0x88 ./Middlewares/Third_Party/FreeRTOS/Source/tasks.o
                0x00000000080081ac                xTaskPriorityDisinherit
 .text.prvCheckForValidListAndQueue
                0x0000000008008234       0x68 ./Middlewares/Third_Party/FreeRTOS/Source/timers.o
 .text.prvInsertTimerInActiveList
                0x000000000800829c       0x3c ./Middlewares/Third_Party/FreeRTOS/Source/timers.o
 .text.xTimerCreateTimerTask
                0x00000000080082d8       0x64 ./Middlewares/Third_Party/FreeRTOS/Source/timers.o
                0x00000000080082d8                xTimerCreateTimerTask
 .text.xTimerGenericCommand
                0x000000000800833c       0x58 ./Middlewares/Third_Party/FreeRTOS/Source/timers.o
                0x000000000800833c                xTimerGenericCommand
 .text.prvSampleTimeNow
                0x0000000008008394       0xac ./Middlewares/Third_Party/FreeRTOS/Source/timers.o
 .text.prvTimerTask
                0x0000000008008440      0x1cc ./Middlewares/Third_Party/FreeRTOS/Source/timers.o
 .text.prvPortStartFirstTask
                0x000000000800860c       0x28 ./Middlewares/Third_Party/FreeRTOS/Source/portable/GCC/ARM_CM4F/port.o
 .text.vPortEnableVFP
                0x0000000008008634       0x14 ./Middlewares/Third_Party/FreeRTOS/Source/portable/GCC/ARM_CM4F/port.o
 .text.prvTaskExitError
                0x0000000008008648       0x40 ./Middlewares/Third_Party/FreeRTOS/Source/portable/GCC/ARM_CM4F/port.o
 .text.pxPortInitialiseStack
                0x0000000008008688       0x2c ./Middlewares/Third_Party/FreeRTOS/Source/portable/GCC/ARM_CM4F/port.o
                0x0000000008008688                pxPortInitialiseStack
 *fill*         0x00000000080086b4        0xc 
 .text.SVC_Handler
                0x00000000080086c0       0x24 ./Middlewares/Third_Party/FreeRTOS/Source/portable/GCC/ARM_CM4F/port.o
                0x00000000080086c0                SVC_Handler
 .text.vPortEnterCritical
                0x00000000080086e4       0x40 ./Middlewares/Third_Party/FreeRTOS/Source/portable/GCC/ARM_CM4F/port.o
                0x00000000080086e4                vPortEnterCritical
 .text.vPortExitCritical
                0x0000000008008724       0x28 ./Middlewares/Third_Party/FreeRTOS/Source/portable/GCC/ARM_CM4F/port.o
                0x0000000008008724                vPortExitCritical
 *fill*         0x000000000800874c        0x4 
 .text.PendSV_Handler
                0x0000000008008750       0x64 ./Middlewares/Third_Party/FreeRTOS/Source/portable/GCC/ARM_CM4F/port.o
                0x0000000008008750                PendSV_Handler
 .text.xPortSysTickHandler
                0x00000000080087b4       0x2c ./Middlewares/Third_Party/FreeRTOS/Source/portable/GCC/ARM_CM4F/port.o
                0x00000000080087b4                xPortSysTickHandler
 .text.vPortSetupTimerInterrupt
                0x00000000080087e0       0x24 ./Middlewares/Third_Party/FreeRTOS/Source/portable/GCC/ARM_CM4F/port.o
                0x00000000080087e0                vPortSetupTimerInterrupt
 .text.xPortStartScheduler
                0x0000000008008804      0x10c ./Middlewares/Third_Party/FreeRTOS/Source/portable/GCC/ARM_CM4F/port.o
                0x0000000008008804                xPortStartScheduler
 .text.vPortValidateInterruptPriority
                0x0000000008008910       0x5c ./Middlewares/Third_Party/FreeRTOS/Source/portable/GCC/ARM_CM4F/port.o
                0x0000000008008910                vPortValidateInterruptPriority
 .text.prvInsertBlockIntoFreeList
                0x000000000800896c       0x4c ./Middlewares/Third_Party/FreeRTOS/Source/portable/MemMang/heap_4.o
 .text.pvPortMalloc
                0x00000000080089b8      0x130 ./Middlewares/Third_Party/FreeRTOS/Source/portable/MemMang/heap_4.o
                0x00000000080089b8                pvPortMalloc
 .text.vPortFree
                0x0000000008008ae8       0x7c ./Middlewares/Third_Party/FreeRTOS/Source/portable/MemMang/heap_4.o
                0x0000000008008ae8                vPortFree
 .text._Znwj    0x0000000008008b64       0x22 C:/ST/STM32CubeIDE_1.13.0/STM32CubeIDE/plugins/com.st.stm32cube.ide.mcu.externaltools.gnu-tools-for-stm32.11.3.rel1.win32_1.1.0.202305231506/tools/bin/../lib/gcc/arm-none-eabi/11.3.1/../../../../arm-none-eabi/lib/thumb/v7e-m+fp/hard\libstdc++_nano.a(new_op.o)
                0x0000000008008b64                operator new(unsigned int)
 *fill*         0x0000000008008b86        0x2 
 .text._ZSt15get_new_handlerv
                0x0000000008008b88       0x10 C:/ST/STM32CubeIDE_1.13.0/STM32CubeIDE/plugins/com.st.stm32cube.ide.mcu.externaltools.gnu-tools-for-stm32.11.3.rel1.win32_1.1.0.202305231506/tools/bin/../lib/gcc/arm-none-eabi/11.3.1/../../../../arm-none-eabi/lib/thumb/v7e-m+fp/hard\libstdc++_nano.a(new_handler.o)
                0x0000000008008b88                std::get_new_handler()
 .text.fmod     0x0000000008008b98       0x5c C:/ST/STM32CubeIDE_1.13.0/STM32CubeIDE/plugins/com.st.stm32cube.ide.mcu.externaltools.gnu-tools-for-stm32.11.3.rel1.win32_1.1.0.202305231506/tools/bin/../lib/gcc/arm-none-eabi/11.3.1/../../../../arm-none-eabi/lib/thumb/v7e-m+fp/hard\libm.a(libm_a-w_fmod.o)
                0x0000000008008b98                fmod
 .text.sqrt     0x0000000008008bf4       0x58 C:/ST/STM32CubeIDE_1.13.0/STM32CubeIDE/plugins/com.st.stm32cube.ide.mcu.externaltools.gnu-tools-for-stm32.11.3.rel1.win32_1.1.0.202305231506/tools/bin/../lib/gcc/arm-none-eabi/11.3.1/../../../../arm-none-eabi/lib/thumb/v7e-m+fp/hard\libm.a(libm_a-w_sqrt.o)
                0x0000000008008bf4                sqrt
 .text.atan2f   0x0000000008008c4c        0x4 C:/ST/STM32CubeIDE_1.13.0/STM32CubeIDE/plugins/com.st.stm32cube.ide.mcu.externaltools.gnu-tools-for-stm32.11.3.rel1.win32_1.1.0.202305231506/tools/bin/../lib/gcc/arm-none-eabi/11.3.1/../../../../arm-none-eabi/lib/thumb/v7e-m+fp/hard\libm.a(libm_a-wf_atan2.o)
                0x0000000008008c4c                atan2f
 .text.__ieee754_sqrt
                0x0000000008008c50      0x1b4 C:/ST/STM32CubeIDE_1.13.0/STM32CubeIDE/plugins/com.st.stm32cube.ide.mcu.externaltools.gnu-tools-for-stm32.11.3.rel1.win32_1.1.0.202305231506/tools/bin/../lib/gcc/arm-none-eabi/11.3.1/../../../../arm-none-eabi/lib/thumb/v7e-m+fp/hard\libm.a(libm_a-e_sqrt.o)
                0x0000000008008c50                __ieee754_sqrt
 .text.__ieee754_fmod
                0x0000000008008e04      0x21c C:/ST/STM32CubeIDE_1.13.0/STM32CubeIDE/plugins/com.st.stm32cube.ide.mcu.externaltools.gnu-tools-for-stm32.11.3.rel1.win32_1.1.0.202305231506/tools/bin/../lib/gcc/arm-none-eabi/11.3.1/../../../../arm-none-eabi/lib/thumb/v7e-m+fp/hard\libm.a(libm_a-e_fmod.o)
                0x0000000008008e04                __ieee754_fmod
 .text.__ieee754_atan2f
                0x0000000008009020      0x140 C:/ST/STM32CubeIDE_1.13.0/STM32CubeIDE/plugins/com.st.stm32cube.ide.mcu.externaltools.gnu-tools-for-stm32.11.3.rel1.win32_1.1.0.202305231506/tools/bin/../lib/gcc/arm-none-eabi/11.3.1/../../../../arm-none-eabi/lib/thumb/v7e-m+fp/hard\libm.a(libm_a-ef_atan2.o)
                0x0000000008009020                __ieee754_atan2f
 .text.atanf    0x0000000008009160      0x1a8 C:/ST/STM32CubeIDE_1.13.0/STM32CubeIDE/plugins/com.st.stm32cube.ide.mcu.externaltools.gnu-tools-for-stm32.11.3.rel1.win32_1.1.0.202305231506/tools/bin/../lib/gcc/arm-none-eabi/11.3.1/../../../../arm-none-eabi/lib/thumb/v7e-m+fp/hard\libm.a(libm_a-sf_atan.o)
                0x0000000008009160                atanf
 .text.fabsf    0x0000000008009308        0xe C:/ST/STM32CubeIDE_1.13.0/STM32CubeIDE/plugins/com.st.stm32cube.ide.mcu.externaltools.gnu-tools-for-stm32.11.3.rel1.win32_1.1.0.202305231506/tools/bin/../lib/gcc/arm-none-eabi/11.3.1/../../../../arm-none-eabi/lib/thumb/v7e-m+fp/hard\libm.a(libm_a-sf_fabs.o)
                0x0000000008009308                fabsf
 .text.abort    0x0000000008009316        0xe C:/ST/STM32CubeIDE_1.13.0/STM32CubeIDE/plugins/com.st.stm32cube.ide.mcu.externaltools.gnu-tools-for-stm32.11.3.rel1.win32_1.1.0.202305231506/tools/bin/../lib/gcc/arm-none-eabi/11.3.1/../../../../arm-none-eabi/lib/thumb/v7e-m+fp/hard\libc_nano.a(libc_a-abort.o)
                0x0000000008009316                abort
 .text.malloc   0x0000000008009324       0x10 C:/ST/STM32CubeIDE_1.13.0/STM32CubeIDE/plugins/com.st.stm32cube.ide.mcu.externaltools.gnu-tools-for-stm32.11.3.rel1.win32_1.1.0.202305231506/tools/bin/../lib/gcc/arm-none-eabi/11.3.1/../../../../arm-none-eabi/lib/thumb/v7e-m+fp/hard\libc_nano.a(libc_a-malloc.o)
                0x0000000008009324                malloc
 .text.sbrk_aligned
                0x0000000008009334       0x40 C:/ST/STM32CubeIDE_1.13.0/STM32CubeIDE/plugins/com.st.stm32cube.ide.mcu.externaltools.gnu-tools-for-stm32.11.3.rel1.win32_1.1.0.202305231506/tools/bin/../lib/gcc/arm-none-eabi/11.3.1/../../../../arm-none-eabi/lib/thumb/v7e-m+fp/hard\libc_nano.a(libc_a-mallocr.o)
 .text._malloc_r
                0x0000000008009374      0x100 C:/ST/STM32CubeIDE_1.13.0/STM32CubeIDE/plugins/com.st.stm32cube.ide.mcu.externaltools.gnu-tools-for-stm32.11.3.rel1.win32_1.1.0.202305231506/tools/bin/../lib/gcc/arm-none-eabi/11.3.1/../../../../arm-none-eabi/lib/thumb/v7e-m+fp/hard\libc_nano.a(libc_a-mallocr.o)
                0x0000000008009374                _malloc_r
 .text.__malloc_lock
                0x0000000008009474        0xc C:/ST/STM32CubeIDE_1.13.0/STM32CubeIDE/plugins/com.st.stm32cube.ide.mcu.externaltools.gnu-tools-for-stm32.11.3.rel1.win32_1.1.0.202305231506/tools/bin/../lib/gcc/arm-none-eabi/11.3.1/../../../../arm-none-eabi/lib/thumb/v7e-m+fp/hard\libc_nano.a(libc_a-mlock.o)
                0x0000000008009474                __malloc_lock
 .text.__malloc_unlock
                0x0000000008009480        0xc C:/ST/STM32CubeIDE_1.13.0/STM32CubeIDE/plugins/com.st.stm32cube.ide.mcu.externaltools.gnu-tools-for-stm32.11.3.rel1.win32_1.1.0.202305231506/tools/bin/../lib/gcc/arm-none-eabi/11.3.1/../../../../arm-none-eabi/lib/thumb/v7e-m+fp/hard\libc_nano.a(libc_a-mlock.o)
                0x0000000008009480                __malloc_unlock
 .text._strtol_l.constprop.0
                0x000000000800948c      0x104 C:/ST/STM32CubeIDE_1.13.0/STM32CubeIDE/plugins/com.st.stm32cube.ide.mcu.externaltools.gnu-tools-for-stm32.11.3.rel1.win32_1.1.0.202305231506/tools/bin/../lib/gcc/arm-none-eabi/11.3.1/../../../../arm-none-eabi/lib/thumb/v7e-m+fp/hard\libc_nano.a(libc_a-strtol.o)
 .text.strtol   0x0000000008009590       0x14 C:/ST/STM32CubeIDE_1.13.0/STM32CubeIDE/plugins/com.st.stm32cube.ide.mcu.externaltools.gnu-tools-for-stm32.11.3.rel1.win32_1.1.0.202305231506/tools/bin/../lib/gcc/arm-none-eabi/11.3.1/../../../../arm-none-eabi/lib/thumb/v7e-m+fp/hard\libc_nano.a(libc_a-strtol.o)
                0x0000000008009590                strtol
 .text.__cvt    0x00000000080095a4       0xc4 C:/ST/STM32CubeIDE_1.13.0/STM32CubeIDE/plugins/com.st.stm32cube.ide.mcu.externaltools.gnu-tools-for-stm32.11.3.rel1.win32_1.1.0.202305231506/tools/bin/../lib/gcc/arm-none-eabi/11.3.1/../../../../arm-none-eabi/lib/thumb/v7e-m+fp/hard\libc_nano.a(libc_a-nano-vfprintf_float.o)
                0x00000000080095a4                __cvt
 .text.__exponent
                0x0000000008009668       0x7c C:/ST/STM32CubeIDE_1.13.0/STM32CubeIDE/plugins/com.st.stm32cube.ide.mcu.externaltools.gnu-tools-for-stm32.11.3.rel1.win32_1.1.0.202305231506/tools/bin/../lib/gcc/arm-none-eabi/11.3.1/../../../../arm-none-eabi/lib/thumb/v7e-m+fp/hard\libc_nano.a(libc_a-nano-vfprintf_float.o)
                0x0000000008009668                __exponent
 .text._printf_float
                0x00000000080096e4      0x46c C:/ST/STM32CubeIDE_1.13.0/STM32CubeIDE/plugins/com.st.stm32cube.ide.mcu.externaltools.gnu-tools-for-stm32.11.3.rel1.win32_1.1.0.202305231506/tools/bin/../lib/gcc/arm-none-eabi/11.3.1/../../../../arm-none-eabi/lib/thumb/v7e-m+fp/hard\libc_nano.a(libc_a-nano-vfprintf_float.o)
                0x00000000080096e4                _printf_float
 .text._printf_common
                0x0000000008009b50       0xda C:/ST/STM32CubeIDE_1.13.0/STM32CubeIDE/plugins/com.st.stm32cube.ide.mcu.externaltools.gnu-tools-for-stm32.11.3.rel1.win32_1.1.0.202305231506/tools/bin/../lib/gcc/arm-none-eabi/11.3.1/../../../../arm-none-eabi/lib/thumb/v7e-m+fp/hard\libc_nano.a(libc_a-nano-vfprintf_i.o)
                0x0000000008009b50                _printf_common
 *fill*         0x0000000008009c2a        0x2 
 .text._printf_i
                0x0000000008009c2c      0x244 C:/ST/STM32CubeIDE_1.13.0/STM32CubeIDE/plugins/com.st.stm32cube.ide.mcu.externaltools.gnu-tools-for-stm32.11.3.rel1.win32_1.1.0.202305231506/tools/bin/../lib/gcc/arm-none-eabi/11.3.1/../../../../arm-none-eabi/lib/thumb/v7e-m+fp/hard\libc_nano.a(libc_a-nano-vfprintf_i.o)
                0x0000000008009c2c                _printf_i
 .text.std      0x0000000008009e70       0x48 C:/ST/STM32CubeIDE_1.13.0/STM32CubeIDE/plugins/com.st.stm32cube.ide.mcu.externaltools.gnu-tools-for-stm32.11.3.rel1.win32_1.1.0.202305231506/tools/bin/../lib/gcc/arm-none-eabi/11.3.1/../../../../arm-none-eabi/lib/thumb/v7e-m+fp/hard\libc_nano.a(libc_a-findfp.o)
 .text.stdio_exit_handler
                0x0000000008009eb8       0x18 C:/ST/STM32CubeIDE_1.13.0/STM32CubeIDE/plugins/com.st.stm32cube.ide.mcu.externaltools.gnu-tools-for-stm32.11.3.rel1.win32_1.1.0.202305231506/tools/bin/../lib/gcc/arm-none-eabi/11.3.1/../../../../arm-none-eabi/lib/thumb/v7e-m+fp/hard\libc_nano.a(libc_a-findfp.o)
 .text.cleanup_stdio
                0x0000000008009ed0       0x40 C:/ST/STM32CubeIDE_1.13.0/STM32CubeIDE/plugins/com.st.stm32cube.ide.mcu.externaltools.gnu-tools-for-stm32.11.3.rel1.win32_1.1.0.202305231506/tools/bin/../lib/gcc/arm-none-eabi/11.3.1/../../../../arm-none-eabi/lib/thumb/v7e-m+fp/hard\libc_nano.a(libc_a-findfp.o)
 .text.global_stdio_init.part.0
                0x0000000008009f10       0x3c C:/ST/STM32CubeIDE_1.13.0/STM32CubeIDE/plugins/com.st.stm32cube.ide.mcu.externaltools.gnu-tools-for-stm32.11.3.rel1.win32_1.1.0.202305231506/tools/bin/../lib/gcc/arm-none-eabi/11.3.1/../../../../arm-none-eabi/lib/thumb/v7e-m+fp/hard\libc_nano.a(libc_a-findfp.o)
 .text.__sfp_lock_acquire
                0x0000000008009f4c        0xc C:/ST/STM32CubeIDE_1.13.0/STM32CubeIDE/plugins/com.st.stm32cube.ide.mcu.externaltools.gnu-tools-for-stm32.11.3.rel1.win32_1.1.0.202305231506/tools/bin/../lib/gcc/arm-none-eabi/11.3.1/../../../../arm-none-eabi/lib/thumb/v7e-m+fp/hard\libc_nano.a(libc_a-findfp.o)
                0x0000000008009f4c                __sfp_lock_acquire
 .text.__sfp_lock_release
                0x0000000008009f58        0xc C:/ST/STM32CubeIDE_1.13.0/STM32CubeIDE/plugins/com.st.stm32cube.ide.mcu.externaltools.gnu-tools-for-stm32.11.3.rel1.win32_1.1.0.202305231506/tools/bin/../lib/gcc/arm-none-eabi/11.3.1/../../../../arm-none-eabi/lib/thumb/v7e-m+fp/hard\libc_nano.a(libc_a-findfp.o)
                0x0000000008009f58                __sfp_lock_release
 .text.__sinit  0x0000000008009f64       0x30 C:/ST/STM32CubeIDE_1.13.0/STM32CubeIDE/plugins/com.st.stm32cube.ide.mcu.externaltools.gnu-tools-for-stm32.11.3.rel1.win32_1.1.0.202305231506/tools/bin/../lib/gcc/arm-none-eabi/11.3.1/../../../../arm-none-eabi/lib/thumb/v7e-m+fp/hard\libc_nano.a(libc_a-findfp.o)
                0x0000000008009f64                __sinit
 .text._fwalk_sglue
                0x0000000008009f94       0x3c C:/ST/STM32CubeIDE_1.13.0/STM32CubeIDE/plugins/com.st.stm32cube.ide.mcu.externaltools.gnu-tools-for-stm32.11.3.rel1.win32_1.1.0.202305231506/tools/bin/../lib/gcc/arm-none-eabi/11.3.1/../../../../arm-none-eabi/lib/thumb/v7e-m+fp/hard\libc_nano.a(libc_a-fwalk.o)
                0x0000000008009f94                _fwalk_sglue
 .text._puts_r  0x0000000008009fd0       0xa8 C:/ST/STM32CubeIDE_1.13.0/STM32CubeIDE/plugins/com.st.stm32cube.ide.mcu.externaltools.gnu-tools-for-stm32.11.3.rel1.win32_1.1.0.202305231506/tools/bin/../lib/gcc/arm-none-eabi/11.3.1/../../../../arm-none-eabi/lib/thumb/v7e-m+fp/hard\libc_nano.a(libc_a-puts.o)
                0x0000000008009fd0                _puts_r
 .text.puts     0x000000000800a078       0x10 C:/ST/STM32CubeIDE_1.13.0/STM32CubeIDE/plugins/com.st.stm32cube.ide.mcu.externaltools.gnu-tools-for-stm32.11.3.rel1.win32_1.1.0.202305231506/tools/bin/../lib/gcc/arm-none-eabi/11.3.1/../../../../arm-none-eabi/lib/thumb/v7e-m+fp/hard\libc_nano.a(libc_a-puts.o)
                0x000000000800a078                puts
 .text.snprintf
                0x000000000800a088       0x68 C:/ST/STM32CubeIDE_1.13.0/STM32CubeIDE/plugins/com.st.stm32cube.ide.mcu.externaltools.gnu-tools-for-stm32.11.3.rel1.win32_1.1.0.202305231506/tools/bin/../lib/gcc/arm-none-eabi/11.3.1/../../../../arm-none-eabi/lib/thumb/v7e-m+fp/hard\libc_nano.a(libc_a-snprintf.o)
                0x000000000800a088                sniprintf
                0x000000000800a088                snprintf
 .text.sprintf  0x000000000800a0f0       0x40 C:/ST/STM32CubeIDE_1.13.0/STM32CubeIDE/plugins/com.st.stm32cube.ide.mcu.externaltools.gnu-tools-for-stm32.11.3.rel1.win32_1.1.0.202305231506/tools/bin/../lib/gcc/arm-none-eabi/11.3.1/../../../../arm-none-eabi/lib/thumb/v7e-m+fp/hard\libc_nano.a(libc_a-sprintf.o)
                0x000000000800a0f0                siprintf
                0x000000000800a0f0                sprintf
 .text.__sread  0x000000000800a130       0x22 C:/ST/STM32CubeIDE_1.13.0/STM32CubeIDE/plugins/com.st.stm32cube.ide.mcu.externaltools.gnu-tools-for-stm32.11.3.rel1.win32_1.1.0.202305231506/tools/bin/../lib/gcc/arm-none-eabi/11.3.1/../../../../arm-none-eabi/lib/thumb/v7e-m+fp/hard\libc_nano.a(libc_a-stdio.o)
                0x000000000800a130                __sread
 .text.__swrite
                0x000000000800a152       0x38 C:/ST/STM32CubeIDE_1.13.0/STM32CubeIDE/plugins/com.st.stm32cube.ide.mcu.externaltools.gnu-tools-for-stm32.11.3.rel1.win32_1.1.0.202305231506/tools/bin/../lib/gcc/arm-none-eabi/11.3.1/../../../../arm-none-eabi/lib/thumb/v7e-m+fp/hard\libc_nano.a(libc_a-stdio.o)
                0x000000000800a152                __swrite
 .text.__sseek  0x000000000800a18a       0x24 C:/ST/STM32CubeIDE_1.13.0/STM32CubeIDE/plugins/com.st.stm32cube.ide.mcu.externaltools.gnu-tools-for-stm32.11.3.rel1.win32_1.1.0.202305231506/tools/bin/../lib/gcc/arm-none-eabi/11.3.1/../../../../arm-none-eabi/lib/thumb/v7e-m+fp/hard\libc_nano.a(libc_a-stdio.o)
                0x000000000800a18a                __sseek
 .text.__sclose
                0x000000000800a1ae        0x8 C:/ST/STM32CubeIDE_1.13.0/STM32CubeIDE/plugins/com.st.stm32cube.ide.mcu.externaltools.gnu-tools-for-stm32.11.3.rel1.win32_1.1.0.202305231506/tools/bin/../lib/gcc/arm-none-eabi/11.3.1/../../../../arm-none-eabi/lib/thumb/v7e-m+fp/hard\libc_nano.a(libc_a-stdio.o)
                0x000000000800a1ae                __sclose
 .text.__swbuf_r
                0x000000000800a1b6       0x7a C:/ST/STM32CubeIDE_1.13.0/STM32CubeIDE/plugins/com.st.stm32cube.ide.mcu.externaltools.gnu-tools-for-stm32.11.3.rel1.win32_1.1.0.202305231506/tools/bin/../lib/gcc/arm-none-eabi/11.3.1/../../../../arm-none-eabi/lib/thumb/v7e-m+fp/hard\libc_nano.a(libc_a-wbuf.o)
                0x000000000800a1b6                __swbuf_r
 .text.__swsetup_r
                0x000000000800a230       0xb0 C:/ST/STM32CubeIDE_1.13.0/STM32CubeIDE/plugins/com.st.stm32cube.ide.mcu.externaltools.gnu-tools-for-stm32.11.3.rel1.win32_1.1.0.202305231506/tools/bin/../lib/gcc/arm-none-eabi/11.3.1/../../../../arm-none-eabi/lib/thumb/v7e-m+fp/hard\libc_nano.a(libc_a-wsetup.o)
                0x000000000800a230                __swsetup_r
 .text.memset   0x000000000800a2e0       0x10 C:/ST/STM32CubeIDE_1.13.0/STM32CubeIDE/plugins/com.st.stm32cube.ide.mcu.externaltools.gnu-tools-for-stm32.11.3.rel1.win32_1.1.0.202305231506/tools/bin/../lib/gcc/arm-none-eabi/11.3.1/../../../../arm-none-eabi/lib/thumb/v7e-m+fp/hard\libc_nano.a(libc_a-memset.o)
                0x000000000800a2e0                memset
 .text._raise_r
                0x000000000800a2f0       0x50 C:/ST/STM32CubeIDE_1.13.0/STM32CubeIDE/plugins/com.st.stm32cube.ide.mcu.externaltools.gnu-tools-for-stm32.11.3.rel1.win32_1.1.0.202305231506/tools/bin/../lib/gcc/arm-none-eabi/11.3.1/../../../../arm-none-eabi/lib/thumb/v7e-m+fp/hard\libc_nano.a(libc_a-signal.o)
                0x000000000800a2f0                _raise_r
 .text.raise    0x000000000800a340       0x10 C:/ST/STM32CubeIDE_1.13.0/STM32CubeIDE/plugins/com.st.stm32cube.ide.mcu.externaltools.gnu-tools-for-stm32.11.3.rel1.win32_1.1.0.202305231506/tools/bin/../lib/gcc/arm-none-eabi/11.3.1/../../../../arm-none-eabi/lib/thumb/v7e-m+fp/hard\libc_nano.a(libc_a-signal.o)
                0x000000000800a340                raise
 .text._localeconv_r
                0x000000000800a350        0x8 C:/ST/STM32CubeIDE_1.13.0/STM32CubeIDE/plugins/com.st.stm32cube.ide.mcu.externaltools.gnu-tools-for-stm32.11.3.rel1.win32_1.1.0.202305231506/tools/bin/../lib/gcc/arm-none-eabi/11.3.1/../../../../arm-none-eabi/lib/thumb/v7e-m+fp/hard\libc_nano.a(libc_a-localeconv.o)
                0x000000000800a350                _localeconv_r
 .text._close_r
                0x000000000800a358       0x20 C:/ST/STM32CubeIDE_1.13.0/STM32CubeIDE/plugins/com.st.stm32cube.ide.mcu.externaltools.gnu-tools-for-stm32.11.3.rel1.win32_1.1.0.202305231506/tools/bin/../lib/gcc/arm-none-eabi/11.3.1/../../../../arm-none-eabi/lib/thumb/v7e-m+fp/hard\libc_nano.a(libc_a-closer.o)
                0x000000000800a358                _close_r
 .text._lseek_r
                0x000000000800a378       0x24 C:/ST/STM32CubeIDE_1.13.0/STM32CubeIDE/plugins/com.st.stm32cube.ide.mcu.externaltools.gnu-tools-for-stm32.11.3.rel1.win32_1.1.0.202305231506/tools/bin/../lib/gcc/arm-none-eabi/11.3.1/../../../../arm-none-eabi/lib/thumb/v7e-m+fp/hard\libc_nano.a(libc_a-lseekr.o)
                0x000000000800a378                _lseek_r
 .text._read_r  0x000000000800a39c       0x24 C:/ST/STM32CubeIDE_1.13.0/STM32CubeIDE/plugins/com.st.stm32cube.ide.mcu.externaltools.gnu-tools-for-stm32.11.3.rel1.win32_1.1.0.202305231506/tools/bin/../lib/gcc/arm-none-eabi/11.3.1/../../../../arm-none-eabi/lib/thumb/v7e-m+fp/hard\libc_nano.a(libc_a-readr.o)
                0x000000000800a39c                _read_r
 .text._kill_r  0x000000000800a3c0       0x24 C:/ST/STM32CubeIDE_1.13.0/STM32CubeIDE/plugins/com.st.stm32cube.ide.mcu.externaltools.gnu-tools-for-stm32.11.3.rel1.win32_1.1.0.202305231506/tools/bin/../lib/gcc/arm-none-eabi/11.3.1/../../../../arm-none-eabi/lib/thumb/v7e-m+fp/hard\libc_nano.a(libc_a-signalr.o)
                0x000000000800a3c0                _kill_r
 .text._getpid_r
                0x000000000800a3e4        0x4 C:/ST/STM32CubeIDE_1.13.0/STM32CubeIDE/plugins/com.st.stm32cube.ide.mcu.externaltools.gnu-tools-for-stm32.11.3.rel1.win32_1.1.0.202305231506/tools/bin/../lib/gcc/arm-none-eabi/11.3.1/../../../../arm-none-eabi/lib/thumb/v7e-m+fp/hard\libc_nano.a(libc_a-signalr.o)
                0x000000000800a3e4                _getpid_r
 .text._sbrk_r  0x000000000800a3e8       0x20 C:/ST/STM32CubeIDE_1.13.0/STM32CubeIDE/plugins/com.st.stm32cube.ide.mcu.externaltools.gnu-tools-for-stm32.11.3.rel1.win32_1.1.0.202305231506/tools/bin/../lib/gcc/arm-none-eabi/11.3.1/../../../../arm-none-eabi/lib/thumb/v7e-m+fp/hard\libc_nano.a(libc_a-sbrkr.o)
                0x000000000800a3e8                _sbrk_r
 .text._write_r
                0x000000000800a408       0x24 C:/ST/STM32CubeIDE_1.13.0/STM32CubeIDE/plugins/com.st.stm32cube.ide.mcu.externaltools.gnu-tools-for-stm32.11.3.rel1.win32_1.1.0.202305231506/tools/bin/../lib/gcc/arm-none-eabi/11.3.1/../../../../arm-none-eabi/lib/thumb/v7e-m+fp/hard\libc_nano.a(libc_a-writer.o)
                0x000000000800a408                _write_r
 .text.__errno  0x000000000800a42c        0xc C:/ST/STM32CubeIDE_1.13.0/STM32CubeIDE/plugins/com.st.stm32cube.ide.mcu.externaltools.gnu-tools-for-stm32.11.3.rel1.win32_1.1.0.202305231506/tools/bin/../lib/gcc/arm-none-eabi/11.3.1/../../../../arm-none-eabi/lib/thumb/v7e-m+fp/hard\libc_nano.a(libc_a-errno.o)
                0x000000000800a42c                __errno
 .text.__libc_init_array
                0x000000000800a438       0x48 C:/ST/STM32CubeIDE_1.13.0/STM32CubeIDE/plugins/com.st.stm32cube.ide.mcu.externaltools.gnu-tools-for-stm32.11.3.rel1.win32_1.1.0.202305231506/tools/bin/../lib/gcc/arm-none-eabi/11.3.1/../../../../arm-none-eabi/lib/thumb/v7e-m+fp/hard\libc_nano.a(libc_a-init.o)
                0x000000000800a438                __libc_init_array
 .text.__retarget_lock_acquire_recursive
                0x000000000800a480        0x2 C:/ST/STM32CubeIDE_1.13.0/STM32CubeIDE/plugins/com.st.stm32cube.ide.mcu.externaltools.gnu-tools-for-stm32.11.3.rel1.win32_1.1.0.202305231506/tools/bin/../lib/gcc/arm-none-eabi/11.3.1/../../../../arm-none-eabi/lib/thumb/v7e-m+fp/hard\libc_nano.a(libc_a-lock.o)
                0x000000000800a480                __retarget_lock_acquire_recursive
 .text.__retarget_lock_release_recursive
                0x000000000800a482        0x2 C:/ST/STM32CubeIDE_1.13.0/STM32CubeIDE/plugins/com.st.stm32cube.ide.mcu.externaltools.gnu-tools-for-stm32.11.3.rel1.win32_1.1.0.202305231506/tools/bin/../lib/gcc/arm-none-eabi/11.3.1/../../../../arm-none-eabi/lib/thumb/v7e-m+fp/hard\libc_nano.a(libc_a-lock.o)
                0x000000000800a482                __retarget_lock_release_recursive
 .text.memcpy   0x000000000800a484       0x1c C:/ST/STM32CubeIDE_1.13.0/STM32CubeIDE/plugins/com.st.stm32cube.ide.mcu.externaltools.gnu-tools-for-stm32.11.3.rel1.win32_1.1.0.202305231506/tools/bin/../lib/gcc/arm-none-eabi/11.3.1/../../../../arm-none-eabi/lib/thumb/v7e-m+fp/hard\libc_nano.a(libc_a-memcpy-stub.o)
                0x000000000800a484                memcpy
 .text.quorem   0x000000000800a4a0      0x110 C:/ST/STM32CubeIDE_1.13.0/STM32CubeIDE/plugins/com.st.stm32cube.ide.mcu.externaltools.gnu-tools-for-stm32.11.3.rel1.win32_1.1.0.202305231506/tools/bin/../lib/gcc/arm-none-eabi/11.3.1/../../../../arm-none-eabi/lib/thumb/v7e-m+fp/hard\libc_nano.a(libc_a-dtoa.o)
 .text._dtoa_r  0x000000000800a5b0      0xbe4 C:/ST/STM32CubeIDE_1.13.0/STM32CubeIDE/plugins/com.st.stm32cube.ide.mcu.externaltools.gnu-tools-for-stm32.11.3.rel1.win32_1.1.0.202305231506/tools/bin/../lib/gcc/arm-none-eabi/11.3.1/../../../../arm-none-eabi/lib/thumb/v7e-m+fp/hard\libc_nano.a(libc_a-dtoa.o)
                0x000000000800a5b0                _dtoa_r
 .text._free_r  0x000000000800b194       0x98 C:/ST/STM32CubeIDE_1.13.0/STM32CubeIDE/plugins/com.st.stm32cube.ide.mcu.externaltools.gnu-tools-for-stm32.11.3.rel1.win32_1.1.0.202305231506/tools/bin/../lib/gcc/arm-none-eabi/11.3.1/../../../../arm-none-eabi/lib/thumb/v7e-m+fp/hard\libc_nano.a(libc_a-freer.o)
                0x000000000800b194                _free_r
 .text._Balloc  0x000000000800b22c       0x80 C:/ST/STM32CubeIDE_1.13.0/STM32CubeIDE/plugins/com.st.stm32cube.ide.mcu.externaltools.gnu-tools-for-stm32.11.3.rel1.win32_1.1.0.202305231506/tools/bin/../lib/gcc/arm-none-eabi/11.3.1/../../../../arm-none-eabi/lib/thumb/v7e-m+fp/hard\libc_nano.a(libc_a-mprec.o)
                0x000000000800b22c                _Balloc
 .text._Bfree   0x000000000800b2ac       0x44 C:/ST/STM32CubeIDE_1.13.0/STM32CubeIDE/plugins/com.st.stm32cube.ide.mcu.externaltools.gnu-tools-for-stm32.11.3.rel1.win32_1.1.0.202305231506/tools/bin/../lib/gcc/arm-none-eabi/11.3.1/../../../../arm-none-eabi/lib/thumb/v7e-m+fp/hard\libc_nano.a(libc_a-mprec.o)
                0x000000000800b2ac                _Bfree
 .text.__multadd
                0x000000000800b2f0       0x8c C:/ST/STM32CubeIDE_1.13.0/STM32CubeIDE/plugins/com.st.stm32cube.ide.mcu.externaltools.gnu-tools-for-stm32.11.3.rel1.win32_1.1.0.202305231506/tools/bin/../lib/gcc/arm-none-eabi/11.3.1/../../../../arm-none-eabi/lib/thumb/v7e-m+fp/hard\libc_nano.a(libc_a-mprec.o)
                0x000000000800b2f0                __multadd
 .text.__hi0bits
                0x000000000800b37c       0x40 C:/ST/STM32CubeIDE_1.13.0/STM32CubeIDE/plugins/com.st.stm32cube.ide.mcu.externaltools.gnu-tools-for-stm32.11.3.rel1.win32_1.1.0.202305231506/tools/bin/../lib/gcc/arm-none-eabi/11.3.1/../../../../arm-none-eabi/lib/thumb/v7e-m+fp/hard\libc_nano.a(libc_a-mprec.o)
                0x000000000800b37c                __hi0bits
 .text.__lo0bits
                0x000000000800b3bc       0x5a C:/ST/STM32CubeIDE_1.13.0/STM32CubeIDE/plugins/com.st.stm32cube.ide.mcu.externaltools.gnu-tools-for-stm32.11.3.rel1.win32_1.1.0.202305231506/tools/bin/../lib/gcc/arm-none-eabi/11.3.1/../../../../arm-none-eabi/lib/thumb/v7e-m+fp/hard\libc_nano.a(libc_a-mprec.o)
                0x000000000800b3bc                __lo0bits
 *fill*         0x000000000800b416        0x2 
 .text.__i2b    0x000000000800b418       0x2c C:/ST/STM32CubeIDE_1.13.0/STM32CubeIDE/plugins/com.st.stm32cube.ide.mcu.externaltools.gnu-tools-for-stm32.11.3.rel1.win32_1.1.0.202305231506/tools/bin/../lib/gcc/arm-none-eabi/11.3.1/../../../../arm-none-eabi/lib/thumb/v7e-m+fp/hard\libc_nano.a(libc_a-mprec.o)
                0x000000000800b418                __i2b
 .text.__multiply
                0x000000000800b444      0x154 C:/ST/STM32CubeIDE_1.13.0/STM32CubeIDE/plugins/com.st.stm32cube.ide.mcu.externaltools.gnu-tools-for-stm32.11.3.rel1.win32_1.1.0.202305231506/tools/bin/../lib/gcc/arm-none-eabi/11.3.1/../../../../arm-none-eabi/lib/thumb/v7e-m+fp/hard\libc_nano.a(libc_a-mprec.o)
                0x000000000800b444                __multiply
 .text.__pow5mult
                0x000000000800b598       0xb4 C:/ST/STM32CubeIDE_1.13.0/STM32CubeIDE/plugins/com.st.stm32cube.ide.mcu.externaltools.gnu-tools-for-stm32.11.3.rel1.win32_1.1.0.202305231506/tools/bin/../lib/gcc/arm-none-eabi/11.3.1/../../../../arm-none-eabi/lib/thumb/v7e-m+fp/hard\libc_nano.a(libc_a-mprec.o)
                0x000000000800b598                __pow5mult
 .text.__lshift
                0x000000000800b64c       0xd8 C:/ST/STM32CubeIDE_1.13.0/STM32CubeIDE/plugins/com.st.stm32cube.ide.mcu.externaltools.gnu-tools-for-stm32.11.3.rel1.win32_1.1.0.202305231506/tools/bin/../lib/gcc/arm-none-eabi/11.3.1/../../../../arm-none-eabi/lib/thumb/v7e-m+fp/hard\libc_nano.a(libc_a-mprec.o)
                0x000000000800b64c                __lshift
 .text.__mcmp   0x000000000800b724       0x38 C:/ST/STM32CubeIDE_1.13.0/STM32CubeIDE/plugins/com.st.stm32cube.ide.mcu.externaltools.gnu-tools-for-stm32.11.3.rel1.win32_1.1.0.202305231506/tools/bin/../lib/gcc/arm-none-eabi/11.3.1/../../../../arm-none-eabi/lib/thumb/v7e-m+fp/hard\libc_nano.a(libc_a-mprec.o)
                0x000000000800b724                __mcmp
 .text.__mdiff  0x000000000800b75c      0x114 C:/ST/STM32CubeIDE_1.13.0/STM32CubeIDE/plugins/com.st.stm32cube.ide.mcu.externaltools.gnu-tools-for-stm32.11.3.rel1.win32_1.1.0.202305231506/tools/bin/../lib/gcc/arm-none-eabi/11.3.1/../../../../arm-none-eabi/lib/thumb/v7e-m+fp/hard\libc_nano.a(libc_a-mprec.o)
                0x000000000800b75c                __mdiff