Archive member included to satisfy reference by file (symbol)

C:/ST/STM32CubeIDE_1.13.0/STM32CubeIDE/plugins/com.st.stm32cube.ide.mcu.externaltools.gnu-tools-for-stm32.11.3.rel1.win32_1.1.0.202305231506/tools/bin/../lib/gcc/arm-none-eabi/11.3.1/../../../../arm-none-eabi/lib/thumb/v7e-m+fp/hard\libstdc++_nano.a(new_op.o)
                              ./Core/Src/app_motion.o (operator new(unsigned int))
C:/ST/STM32CubeIDE_1.13.0/STM32CubeIDE/plugins/com.st.stm32cube.ide.mcu.externaltools.gnu-tools-for-stm32.11.3.rel1.win32_1.1.0.202305231506/tools/bin/../lib/gcc/arm-none-eabi/11.3.1/../../../../arm-none-eabi/lib/thumb/v7e-m+fp/hard\libstdc++_nano.a(new_handler.o)
                              C:/ST/STM32CubeIDE_1.13.0/STM32CubeIDE/plugins/com.st.stm32cube.ide.mcu.externaltools.gnu-tools-for-stm32.11.3.rel1.win32_1.1.0.202305231506/tools/bin/../lib/gcc/arm-none-eabi/11.3.1/../../../../arm-none-eabi/lib/thumb/v7e-m+fp/hard\libstdc++_nano.a(new_op.o) (std::get_new_handler())
C:/ST/STM32CubeIDE_1.13.0/STM32CubeIDE/plugins/com.st.stm32cube.ide.mcu.externaltools.gnu-tools-for-stm32.11.3.rel1.win32_1.1.0.202305231506/tools/bin/../lib/gcc/arm-none-eabi/11.3.1/../../../../arm-none-eabi/lib/thumb/v7e-m+fp/hard\libm.a(libm_a-w_fmod.o)
                              ./Core/Src/app_motion.o (fmod)
C:/ST/STM32CubeIDE_1.13.0/STM32CubeIDE/plugins/com.st.stm32cube.ide.mcu.externaltools.gnu-tools-for-stm32.11.3.rel1.win32_1.1.0.202305231506/tools/bin/../lib/gcc/arm-none-eabi/11.3.1/../../../../arm-none-eabi/lib/thumb/v7e-m+fp/hard\libm.a(libm_a-w_sqrt.o)
                              ./Core/Src/ICM20948.o (sqrt)
C:/ST/STM32CubeIDE_1.13.0/STM32CubeIDE/plugins/com.st.stm32cube.ide.mcu.externaltools.gnu-tools-for-stm32.11.3.rel1.win32_1.1.0.202305231506/tools/bin/../lib/gcc/arm-none-eabi/11.3.1/../../../../arm-none-eabi/lib/thumb/v7e-m+fp/hard\libm.a(libm_a-wf_atan2.o)
                              ./Core/Src/app_main.o (atan2f)
C:/ST/STM32CubeIDE_1.13.0/STM32CubeIDE/plugins/com.st.stm32cube.ide.mcu.externaltools.gnu-tools-for-stm32.11.3.rel1.win32_1.1.0.202305231506/tools/bin/../lib/gcc/arm-none-eabi/11.3.1/../../../../arm-none-eabi/lib/thumb/v7e-m+fp/hard\libm.a(libm_a-e_sqrt.o)
                              C:/ST/STM32CubeIDE_1.13.0/STM32CubeIDE/plugins/com.st.stm32cube.ide.mcu.externaltools.gnu-tools-for-stm32.11.3.rel1.win32_1.1.0.202305231506/tools/bin/../lib/gcc/arm-none-eabi/11.3.1/../../../../arm-none-eabi/lib/thumb/v7e-m+fp/hard\libm.a(libm_a-w_sqrt.o) (__ieee754_sqrt)
C:/ST/STM32CubeIDE_1.13.0/STM32CubeIDE/plugins/com.st.stm32cube.ide.mcu.externaltools.gnu-tools-for-stm32.11.3.rel1.win32_1.1.0.202305231506/tools/bin/../lib/gcc/arm-none-eabi/11.3.1/../../../../arm-none-eabi/lib/thumb/v7e-m+fp/hard\libm.a(libm_a-e_fmod.o)
                              C:/ST/STM32CubeIDE_1.13.0/STM32CubeIDE/plugins/com.st.stm32cube.ide.mcu.externaltools.gnu-tools-for-stm32.11.3.rel1.win32_1.1.0.202305231506/tools/bin/../lib/gcc/arm-none-eabi/11.3.1/../../../../arm-none-eabi/lib/thumb/v7e-m+fp/hard\libm.a(libm_a-w_fmod.o) (__ieee754_fmod)
C:/ST/STM32CubeIDE_1.13.0/STM32CubeIDE/plugins/com.st.stm32cube.ide.mcu.externaltools.gnu-tools-for-stm32.11.3.rel1.win32_1.1.0.202305231506/tools/bin/../lib/gcc/arm-none-eabi/11.3.1/../../../../arm-none-eabi/lib/thumb/v7e-m+fp/hard\libm.a(libm_a-ef_atan2.o)
                              C:/ST/STM32CubeIDE_1.13.0/STM32CubeIDE/plugins/com.st.stm32cube.ide.mcu.externaltools.gnu-tools-for-stm32.11.3.rel1.win32_1.1.0.202305231506/tools/bin/../lib/gcc/arm-none-eabi/11.3.1/../../../../arm-none-eabi/lib/thumb/v7e-m+fp/hard\libm.a(libm_a-wf_atan2.o) (__ieee754_atan2f)
C:/ST/STM32CubeIDE_1.13.0/STM32CubeIDE/plugins/com.st.stm32cube.ide.mcu.externaltools.gnu-tools-for-stm32.11.3.rel1.win32_1.1.0.202305231506/tools/bin/../lib/gcc/arm-none-eabi/11.3.1/../../../../arm-none-eabi/lib/thumb/v7e-m+fp/hard\libm.a(libm_a-sf_atan.o)
                              C:/ST/STM32CubeIDE_1.13.0/STM32CubeIDE/plugins/com.st.stm32cube.ide.mcu.externaltools.gnu-tools-for-stm32.11.3.rel1.win32_1.1.0.202305231506/tools/bin/../lib/gcc/arm-none-eabi/11.3.1/../../../../arm-none-eabi/lib/thumb/v7e-m+fp/hard\libm.a(libm_a-ef_atan2.o) (atanf)
C:/ST/STM32CubeIDE_1.13.0/STM32CubeIDE/plugins/com.st.stm32cube.ide.mcu.externaltools.gnu-tools-for-stm32.11.3.rel1.win32_1.1.0.202305231506/tools/bin/../lib/gcc/arm-none-eabi/11.3.1/../../../../arm-none-eabi/lib/thumb/v7e-m+fp/hard\libm.a(libm_a-sf_fabs.o)
                              C:/ST/STM32CubeIDE_1.13.0/STM32CubeIDE/plugins/com.st.stm32cube.ide.mcu.externaltools.gnu-tools-for-stm32.11.3.rel1.win32_1.1.0.202305231506/tools/bin/../lib/gcc/arm-none-eabi/11.3.1/../../../../arm-none-eabi/lib/thumb/v7e-m+fp/hard\libm.a(libm_a-ef_atan2.o) (fabsf)
C:/ST/STM32CubeIDE_1.13.0/STM32CubeIDE/plugins/com.st.stm32cube.ide.mcu.externaltools.gnu-tools-for-stm32.11.3.rel1.win32_1.1.0.202305231506/tools/bin/../lib/gcc/arm-none-eabi/11.3.1/../../../../arm-none-eabi/lib/thumb/v7e-m+fp/hard\libc_nano.a(libc_a-abort.o)
[...]
Memory Configuration

Name             Origin             Length             Attributes
CCMRAM           0x0000000010000000 0x0000000000010000 xrw
RAM              0x0000000020000000 0x0000000000020000 xrw
FLASH            0x0000000008000000 0x0000000000080000 xr
*default*        0x0000000000000000 0xffffffffffffffff

Linker script and memory map

LOAD C:/ST/STM32CubeIDE_1.13.0/STM32CubeIDE/plugins/com.st.stm32cube.ide.mcu.externaltools.gnu-tools-for-stm32.11.3.rel1.win32_1.1.0.202305231506/tools/bin/../lib/gcc/arm-none-eabi/11.3.1/thumb/v7e-m+fp/hard/crti.o
LOAD C:/ST/STM32CubeIDE_1.13.0/STM32CubeIDE/plugins/com.st.stm32cube.ide.mcu.externaltools.gnu-tools-for-stm32.11.3.rel1.win32_1.1.0.202305231506/tools/bin/../lib/gcc/arm-none-eabi/11.3.1/thumb/v7e-m+fp/hard/crtbegin.o
LOAD C:/ST/STM32CubeIDE_1.13.0/STM32CubeIDE/plugins/com.st.stm32cube.ide.mcu.externaltools.gnu-tools-for-stm32.11.3.rel1.win32_1.1.0.202305231506/tools/bin/../lib/gcc/arm-none-eabi/11.3.1/../../../../arm-none-eabi/lib/thumb/v7e-m+fp/hard/crt0.o
LOAD ./Core/Src/ICM20948.o
LOAD ./Core/Src/app_display.o
LOAD ./Core/Src/app_main.o
LOAD ./Core/Src/app_motion.o
LOAD ./Core/Src/app_parser.o
LOAD ./Core/Src/freertos.o
LOAD ./Core/Src/main.o
LOAD ./Core/Src/oled.o
LOAD ./Core/Src/pid.o
LOAD ./Core/Src/stm32f4xx_hal_msp.o
LOAD ./Core/Src/stm32f4xx_it.o
LOAD ./Core/Src/syscalls.o
LOAD ./Core/Src/sysmem.o
LOAD ./Core/Src/system_stm32f4xx.o
LOAD ./Core/Startup/startup_stm32f407vetx.o
LOAD ./Drivers/STM32F4xx_HAL_Driver/Src/stm32f4xx_hal.o
LOAD ./Drivers/STM32F4xx_HAL_Driver/Src/stm32f4xx_hal_adc.o
LOAD ./Drivers/STM32F4xx_HAL_Driver/Src/stm32f4xx_hal_adc_ex.o
LOAD ./Drivers/STM32F4xx_HAL_Driver/Src/stm32f4xx_hal_cortex.o
LOAD ./Drivers/STM32F4xx_HAL_Driver/Src/stm32f4xx_hal_dma.o
LOAD ./Drivers/STM32F4xx_HAL_Driver/Src/stm32f4xx_hal_dma_ex.o
LOAD ./Drivers/STM32F4xx_HAL_Driver/Src/stm32f4xx_hal_exti.o
LOAD ./Drivers/STM32F4xx_HAL_Driver/Src/stm32f4xx_hal_flash.o
LOAD ./Drivers/STM32F4xx_HAL_Driver/Src/stm32f4xx_hal_flash_ex.o
LOAD ./Drivers/STM32F4xx_HAL_Driver/Src/stm32f4xx_hal_flash_ramfunc.o
LOAD ./Drivers/STM32F4xx_HAL_Driver/Src/stm32f4xx_hal_gpio.o
LOAD ./Drivers/STM32F4xx_HAL_Driver/Src/stm32f4xx_hal_i2c.o
LOAD ./Drivers/STM32F4xx_HAL_Driver/Src/stm32f4xx_hal_i2c_ex.o
LOAD ./Drivers/STM32F4xx_HAL_Driver/Src/stm32f4xx_hal_pwr.o
LOAD ./Drivers/STM32F4xx_HAL_Driver/Src/stm32f4xx_hal_pwr_ex.o
LOAD ./Drivers/STM32F4xx_HAL_Driver/Src/stm32f4xx_hal_rcc.o
LOAD ./Drivers/STM32F4xx_HAL_Driver/Src/stm32f4xx_hal_rcc_ex.o
LOAD ./Drivers/STM32F4xx_HAL_Driver/Src/stm32f4xx_hal_tim.o
LOAD ./Drivers/STM32F4xx_HAL_Driver/Src/stm32f4xx_hal_tim_ex.o
LOAD ./Drivers/STM32F4xx_HAL_Driver/Src/stm32f4xx_hal_uart.o
LOAD ./Drivers/STM32F4xx_HAL_Driver/Src/stm32f4xx_ll_adc.o
LOAD ./Middlewares/Third_Party/FreeRTOS/Source/CMSIS_RTOS_V2/cmsis_os2.o
LOAD ./Middlewares/Third_Party/FreeRTOS/Source/croutine.o
LOAD ./Middlewares/Third_Party/FreeRTOS/Source/event_groups.o
LOAD ./Middlewares/Third_Party/FreeRTOS/Source/list.o
LOAD ./Middlewares/Third_Party/FreeRTOS/Source/queue.o
LOAD ./Middlewares/Third_Party/FreeRTOS/Source/stream_buffer.o
LOAD ./Middlewares/Third_Party/FreeRTOS/Source/tasks.o
LOAD ./Middlewares/Third_Party/FreeRTOS/Source/timers.o
LOAD ./Middlewares/Third_Party/FreeRTOS/Source/portable/GCC/ARM_CM4F/port.o
LOAD ./Middlewares/Third_Party/FreeRTOS/Source/portable/MemMang/heap_4.o
START GROUP
LOAD C:/ST/STM32CubeIDE_1.13.0/STM32CubeIDE/plugins/com.st.stm32cube.ide.mcu.externaltools.gnu-tools-for-stm32.11.3.rel1.win32_1.1.0.202305231506/tools/bin/../lib/gcc/arm-none-eabi/11.3.1/../../../../arm-none-eabi/lib/thumb/v7e-m+fp/hard\libstdc++_nano.a
LOAD C:/ST/STM32CubeIDE_1.13.0/STM32CubeIDE/plugins/com.st.stm32cube.ide.mcu.externaltools.gnu-tools-for-stm32.11.3.rel1.win32_1.1.0.202305231506/tools/bin/../lib/gcc/arm-none-eabi/11.3.1/../../../../arm-none-eabi/lib/thumb/v7e-m+fp/hard\libsupc++_nano.a
END GROUP
LOAD C:/ST/STM32CubeIDE_1.13.0/STM32CubeIDE/plugins/com.st.stm32cube.ide.mcu.externaltools.gnu-tools-for-stm32.11.3.rel1.win32_1.1.0.202305231506/tools/bin/../lib/gcc/arm-none-eabi/11.3.1/../../../../arm-none-eabi/lib/thumb/v7e-m+fp/hard\libstdc++_nano.a
LOAD C:/ST/STM32CubeIDE_1.13.0/STM32CubeIDE/plugins/com.st.stm32cube.ide.mcu.externaltools.gnu-tools-for-stm32.11.3.rel1.win32_1.1.0.202305231506/tools/bin/../lib/gcc/arm-none-eabi/11.3.1/../../../../arm-none-eabi/lib/thumb/v7e-m+fp/hard\libm.a
LOAD C:/ST/STM32CubeIDE_1.13.0/STM32CubeIDE/plugins/com.st.stm32cube.ide.mcu.externaltools.gnu-tools-for-stm32.11.3.rel1.win32_1.1.0.202305231506/tools/bin/../lib/gcc/arm-none-eabi/11.3.1/../../../../arm-none-eabi/lib/thumb/v7e-m+fp/hard\libc_nano.a
START GROUP
LOAD C:/ST/STM32CubeIDE_1.13.0/STM32CubeIDE/plugins/com.st.stm32cube.ide.mcu.externaltools.gnu-tools-for-stm32.11.3.rel1.win32_1.1.0.202305231506/tools/bin/../lib/gcc/arm-none-eabi/11.3.1/thumb/v7e-m+fp/hard\libgcc.a
LOAD C:/ST/STM32CubeIDE_1.13.0/STM32CubeIDE/plugins/com.st.stm32cube.ide.mcu.externaltools.gnu-tools-for-stm32.11.3.rel1.win32_1.1.0.202305231506/tools/bin/../lib/gcc/arm-none-eabi/11.3.1/../../../../arm-none-eabi/lib/thumb/v7e-m+fp/hard\libc_nano.a
END GROUP
START GROUP
LOAD C:/ST/STM32CubeIDE_1.13.0/STM32CubeIDE/plugins/com.st.stm32cube.ide.mcu.externaltools.gnu-tools-for-stm32.11.3.rel1.win32_1.1.0.202305231506/tools/bin/../lib/gcc/arm-none-eabi/11.3.1/thumb/v7e-m+fp/hard\libgcc.a
LOAD C:/ST/STM32CubeIDE_1.13.0/STM32CubeIDE/plugins/com.st.stm32cube.ide.mcu.externaltools.gnu-tools-for-stm32.11.3.rel1.win32_1.1.0.202305231506/tools/bin/../lib/gcc/arm-none-eabi/11.3.1/../../../../arm-none-eabi/lib/thumb/v7e-m+fp/hard\libc_nano.a
LOAD C:/ST/STM32CubeIDE_1.13.0/STM32CubeIDE/plugins/com.st.stm32cube.ide.mcu.externaltools.gnu-tools-for-stm32.11.3.rel1.win32_1.1.0.202305231506/tools/bin/../lib/gcc/arm-none-eabi/11.3.1/../../../../arm-none-eabi/lib/thumb/v7e-m+fp/hard\libnosys.a
END GROUP
START GROUP
LOAD C:/ST/STM32CubeIDE_1.13.0/STM32CubeIDE/plugins/com.st.stm32cube.ide.mcu.externaltools.gnu-tools-for-stm32.11.3.rel1.win32_1.1.0.202305231506/tools/bin/../lib/gcc/arm-none-eabi/11.3.1/thumb/v7e-m+fp/hard\libgcc.a
LOAD C:/ST/STM32CubeIDE_1.13.0/STM32CubeIDE/plugins/com.st.stm32cube.ide.mcu.externaltools.gnu-tools-for-stm32.11.3.rel1.win32_1.1.0.202305231506/tools/bin/../lib/gcc/arm-none-eabi/11.3.1/../../../../arm-none-eabi/lib/thumb/v7e-m+fp/hard\libc_nano.a
LOAD C:/ST/STM32CubeIDE_1.13.0/STM32CubeIDE/plugins/com.st.stm32cube.ide.mcu.externaltools.gnu-tools-for-stm32.11.3.rel1.win32_1.1.0.202305231506/tools/bin/../lib/gcc/arm-none-eabi/11.3.1/../../../../arm-none-eabi/lib/thumb/v7e-m+fp/hard\libnosys.a
END GROUP
LOAD C:/ST/STM32CubeIDE_1.13.0/STM32CubeIDE/plugins/com.st.stm32cube.ide.mcu.externaltools.gnu-tools-for-stm32.11.3.rel1.win32_1.1.0.202305231506/tools/bin/../lib/gcc/arm-none-eabi/11.3.1/thumb/v7e-m+fp/hard/crtend.o
LOAD C:/ST/STM32CubeIDE_1.13.0/STM32CubeIDE/plugins/com.st.stm32cube.ide.mcu.externaltools.gnu-tools-for-stm32.11.3.rel1.win32_1.1.0.202305231506/tools/bin/../lib/gcc/arm-none-eabi/11.3.1/thumb/v7e-m+fp/hard/crtn.o
                0x0000000020020000                _estack = (ORIGIN (RAM) + LENGTH (RAM))
                0x0000000000000200                _Min_Heap_Size = 0x200
                0x0000000000000400                _Min_Stack_Size = 0x400

.isr_vector     0x0000000008000000      0x188
                0x0000000008000000                . = ALIGN (0x4)
 *(.isr_vector)
 .isr_vector    0x0000000008000000      0x188 ./Core/Startup/startup_stm32f407vetx.o
                0x0000000008000000                g_pfnVectors
                0x0000000008000188                . = ALIGN (0x4)

.text           0x0000000008000190     0xd834
                0x0000000008000190                . = ALIGN (0x4)
 *(.text)
 .text          0x0000000008000190       0x40 C:/ST/STM32CubeIDE_1.13.0/STM32CubeIDE/plugins/com.st.stm32cube.ide.mcu.externaltools.gnu-tools-for-stm32.11.3.rel1.win32_1.1.0.202305231506/tools/bin/../lib/gcc/arm-none-eabi/11.3.1/thumb/v7e-m+fp/hard/crtbegin.o
 .text          0x00000000080001d0       0xa0 C:/ST/STM32CubeIDE_1.13.0/STM32CubeIDE/plugins/com.st.stm32cube.ide.mcu.externaltools.gnu-tools-for-stm32.11.3.rel1.win32_1.1.0.202305231506/tools/bin/../lib/gcc/arm-none-eabi/11.3.1/../../../../arm-none-eabi/lib/thumb/v7e-m+fp/hard\libc_nano.a(libc_a-memchr.o)
                0x00000000080001d0                memchr
 .text          0x0000000008000270       0x10 C:/ST/STM32CubeIDE_1.13.0/STM32CubeIDE/plugins/com.st.stm32cube.ide.mcu.externaltools.gnu-tools-for-stm32.11.3.rel1.win32_1.1.0.202305231506/tools/bin/../lib/gcc/arm-none-eabi/11.3.1/../../../../arm-none-eabi/lib/thumb/v7e-m+fp/hard\libc_nano.a(libc_a-strlen.o)
                0x0000000008000270                strlen
 .text          0x0000000008000280      0x378 C:/ST/STM32CubeIDE_1.13.0/STM32CubeIDE/plugins/com.st.stm32cube.ide.mcu.externaltools.gnu-tools-for-stm32.11.3.rel1.win32_1.1.0.202305231506/tools/bin/../lib/gcc/arm-none-eabi/11.3.1/thumb/v7e-m+fp/hard\libgcc.a(_arm_addsubdf3.o)
                0x0000000008000280                __aeabi_drsub
                0x0000000008000288                __aeabi_dsub
                0x0000000008000288                __subdf3
                0x000000000800028c                __aeabi_dadd
                0x000000000800028c                __adddf3
                0x0000000008000504                __floatunsidf
                0x0000000008000504                __aeabi_ui2d
                0x0000000008000524                __floatsidf
                0x0000000008000524                __aeabi_i2d
                0x0000000008000548                __aeabi_f2d
                0x0000000008000548                __extendsfdf2
                0x000000000800058c                __floatundidf
                0x000000000800058c                __aeabi_ul2d
                0x000000000800059c                __floatdidf
                0x000000000800059c                __aeabi_l2d
 .text          0x00000000080005f8      0x424 C:/ST/STM32CubeIDE_1.13.0/STM32CubeIDE/plugins/com.st.stm32cube.ide.mcu.externaltools.gnu-tools-for-stm32.11.3.rel1.win32_1.1.0.202305231506/tools/bin/../lib/gcc/arm-none-eabi/11.3.1/thumb/v7e-m+fp/hard\libgcc.a(_arm_muldivdf3.o)
                0x00000000080005f8                __aeabi_dmul
                0x00000000080005f8                __muldf3
                0x000000000800084c                __divdf3
                0x000000000800084c                __aeabi_ddiv
 .text          0x0000000008000a1c      0x110 C:/ST/STM32CubeIDE_1.13.0/STM32CubeIDE/plugins/com.st.stm32cube.ide.mcu.externaltools.gnu-tools-for-stm32.11.3.rel1.win32_1.1.0.202305231506/tools/bin/../lib/gcc/arm-none-eabi/11.3.1/thumb/v7e-m+fp/hard\libgcc.a(_arm_cmpdf2.o)
                0x0000000008000a1c                __gtdf2
                0x0000000008000a1c                __gedf2
                0x0000000008000a24                __ltdf2
                0x0000000008000a24                __ledf2
                0x0000000008000a2c                __nedf2
                0x0000000008000a2c                __eqdf2
                0x0000000008000a2c                __cmpdf2
                0x0000000008000aa8                __aeabi_cdrcmple
                0x0000000008000ab8                __aeabi_cdcmpeq
                0x0000000008000ab8                __aeabi_cdcmple
                0x0000000008000ac8                __aeabi_dcmpeq
                0x0000000008000adc                __aeabi_dcmplt
                0x0000000008000af0                __aeabi_dcmple
                0x0000000008000b04                __aeabi_dcmpge
                0x0000000008000b18                __aeabi_dcmpgt
 .text          0x0000000008000b2c       0x2c C:/ST/STM32CubeIDE_1.13.0/STM32CubeIDE/plugins/com.st.stm32cube.ide.mcu.externaltools.gnu-tools-for-stm32.11.3.rel1.win32_1.1.0.202305231506/tools/bin/../lib/gcc/arm-none-eabi/11.3.1/thumb/v7e-m+fp/hard\libgcc.a(_arm_unorddf2.o)
                0x0000000008000b2c                __unorddf2
                0x0000000008000b2c                __aeabi_dcmpun
 .text          0x0000000008000b58       0x50 C:/ST/STM32CubeIDE_1.13.0/STM32CubeIDE/plugins/com.st.stm32cube.ide.mcu.externaltools.gnu-tools-for-stm32.11.3.rel1.win32_1.1.0.202305231506/tools/bin/../lib/gcc/arm-none-eabi/11.3.1/thumb/v7e-m+fp/hard\libgcc.a(_arm_fixdfsi.o)
                0x0000000008000b58                __aeabi_d2iz
                0x0000000008000b58                __fixdfsi
 .text          0x0000000008000ba8       0x40 C:/ST/STM32CubeIDE_1.13.0/STM32CubeIDE/plugins/com.st.stm32cube.ide.mcu.externaltools.gnu-tools-for-stm32.11.3.rel1.win32_1.1.0.202305231506/tools/bin/../lib/gcc/arm-none-eabi/11.3.1/thumb/v7e-m+fp/hard\libgcc.a(_arm_fixunsdfsi.o)
                0x0000000008000ba8                __aeabi_d2uiz
                0x0000000008000ba8                __fixunsdfsi
 .text          0x0000000008000be8       0xa0 C:/ST/STM32CubeIDE_1.13.0/STM32CubeIDE/plugins/com.st.stm32cube.ide.mcu.externaltools.gnu-tools-for-stm32.11.3.rel1.win32_1.1.0.202305231506/tools/bin/../lib/gcc/arm-none-eabi/11.3.1/thumb/v7e-m+fp/hard\libgcc.a(_arm_truncdfsf2.o)
                0x0000000008000be8                __truncdfsf2
                0x0000000008000be8                __aeabi_d2f
 .text          0x0000000008000c88       0x30 C:/ST/STM32CubeIDE_1.13.0/STM32CubeIDE/plugins/com.st.stm32cube.ide.mcu.externaltools.gnu-tools-for-stm32.11.3.rel1.win32_1.1.0.202305231506/tools/bin/../lib/gcc/arm-none-eabi/11.3.1/thumb/v7e-m+fp/hard\libgcc.a(_aeabi_uldivmod.o)
                0x0000000008000c88                __aeabi_uldivmod
 .text          0x0000000008000cb8      0x2c8 C:/ST/STM32CubeIDE_1.13.0/STM32CubeIDE/plugins/com.st.stm32cube.ide.mcu.externaltools.gnu-tools-for-stm32.11.3.rel1.win32_1.1.0.202305231506/tools/bin/../lib/gcc/arm-none-eabi/11.3.1/thumb/v7e-m+fp/hard\libgcc.a(_udivmoddi4.o)
                0x0000000008000cb8                __udivmoddi4
 .text          0x0000000008000f80        0x4 C:/ST/STM32CubeIDE_1.13.0/STM32CubeIDE/plugins/com.st.stm32cube.ide.mcu.externaltools.gnu-tools-for-stm32.11.3.rel1.win32_1.1.0.202305231506/tools/bin/../lib/gcc/arm-none-eabi/11.3.1/thumb/v7e-m+fp/hard\libgcc.a(_dvmd_tls.o)
                0x0000000008000f80                __aeabi_idiv0
                0x0000000008000f80                __aeabi_ldiv0
 *(.text*)
 .text.IMU_WriteOneByte
                0x0000000008000f84       0x24 ./Core/Src/ICM20948.o
                0x0000000008000f84                IMU_WriteOneByte
 .text.IMU_ReadOneByte
                0x0000000008000fa8       0x1e ./Core/Src/ICM20948.o
                0x0000000008000fa8                IMU_ReadOneByte
 *fill*         0x0000000008000fc6        0x2 
 .text.IMU_Initialise
                0x0000000008000fc8      0x114 ./Core/Src/ICM20948.o
                0x0000000008000fc8                IMU_Initialise
 .text.Mag_WriteOneByte
                0x00000000080010dc       0x24 ./Core/Src/ICM20948.o
                0x00000000080010dc                Mag_WriteOneByte
 .text.IMU_AccelRead
                0x0000000008001100       0xb8 ./Core/Src/ICM20948.o
                0x0000000008001100                IMU_AccelRead
 .text.Gyro_calibrate
                0x00000000080011b8       0xcc ./Core/Src/ICM20948.o
                0x00000000080011b8                Gyro_calibrate
 .text.IMU_GyroRead
                0x0000000008001284       0xbc ./Core/Src/ICM20948.o
                0x0000000008001284                IMU_GyroRead
 .text.Mag_init
                0x0000000008001340        0x8 ./Core/Src/ICM20948.o
                0x0000000008001340                Mag_init
 .text._ZN7Display8oledTaskEPv
                0x0000000008001348      0x1ec ./Core/Src/app_display.o
                0x0000000008001348                Display::oledTask(void*)
 .text.sensorIRTask
                0x0000000008001534      0x204 ./Core/Src/app_main.o
                0x0000000008001534                sensorIRTask
 .text.IMU_RequestZeroYaw
                0x0000000008001738        0xc ./Core/Src/app_main.o
                0x0000000008001738                IMU_RequestZeroYaw
 .text.initializeCPPconstructs
                0x0000000008001744       0x7c ./Core/Src/app_main.o
                0x0000000008001744                initializeCPPconstructs
 .text.IMU_ZeroYawNow
                0x00000000080017c0       0x64 ./Core/Src/app_main.o
                0x00000000080017c0                IMU_ZeroYawNow
 *fill*         0x0000000008001824        0x4 
 .text.quaternionUpdate
                0x0000000008001828      0x338 ./Core/Src/app_main.o
                0x0000000008001828                quaternionUpdate
 .text.sensorIMUTask
                0x0000000008001b60      0x1ec ./Core/Src/app_main.o
                0x0000000008001b60                sensorIMUTask
 .text._ext_sig_halt
                0x0000000008001d4c        0xc ./Core/Src/app_main.o
                0x0000000008001d4c                _ext_sig_halt
 .text.HAL_UART_RxCpltCallback
                0x0000000008001d58       0x18 ./Core/Src/app_main.o
                0x0000000008001d58                HAL_UART_RxCpltCallback
 .text.HAL_TIM_IC_CaptureCallback
                0x0000000008001d70       0xac ./Core/Src/app_main.o
                0x0000000008001d70                HAL_TIM_IC_CaptureCallback
 .text.startup._GLOBAL__sub_I_sensor_data
                0x0000000008001e1c       0x60 ./Core/Src/app_main.o
 .text.exit._GLOBAL__sub_D_sensor_data
                0x0000000008001e7c       0x1c ./Core/Src/app_main.o
 .text._ZN9AppMotionL7angDiffEff
                0x0000000008001e98       0x44 ./Core/Src/app_motion.o
 .text._ZN9AppMotion16MotionControllerC2EP5u_ctx
                0x0000000008001edc        0x4 ./Core/Src/app_motion.o
                0x0000000008001edc                AppMotion::MotionController::MotionController(u_ctx*)
                0x0000000008001edc                AppMotion::MotionController::MotionController(u_ctx*)
 .text._ZN9AppMotion16MotionController13emergencyStopEv
                0x0000000008001ee0        0x8 ./Core/Src/app_motion.o
                0x0000000008001ee0                AppMotion::MotionController::emergencyStop()
 .text._ZN9AppMotion5Servo9turnToPosEm
                0x0000000008001ee8       0x1c ./Core/Src/app_motion.o
                0x0000000008001ee8                AppMotion::Servo::turnToPos(unsigned long)
 .text._ZN9AppMotion5Servo8turnLeftEv
                0x0000000008001f04        0x6 ./Core/Src/app_motion.o
                0x0000000008001f04                AppMotion::Servo::turnLeft()
 .text._ZN9AppMotion5Servo9turnRightEv
                0x0000000008001f0a        0x6 ./Core/Src/app_motion.o
                0x0000000008001f0a                AppMotion::Servo::turnRight()
 .text._ZN9AppMotion5Servo9turnFrontEv
                0x0000000008001f10        0x6 ./Core/Src/app_motion.o
                0x0000000008001f10                AppMotion::Servo::turnFront()
 .text._ZN9AppMotion5MotorC2EP17TIM_HandleTypeDefmmm
                0x0000000008001f16       0x28 ./Core/Src/app_motion.o
                0x0000000008001f16                AppMotion::Motor::Motor(TIM_HandleTypeDef*, unsigned long, unsigned long, unsigned long)
                0x0000000008001f16                AppMotion::Motor::Motor(TIM_HandleTypeDef*, unsigned long, unsigned long, unsigned long)
 *fill*         0x0000000008001f3e        0x2 
 .text._ZN9AppMotion16MotionController5startEv
                0x0000000008001f40      0x14c ./Core/Src/app_motion.o
                0x0000000008001f40                AppMotion::MotionController::start()
 .text._ZN9AppMotion5Motor8setSpeedEmb
                0x000000000800208c       0x84 ./Core/Src/app_motion.o
                0x000000000800208c                AppMotion::Motor::setSpeed(unsigned long, bool)
 .text._ZN9AppMotion5Motor4haltEv
                0x0000000008002110       0x3a ./Core/Src/app_motion.o
                0x0000000008002110                AppMotion::Motor::halt()
 *fill*         0x000000000800214a        0x6 
 .text._ZN9AppMotion16MotionController4turnEbbbm
                0x0000000008002150      0x360 ./Core/Src/app_motion.o
                0x0000000008002150                AppMotion::MotionController::turn(bool, bool, bool, unsigned long)
 .text._ZN9AppMotion16MotionController16task2PassObstOneEb
                0x00000000080024b0      0x840 ./Core/Src/app_motion.o
                0x00000000080024b0                AppMotion::MotionController::task2PassObstOne(bool)
 .text._ZN9AppMotion7Encoder8getDeltaEmm
                0x0000000008002cf0       0x26 ./Core/Src/app_motion.o
                0x0000000008002cf0                AppMotion::Encoder::getDelta(unsigned long, unsigned long)
 *fill*         0x0000000008002d16        0x2 
 .text._ZN9AppMotion16MotionController4moveEbmmbb
                0x0000000008002d18      0x32c ./Core/Src/app_motion.o
                0x0000000008002d18                AppMotion::MotionController::move(bool, unsigned long, unsigned long, bool, bool)
 *fill*         0x0000000008003044        0x4 
 .text._ZN9AppMotion16MotionController24moveAndTurnAfterObstacleEbbbm
                0x0000000008003048      0x624 ./Core/Src/app_motion.o
                0x0000000008003048                AppMotion::MotionController::moveAndTurnAfterObstacle(bool, bool, bool, unsigned long)
 *fill*         0x000000000800366c        0x4 
 .text._ZN9AppMotion16MotionController16task2PassObstTwoEb
                0x0000000008003670      0xa88 ./Core/Src/app_motion.o
                0x0000000008003670                AppMotion::MotionController::task2PassObstTwo(bool)
 .text._ZN9AppMotion16MotionController10motionTaskEPv
                0x00000000080040f8      0x15c ./Core/Src/app_motion.o
                0x00000000080040f8                AppMotion::MotionController::motionTask(void*)
 .text._ZN9AppParser8ListenerC2EP5u_ctx
                0x0000000008004254        0x4 ./Core/Src/app_parser.o
                0x0000000008004254                AppParser::Listener::Listener(u_ctx*)
                0x0000000008004254                AppParser::Listener::Listener(u_ctx*)
 .text._ZN9AppParser8ListenerD2Ev
                0x0000000008004258        0x2 ./Core/Src/app_parser.o
                0x0000000008004258                AppParser::Listener::~Listener()
                0x0000000008004258                AppParser::Listener::~Listener()
 *fill*         0x000000000800425a        0x2 
 .text._ZN9AppParser8Listener6invokeEv
                0x000000000800425c       0x30 ./Core/Src/app_parser.o
                0x000000000800425c                AppParser::Listener::invoke()
 .text._ZN9AppParser9ProcessorC2EP5u_ctxS2_
                0x000000000800428c       0x1a ./Core/Src/app_parser.o
                0x000000000800428c                AppParser::Processor::Processor(u_ctx*, u_ctx*)
                0x000000000800428c                AppParser::Processor::Processor(u_ctx*, u_ctx*)
 .text._ZN9AppParser9ProcessorD2Ev
                0x00000000080042a6        0x2 ./Core/Src/app_parser.o
                0x00000000080042a6                AppParser::Processor::~Processor()
                0x00000000080042a6                AppParser::Processor::~Processor()
 .text._ZN9AppParser9Processor5startEv
                0x00000000080042a8       0x24 ./Core/Src/app_parser.o
                0x00000000080042a8                AppParser::Processor::start()
 .text._ZN9AppParser9Processor22returnSensorRequestCmdEh
                0x00000000080042cc       0xbc ./Core/Src/app_parser.o
                0x00000000080042cc                AppParser::Processor::returnSensorRequestCmd(unsigned char)
 .text._ZN9AppParser9Processor21getMotionCmdFromBytesEPh
                0x0000000008004388       0x80 ./Core/Src/app_parser.o
                0x0000000008004388                AppParser::Processor::getMotionCmdFromBytes(unsigned char*)
 .text._ZN9AppParser9Processor13processorTaskEPv
                0x0000000008004408      0x244 ./Core/Src/app_parser.o
                0x0000000008004408                AppParser::Processor::processorTask(void*)
 .text.StartDefaultTask
                0x000000000800464c        0xa ./Core/Src/main.o
                0x000000000800464c                StartDefaultTask
 *fill*         0x0000000008004656        0x2 
 .text.SystemClock_Config
                0x0000000008004658       0x88 ./Core/Src/main.o
                0x0000000008004658                SystemClock_Config
 .text.startup.main
                0x00000000080046e0      0x5b4 ./Core/Src/main.o
                0x00000000080046e0                main
 .text.HAL_GPIO_EXTI_Callback
                0x0000000008004c94        0x2 ./Core/Src/main.o
                0x0000000008004c94                HAL_GPIO_EXTI_Callback
 .text.Error_Handler
                0x0000000008004c96        0x4 ./Core/Src/main.o
                0x0000000008004c96                Error_Handler
 *fill*         0x0000000008004c9a        0x2 
 .text.OLED_WR_Byte
                0x0000000008004c9c       0x64 ./Core/Src/oled.o
                0x0000000008004c9c                OLED_WR_Byte
 .text.OLED_Refresh_Gram
                0x0000000008004d00       0x44 ./Core/Src/oled.o
                0x0000000008004d00                OLED_Refresh_Gram
 .text.OLED_Clear
                0x0000000008004d44       0x28 ./Core/Src/oled.o
                0x0000000008004d44                OLED_Clear
 .text.OLED_Display_On
                0x0000000008004d6c       0x1e ./Core/Src/oled.o
                0x0000000008004d6c                OLED_Display_On
 *fill*         0x0000000008004d8a        0x2 
 .text.OLED_DrawPoint
                0x0000000008004d8c       0x38 ./Core/Src/oled.o
                0x0000000008004d8c                OLED_DrawPoint
 .text.OLED_ShowChar
                0x0000000008004dc4       0x8c ./Core/Src/oled.o
                0x0000000008004dc4                OLED_ShowChar
 .text.OLED_ShowString
                0x0000000008004e50       0x3e ./Core/Src/oled.o
                0x0000000008004e50                OLED_ShowString
 .text.OLED_DrawRect
                0x0000000008004e8e       0x4a ./Core/Src/oled.o
                0x0000000008004e8e                OLED_DrawRect
 .text.OLED_DrawRectWithFill
                0x0000000008004ed8       0x7e ./Core/Src/oled.o
                0x0000000008004ed8                OLED_DrawRectWithFill
 .text.OLED_DrawVerticalLine
                0x0000000008004f56       0x1e ./Core/Src/oled.o
                0x0000000008004f56                OLED_DrawVerticalLine
 .text.OLED_Init
                0x0000000008004f74      0x114 ./Core/Src/oled.o
                0x0000000008004f74                OLED_Init
 .text._Z8PID_initP12pid_type_defhPKfff
                0x0000000008005088       0x32 ./Core/Src/pid.o
                0x0000000008005088                PID_init(pid_type_def*, unsigned char, float const*, float, float)
 *fill*         0x00000000080050ba        0x2 
 .text.HAL_MspInit
                0x00000000080050bc       0x40 ./Core/Src/stm32f4xx_hal_msp.o
                0x00000000080050bc                HAL_MspInit
 .text.HAL_ADC_MspInit
                0x00000000080050fc       0xb0 ./Core/Src/stm32f4xx_hal_msp.o
                0x00000000080050fc                HAL_ADC_MspInit
 .text.HAL_I2C_MspInit
                0x00000000080051ac       0x70 ./Core/Src/stm32f4xx_hal_msp.o
                0x00000000080051ac                HAL_I2C_MspInit
 .text.HAL_TIM_Encoder_MspInit
                0x000000000800521c       0xf0 ./Core/Src/stm32f4xx_hal_msp.o
                0x000000000800521c                HAL_TIM_Encoder_MspInit
 .text.HAL_TIM_Base_MspInit
                0x000000000800530c      0x108 ./Core/Src/stm32f4xx_hal_msp.o
                0x000000000800530c                HAL_TIM_Base_MspInit
 .text.HAL_TIM_MspPostInit
                0x0000000008005414       0xbc ./Core/Src/stm32f4xx_hal_msp.o
                0x0000000008005414                HAL_TIM_MspPostInit
 .text.HAL_UART_MspInit
                0x00000000080054d0      0x10c ./Core/Src/stm32f4xx_hal_msp.o
                0x00000000080054d0                HAL_UART_MspInit
 .text.NMI_Handler
                0x00000000080055dc        0x2 ./Core/Src/stm32f4xx_it.o
                0x00000000080055dc                NMI_Handler
 .text.HardFault_Handler
                0x00000000080055de        0x2 ./Core/Src/stm32f4xx_it.o
                0x00000000080055de                HardFault_Handler
 .text.MemManage_Handler
                0x00000000080055e0        0x2 ./Core/Src/stm32f4xx_it.o
                0x00000000080055e0                MemManage_Handler
 .text.BusFault_Handler
                0x00000000080055e2        0x2 ./Core/Src/stm32f4xx_it.o
                0x00000000080055e2                BusFault_Handler
 .text.UsageFault_Handler
                0x00000000080055e4        0x2 ./Core/Src/stm32f4xx_it.o
                0x00000000080055e4                UsageFault_Handler
 .text.DebugMon_Handler
                0x00000000080055e6        0x2 ./Core/Src/stm32f4xx_it.o
                0x00000000080055e6                DebugMon_Handler
 .text.SysTick_Handler
                0x00000000080055e8       0x18 ./Core/Src/stm32f4xx_it.o
                0x00000000080055e8                SysTick_Handler
 .text.EXTI0_IRQHandler
                0x0000000008005600        0x6 ./Core/Src/stm32f4xx_it.o
                0x0000000008005600                EXTI0_IRQHandler
 *fill*         0x0000000008005606        0x2 
 .text.DMA1_Stream1_IRQHandler
                0x0000000008005608        0xc ./Core/Src/stm32f4xx_it.o
                0x0000000008005608                DMA1_Stream1_IRQHandler
 .text.DMA1_Stream3_IRQHandler
                0x0000000008005614        0xc ./Core/Src/stm32f4xx_it.o
                0x0000000008005614                DMA1_Stream3_IRQHandler
 .text.TIM3_IRQHandler
                0x0000000008005620        0xc ./Core/Src/stm32f4xx_it.o
                0x0000000008005620                TIM3_IRQHandler
 .text.USART3_IRQHandler
                0x000000000800562c        0xc ./Core/Src/stm32f4xx_it.o
                0x000000000800562c                USART3_IRQHandler
 .text.TIM8_CC_IRQHandler
                0x0000000008005638        0xc ./Core/Src/stm32f4xx_it.o
                0x0000000008005638                TIM8_CC_IRQHandler
 .text._getpid  0x0000000008005644        0x4 ./Core/Src/syscalls.o
                0x0000000008005644                _getpid
 .text._kill    0x0000000008005648       0x10 ./Core/Src/syscalls.o
                0x0000000008005648                _kill
 .text._exit    0x0000000008005658        0xc ./Core/Src/syscalls.o
                0x0000000008005658                _exit
 .text._read    0x0000000008005664       0x1c ./Core/Src/syscalls.o
                0x0000000008005664                _read
 .text._write   0x0000000008005680       0x1c ./Core/Src/syscalls.o
                0x0000000008005680                _write
 .text._close   0x000000000800569c        0x6 ./Core/Src/syscalls.o
                0x000000000800569c                _close
 .text._fstat   0x00000000080056a2        0xa ./Core/Src/syscalls.o
                0x00000000080056a2                _fstat
 .text._isatty  0x00000000080056ac        0x4 ./Core/Src/syscalls.o
                0x00000000080056ac                _isatty
 .text._lseek   0x00000000080056b0        0x4 ./Core/Src/syscalls.o
                0x00000000080056b0                _lseek
 .text._sbrk    0x00000000080056b4       0x40 ./Core/Src/sysmem.o
                0x00000000080056b4                _sbrk
 .text.SystemInit
                0x00000000080056f4       0x14 ./Core/Src/system_stm32f4xx.o
                0x00000000080056f4                SystemInit
 .text.Reset_Handler
                0x0000000008005708       0x50 ./Core/Startup/startup_stm32f407vetx.o
                0x0000000008005708                Reset_Handler
 .text.Default_Handler
                0x0000000008005758        0x2 ./Core/Startup/startup_stm32f407vetx.o
                0x0000000008005758                RTC_Alarm_IRQHandler
                0x0000000008005758                HASH_RNG_IRQHandler
                0x0000000008005758                EXTI2_IRQHandler
                0x0000000008005758                TIM1_CC_IRQHandler
                0x0000000008005758                DMA2_Stream5_IRQHandler
                0x0000000008005758                DMA1_Stream5_IRQHandler
                0x0000000008005758                PVD_IRQHandler
                0x0000000008005758                SDIO_IRQHandler
                0x0000000008005758                TAMP_STAMP_IRQHandler
                0x0000000008005758                CAN2_RX1_IRQHandler
                0x0000000008005758                EXTI3_IRQHandler
                0x0000000008005758                TIM8_TRG_COM_TIM14_IRQHandler
                0x0000000008005758                TIM1_UP_TIM10_IRQHandler
                0x0000000008005758                TIM8_UP_TIM13_IRQHandler
                0x0000000008005758                I2C3_ER_IRQHandler
                0x0000000008005758                I2C2_EV_IRQHandler
                0x0000000008005758                DMA1_Stream2_IRQHandler
                0x0000000008005758                CAN1_RX0_IRQHandler
                0x0000000008005758                FPU_IRQHandler
                0x0000000008005758                OTG_HS_WKUP_IRQHandler
                0x0000000008005758                CAN2_SCE_IRQHandler
                0x0000000008005758                DMA2_Stream2_IRQHandler
                0x0000000008005758                SPI1_IRQHandler
                0x0000000008005758                TIM6_DAC_IRQHandler
                0x0000000008005758                TIM1_BRK_TIM9_IRQHandler
                0x0000000008005758                DCMI_IRQHandler
                0x0000000008005758                CAN2_RX0_IRQHandler
                0x0000000008005758                DMA2_Stream3_IRQHandler
                0x0000000008005758                USART6_IRQHandler
                0x0000000008005758                CAN1_RX1_IRQHandler
                0x0000000008005758                UART5_IRQHandler
                0x0000000008005758                DMA2_Stream0_IRQHandler
                0x0000000008005758                TIM4_IRQHandler
                0x0000000008005758                I2C1_EV_IRQHandler
                0x0000000008005758                DMA1_Stream6_IRQHandler
                0x0000000008005758                UART4_IRQHandler
                0x0000000008005758                RCC_IRQHandler
                0x0000000008005758                TIM8_BRK_TIM12_IRQHandler
                0x0000000008005758                Default_Handler
                0x0000000008005758                EXTI15_10_IRQHandler
                0x0000000008005758                ADC_IRQHandler
                0x0000000008005758                DMA1_Stream7_IRQHandler
                0x0000000008005758                TIM7_IRQHandler
                0x0000000008005758                CAN2_TX_IRQHandler
                0x0000000008005758                TIM5_IRQHandler
                0x0000000008005758                DMA2_Stream7_IRQHandler
                0x0000000008005758                I2C3_EV_IRQHandler
                0x0000000008005758                EXTI9_5_IRQHandler
                0x0000000008005758                RTC_WKUP_IRQHandler
                0x0000000008005758                ETH_WKUP_IRQHandler
                0x0000000008005758                SPI2_IRQHandler
                0x0000000008005758                OTG_HS_EP1_IN_IRQHandler
                0x0000000008005758                DMA1_Stream0_IRQHandler
                0x0000000008005758                CAN1_TX_IRQHandler
                0x0000000008005758                EXTI4_IRQHandler
                0x0000000008005758                FSMC_IRQHandler
                0x0000000008005758                ETH_IRQHandler
                0x0000000008005758                OTG_HS_EP1_OUT_IRQHandler
                0x0000000008005758                WWDG_IRQHandler
                0x0000000008005758                TIM2_IRQHandler
                0x0000000008005758                OTG_FS_WKUP_IRQHandler
                0x0000000008005758                TIM1_TRG_COM_TIM11_IRQHandler
                0x0000000008005758                OTG_HS_IRQHandler
                0x0000000008005758                EXTI1_IRQHandler
                0x0000000008005758                USART2_IRQHandler
                0x0000000008005758                I2C2_ER_IRQHandler
                0x0000000008005758                DMA2_Stream1_IRQHandler
                0x0000000008005758                CAN1_SCE_IRQHandler
                0x0000000008005758                FLASH_IRQHandler
                0x0000000008005758                DMA2_Stream4_IRQHandler
                0x0000000008005758                USART1_IRQHandler
                0x0000000008005758                OTG_FS_IRQHandler
                0x0000000008005758                SPI3_IRQHandler
                0x0000000008005758                DMA1_Stream4_IRQHandler
                0x0000000008005758                I2C1_ER_IRQHandler
                0x0000000008005758                DMA2_Stream6_IRQHandler
 *fill*         0x000000000800575a        0x2 
 .text.HAL_InitTick
                0x000000000800575c       0x48 ./Drivers/STM32F4xx_HAL_Driver/Src/stm32f4xx_hal.o
                0x000000000800575c                HAL_InitTick
 .text.HAL_Init
                0x00000000080057a4       0x34 ./Drivers/STM32F4xx_HAL_Driver/Src/stm32f4xx_hal.o
                0x00000000080057a4                HAL_Init
 .text.HAL_IncTick
                0x00000000080057d8       0x18 ./Drivers/STM32F4xx_HAL_Driver/Src/stm32f4xx_hal.o
                0x00000000080057d8                HAL_IncTick
 .text.HAL_GetTick
                0x00000000080057f0        0xc ./Drivers/STM32F4xx_HAL_Driver/Src/stm32f4xx_hal.o
                0x00000000080057f0                HAL_GetTick
 .text.HAL_Delay
                0x00000000080057fc       0x28 ./Drivers/STM32F4xx_HAL_Driver/Src/stm32f4xx_hal.o
                0x00000000080057fc                HAL_Delay
 .text.HAL_ADC_Init
                0x0000000008005824      0x14c ./Drivers/STM32F4xx_HAL_Driver/Src/stm32f4xx_hal_adc.o
                0x0000000008005824                HAL_ADC_Init
 .text.HAL_ADC_Start
                0x0000000008005970      0x114 ./Drivers/STM32F4xx_HAL_Driver/Src/stm32f4xx_hal_adc.o
                0x0000000008005970                HAL_ADC_Start
 .text.HAL_ADC_Stop
                0x0000000008005a84       0x36 ./Drivers/STM32F4xx_HAL_Driver/Src/stm32f4xx_hal_adc.o
                0x0000000008005a84                HAL_ADC_Stop
 .text.HAL_ADC_PollForConversion
                0x0000000008005aba       0xa6 ./Drivers/STM32F4xx_HAL_Driver/Src/stm32f4xx_hal_adc.o
                0x0000000008005aba                HAL_ADC_PollForConversion
 .text.HAL_ADC_GetValue
                0x0000000008005b60        0x6 ./Drivers/STM32F4xx_HAL_Driver/Src/stm32f4xx_hal_adc.o
                0x0000000008005b60                HAL_ADC_GetValue
 *fill*         0x0000000008005b66        0x2 
 .text.HAL_ADC_ConfigChannel
                0x0000000008005b68      0x120 ./Drivers/STM32F4xx_HAL_Driver/Src/stm32f4xx_hal_adc.o
                0x0000000008005b68                HAL_ADC_ConfigChannel
 .text.HAL_NVIC_SetPriorityGrouping
                0x0000000008005c88       0x24 ./Drivers/STM32F4xx_HAL_Driver/Src/stm32f4xx_hal_cortex.o
                0x0000000008005c88                HAL_NVIC_SetPriorityGrouping
 .text.HAL_NVIC_SetPriority
                0x0000000008005cac       0x64 ./Drivers/STM32F4xx_HAL_Driver/Src/stm32f4xx_hal_cortex.o
                0x0000000008005cac                HAL_NVIC_SetPriority
 .text.HAL_NVIC_EnableIRQ
                0x0000000008005d10       0x1c ./Drivers/STM32F4xx_HAL_Driver/Src/stm32f4xx_hal_cortex.o
                0x0000000008005d10                HAL_NVIC_EnableIRQ
 .text.HAL_SYSTICK_Config
                0x0000000008005d2c       0x28 ./Drivers/STM32F4xx_HAL_Driver/Src/stm32f4xx_hal_cortex.o
                0x0000000008005d2c                HAL_SYSTICK_Config
 .text.DMA_CalcBaseAndBitshift
                0x0000000008005d54       0x2c ./Drivers/STM32F4xx_HAL_Driver/Src/stm32f4xx_hal_dma.o
 .text.HAL_DMA_Init
                0x0000000008005d80       0xfc ./Drivers/STM32F4xx_HAL_Driver/Src/stm32f4xx_hal_dma.o
                0x0000000008005d80                HAL_DMA_Init
 .text.HAL_DMA_Start_IT
                0x0000000008005e7c       0x74 ./Drivers/STM32F4xx_HAL_Driver/Src/stm32f4xx_hal_dma.o
                0x0000000008005e7c                HAL_DMA_Start_IT
 .text.HAL_DMA_Abort
                0x0000000008005ef0       0x7e ./Drivers/STM32F4xx_HAL_Driver/Src/stm32f4xx_hal_dma.o
                0x0000000008005ef0                HAL_DMA_Abort
 .text.HAL_DMA_Abort_IT
                0x0000000008005f6e       0x24 ./Drivers/STM32F4xx_HAL_Driver/Src/stm32f4xx_hal_dma.o
                0x0000000008005f6e                HAL_DMA_Abort_IT
 *fill*         0x0000000008005f92        0x2 
 .text.HAL_DMA_IRQHandler
                0x0000000008005f94      0x17c ./Drivers/STM32F4xx_HAL_Driver/Src/stm32f4xx_hal_dma.o
                0x0000000008005f94                HAL_DMA_IRQHandler
 .text.HAL_GPIO_Init
                0x0000000008006110      0x1b4 ./Drivers/STM32F4xx_HAL_Driver/Src/stm32f4xx_hal_gpio.o
                0x0000000008006110                HAL_GPIO_Init
 .text.HAL_GPIO_WritePin
                0x00000000080062c4        0xa ./Drivers/STM32F4xx_HAL_Driver/Src/stm32f4xx_hal_gpio.o
                0x00000000080062c4                HAL_GPIO_WritePin
 *fill*         0x00000000080062ce        0x2 
 .text.HAL_GPIO_EXTI_IRQHandler
                0x00000000080062d0       0x18 ./Drivers/STM32F4xx_HAL_Driver/Src/stm32f4xx_hal_gpio.o
                0x00000000080062d0                HAL_GPIO_EXTI_IRQHandler
 .text.I2C_IsAcknowledgeFailed
                0x00000000080062e8       0x34 ./Drivers/STM32F4xx_HAL_Driver/Src/stm32f4xx_hal_i2c.o
 .text.I2C_WaitOnFlagUntilTimeout
                0x000000000800631c       0x64 ./Drivers/STM32F4xx_HAL_Driver/Src/stm32f4xx_hal_i2c.o
 .text.I2C_WaitOnMasterAddressFlagUntilTimeout
                0x0000000008006380       0x76 ./Drivers/STM32F4xx_HAL_Driver/Src/stm32f4xx_hal_i2c.o
 .text.I2C_WaitOnRXNEFlagUntilTimeout
                0x00000000080063f6       0x5e ./Drivers/STM32F4xx_HAL_Driver/Src/stm32f4xx_hal_i2c.o
 .text.I2C_WaitOnTXEFlagUntilTimeout
                0x0000000008006454       0x4c ./Drivers/STM32F4xx_HAL_Driver/Src/stm32f4xx_hal_i2c.o
 .text.I2C_RequestMemoryWrite
                0x00000000080064a0       0xb0 ./Drivers/STM32F4xx_HAL_Driver/Src/stm32f4xx_hal_i2c.o
 .text.I2C_RequestMemoryRead
                0x0000000008006550      0x104 ./Drivers/STM32F4xx_HAL_Driver/Src/stm32f4xx_hal_i2c.o
 .text.I2C_WaitOnBTFFlagUntilTimeout
                0x0000000008006654       0x4c ./Drivers/STM32F4xx_HAL_Driver/Src/stm32f4xx_hal_i2c.o
 .text.HAL_I2C_Init
                0x00000000080066a0      0x150 ./Drivers/STM32F4xx_HAL_Driver/Src/stm32f4xx_hal_i2c.o
                0x00000000080066a0                HAL_I2C_Init
 .text.HAL_I2C_Mem_Write
                0x00000000080067f0      0x120 ./Drivers/STM32F4xx_HAL_Driver/Src/stm32f4xx_hal_i2c.o
                0x00000000080067f0                HAL_I2C_Mem_Write
 .text.HAL_I2C_Mem_Read
                0x0000000008006910      0x210 ./Drivers/STM32F4xx_HAL_Driver/Src/stm32f4xx_hal_i2c.o
                0x0000000008006910                HAL_I2C_Mem_Read
 .text.HAL_I2C_IsDeviceReady
                0x0000000008006b20      0x160 ./Drivers/STM32F4xx_HAL_Driver/Src/stm32f4xx_hal_i2c.o
                0x0000000008006b20                HAL_I2C_IsDeviceReady
 .text.HAL_PWR_EnableBkUpAccess
                0x0000000008006c80       0x1c ./Drivers/STM32F4xx_HAL_Driver/Src/stm32f4xx_hal_pwr.o
                0x0000000008006c80                HAL_PWR_EnableBkUpAccess
 .text.HAL_PWR_DisableBkUpAccess
                0x0000000008006c9c       0x1c ./Drivers/STM32F4xx_HAL_Driver/Src/stm32f4xx_hal_pwr.o
                0x0000000008006c9c                HAL_PWR_DisableBkUpAccess
 .text.HAL_RCC_OscConfig
                0x0000000008006cb8      0x358 ./Drivers/STM32F4xx_HAL_Driver/Src/stm32f4xx_hal_rcc.o
                0x0000000008006cb8                HAL_RCC_OscConfig
 .text.HAL_RCC_GetSysClockFreq
                0x0000000008007010       0x5c ./Drivers/STM32F4xx_HAL_Driver/Src/stm32f4xx_hal_rcc.o
                0x0000000008007010                HAL_RCC_GetSysClockFreq
 .text.HAL_RCC_ClockConfig
                0x000000000800706c      0x134 ./Drivers/STM32F4xx_HAL_Driver/Src/stm32f4xx_hal_rcc.o
                0x000000000800706c                HAL_RCC_ClockConfig
 .text.HAL_RCC_GetPCLK1Freq
                0x00000000080071a0       0x20 ./Drivers/STM32F4xx_HAL_Driver/Src/stm32f4xx_hal_rcc.o
                0x00000000080071a0                HAL_RCC_GetPCLK1Freq
 .text.HAL_RCC_GetPCLK2Freq
                0x00000000080071c0       0x20 ./Drivers/STM32F4xx_HAL_Driver/Src/stm32f4xx_hal_rcc.o
                0x00000000080071c0                HAL_RCC_GetPCLK2Freq
 .text.TIM_OC1_SetConfig
                0x00000000080071e0       0x64 ./Drivers/STM32F4xx_HAL_Driver/Src/stm32f4xx_hal_tim.o
 .text.TIM_OC3_SetConfig
                0x0000000008007244       0x6c ./Drivers/STM32F4xx_HAL_Driver/Src/stm32f4xx_hal_tim.o
 .text.TIM_OC4_SetConfig
                0x00000000080072b0       0x4c ./Drivers/STM32F4xx_HAL_Driver/Src/stm32f4xx_hal_tim.o
 .text.HAL_TIM_PWM_MspInit
                0x00000000080072fc        0x2 ./Drivers/STM32F4xx_HAL_Driver/Src/stm32f4xx_hal_tim.o
                0x00000000080072fc                HAL_TIM_PWM_MspInit
 .text.HAL_TIM_IC_MspInit
                0x00000000080072fe        0x2 ./Drivers/STM32F4xx_HAL_Driver/Src/stm32f4xx_hal_tim.o
                0x00000000080072fe                HAL_TIM_IC_MspInit
 .text.HAL_TIM_Encoder_Start
                0x0000000008007300       0xb2 ./Drivers/STM32F4xx_HAL_Driver/Src/stm32f4xx_hal_tim.o
                0x0000000008007300                HAL_TIM_Encoder_Start
 .text.HAL_TIM_ReadCapturedValue
                0x00000000080073b2       0x2c ./Drivers/STM32F4xx_HAL_Driver/Src/stm32f4xx_hal_tim.o
                0x00000000080073b2                HAL_TIM_ReadCapturedValue
 .text.HAL_TIM_PeriodElapsedCallback
                0x00000000080073de        0x2 ./Drivers/STM32F4xx_HAL_Driver/Src/stm32f4xx_hal_tim.o
                0x00000000080073de                HAL_TIM_PeriodElapsedCallback
 .text.HAL_TIM_OC_DelayElapsedCallback
                0x00000000080073e0        0x2 ./Drivers/STM32F4xx_HAL_Driver/Src/stm32f4xx_hal_tim.o
                0x00000000080073e0                HAL_TIM_OC_DelayElapsedCallback
 .text.HAL_TIM_PWM_PulseFinishedCallback
                0x00000000080073e2        0x2 ./Drivers/STM32F4xx_HAL_Driver/Src/stm32f4xx_hal_tim.o
                0x00000000080073e2                HAL_TIM_PWM_PulseFinishedCallback
 .text.HAL_TIM_TriggerCallback
                0x00000000080073e4        0x2 ./Drivers/STM32F4xx_HAL_Driver/Src/stm32f4xx_hal_tim.o
                0x00000000080073e4                HAL_TIM_TriggerCallback
 .text.HAL_TIM_IRQHandler
                0x00000000080073e6      0x144 ./Drivers/STM32F4xx_HAL_Driver/Src/stm32f4xx_hal_tim.o
                0x00000000080073e6                HAL_TIM_IRQHandler
 *fill*         0x000000000800752a        0x2 
 .text.TIM_Base_SetConfig
                0x000000000800752c       0xcc ./Drivers/STM32F4xx_HAL_Driver/Src/stm32f4xx_hal_tim.o
                0x000000000800752c                TIM_Base_SetConfig
 .text.HAL_TIM_Base_Init
                0x00000000080075f8       0x58 ./Drivers/STM32F4xx_HAL_Driver/Src/stm32f4xx_hal_tim.o
                0x00000000080075f8                HAL_TIM_Base_Init
 .text.HAL_TIM_PWM_Init
                0x0000000008007650       0x58 ./Drivers/STM32F4xx_HAL_Driver/Src/stm32f4xx_hal_tim.o
                0x0000000008007650                HAL_TIM_PWM_Init
 .text.HAL_TIM_IC_Init
                0x00000000080076a8       0x58 ./Drivers/STM32F4xx_HAL_Driver/Src/stm32f4xx_hal_tim.o
                0x00000000080076a8                HAL_TIM_IC_Init
 .text.HAL_TIM_Encoder_Init
                0x0000000008007700       0xa8 ./Drivers/STM32F4xx_HAL_Driver/Src/stm32f4xx_hal_tim.o
                0x0000000008007700                HAL_TIM_Encoder_Init
 .text.TIM_OC2_SetConfig
                0x00000000080077a8       0x6c ./Drivers/STM32F4xx_HAL_Driver/Src/stm32f4xx_hal_tim.o
                0x00000000080077a8                TIM_OC2_SetConfig
 .text.HAL_TIM_PWM_ConfigChannel
                0x0000000008007814       0xb2 ./Drivers/STM32F4xx_HAL_Driver/Src/stm32f4xx_hal_tim.o
                0x0000000008007814                HAL_TIM_PWM_ConfigChannel
 *fill*         0x00000000080078c6        0x2 
 .text.TIM_TI1_SetConfig
                0x00000000080078c8       0x74 ./Drivers/STM32F4xx_HAL_Driver/Src/stm32f4xx_hal_tim.o
                0x00000000080078c8                TIM_TI1_SetConfig
 .text.HAL_TIM_IC_ConfigChannel
                0x000000000800793c      0x12a ./Drivers/STM32F4xx_HAL_Driver/Src/stm32f4xx_hal_tim.o
                0x000000000800793c                HAL_TIM_IC_ConfigChannel
 .text.TIM_ETR_SetConfig
                0x0000000008007a66       0x14 ./Drivers/STM32F4xx_HAL_Driver/Src/stm32f4xx_hal_tim.o
                0x0000000008007a66                TIM_ETR_SetConfig
 .text.HAL_TIM_ConfigClockSource
                0x0000000008007a7a      0x132 ./Drivers/STM32F4xx_HAL_Driver/Src/stm32f4xx_hal_tim.o
                0x0000000008007a7a                HAL_TIM_ConfigClockSource
 .text.TIM_CCxChannelCmd
                0x0000000008007bac       0x1c ./Drivers/STM32F4xx_HAL_Driver/Src/stm32f4xx_hal_tim.o
                0x0000000008007bac                TIM_CCxChannelCmd
 .text.HAL_TIM_OC_Start
                0x0000000008007bc8       0xcc ./Drivers/STM32F4xx_HAL_Driver/Src/stm32f4xx_hal_tim.o
                0x0000000008007bc8                HAL_TIM_OC_Start
 .text.HAL_TIM_PWM_Start
                0x0000000008007c94        0x4 ./Drivers/STM32F4xx_HAL_Driver/Src/stm32f4xx_hal_tim.o
                0x0000000008007c94                HAL_TIM_PWM_Start
 .text.HAL_TIM_IC_Stop_IT
                0x0000000008007c98       0x9c ./Drivers/STM32F4xx_HAL_Driver/Src/stm32f4xx_hal_tim.o
                0x0000000008007c98                HAL_TIM_IC_Stop_IT
 .text.HAL_TIMEx_MasterConfigSynchronization
                0x0000000008007d34       0x7c ./Drivers/STM32F4xx_HAL_Driver/Src/stm32f4xx_hal_tim_ex.o
                0x0000000008007d34                HAL_TIMEx_MasterConfigSynchronization
 .text.HAL_TIMEx_CommutCallback
                0x0000000008007db0        0x2 ./Drivers/STM32F4xx_HAL_Driver/Src/stm32f4xx_hal_tim_ex.o
                0x0000000008007db0                HAL_TIMEx_CommutCallback
 .text.HAL_TIMEx_BreakCallback
                0x0000000008007db2        0x2 ./Drivers/STM32F4xx_HAL_Driver/Src/stm32f4xx_hal_tim_ex.o
                0x0000000008007db2                HAL_TIMEx_BreakCallback
 .text.UART_EndRxTransfer
                0x0000000008007db4       0x5c ./Drivers/STM32F4xx_HAL_Driver/Src/stm32f4xx_hal_uart.o
 .text.UART_SetConfig
                0x0000000008007e10       0xbc ./Drivers/STM32F4xx_HAL_Driver/Src/stm32f4xx_hal_uart.o
 .text.UART_WaitOnFlagUntilTimeout.constprop.0
                0x0000000008007ecc       0x6c ./Drivers/STM32F4xx_HAL_Driver/Src/stm32f4xx_hal_uart.o
 .text.HAL_UART_Init
                0x0000000008007f38       0x5c ./Drivers/STM32F4xx_HAL_Driver/Src/stm32f4xx_hal_uart.o
                0x0000000008007f38                HAL_UART_Init
 .text.HAL_UART_Transmit
                0x0000000008007f94       0xaa ./Drivers/STM32F4xx_HAL_Driver/Src/stm32f4xx_hal_uart.o
                0x0000000008007f94                HAL_UART_Transmit
 .text.HAL_UART_DMAStop
                0x000000000800803e       0x8c ./Drivers/STM32F4xx_HAL_Driver/Src/stm32f4xx_hal_uart.o
                0x000000000800803e                HAL_UART_DMAStop
 .text.HAL_UART_TxCpltCallback
                0x00000000080080ca        0x2 ./Drivers/STM32F4xx_HAL_Driver/Src/stm32f4xx_hal_uart.o
                0x00000000080080ca                HAL_UART_TxCpltCallback
 .text.HAL_UART_RxHalfCpltCallback
                0x00000000080080cc        0x2 ./Drivers/STM32F4xx_HAL_Driver/Src/stm32f4xx_hal_uart.o
                0x00000000080080cc                HAL_UART_RxHalfCpltCallback
 .text.HAL_UART_ErrorCallback
                0x00000000080080ce        0x2 ./Drivers/STM32F4xx_HAL_Driver/Src/stm32f4xx_hal_uart.o
                0x00000000080080ce                HAL_UART_ErrorCallback
 .text.UART_DMAError
                0x00000000080080d0       0x5a ./Drivers/STM32F4xx_HAL_Driver/Src/stm32f4xx_hal_uart.o
 .text.UART_DMAAbortOnError
                0x000000000800812a       0x10 ./Drivers/STM32F4xx_HAL_Driver/Src/stm32f4xx_hal_uart.o
 .text.HAL_UARTEx_RxEventCallback
                0x000000000800813a        0x2 ./Drivers/STM32F4xx_HAL_Driver/Src/stm32f4xx_hal_uart.o
                0x000000000800813a                HAL_UARTEx_RxEventCallback
 .text.UART_DMARxHalfCplt
                0x000000000800813c       0x1a ./Drivers/STM32F4xx_HAL_Driver/Src/stm32f4xx_hal_uart.o
 .text.UART_DMAReceiveCplt
                0x0000000008008156       0x94 ./Drivers/STM32F4xx_HAL_Driver/Src/stm32f4xx_hal_uart.o
 .text.UART_Receive_IT.isra.0
                0x00000000080081ea       0xb4 ./Drivers/STM32F4xx_HAL_Driver/Src/stm32f4xx_hal_uart.o
 *fill*         0x000000000800829e        0x2 
 .text.HAL_UART_IRQHandler
                0x00000000080082a0      0x28c ./Drivers/STM32F4xx_HAL_Driver/Src/stm32f4xx_hal_uart.o
                0x00000000080082a0                HAL_UART_IRQHandler
 .text.UART_Start_Receive_DMA
                0x000000000800852c       0x9c ./Drivers/STM32F4xx_HAL_Driver/Src/stm32f4xx_hal_uart.o
                0x000000000800852c                UART_Start_Receive_DMA
 .text.HAL_UART_Receive_DMA
                0x00000000080085c8       0x30 ./Drivers/STM32F4xx_HAL_Driver/Src/stm32f4xx_hal_uart.o
                0x00000000080085c8                HAL_UART_Receive_DMA
 .text.osKernelInitialize
                0x00000000080085f8       0x24 ./Middlewares/Third_Party/FreeRTOS/Source/CMSIS_RTOS_V2/cmsis_os2.o
                0x00000000080085f8                osKernelInitialize
 .text.osKernelStart
                0x000000000800861c       0x34 ./Middlewares/Third_Party/FreeRTOS/Source/CMSIS_RTOS_V2/cmsis_os2.o
                0x000000000800861c                osKernelStart
 .text.osThreadNew
                0x0000000008008650       0x8e ./Middlewares/Third_Party/FreeRTOS/Source/CMSIS_RTOS_V2/cmsis_os2.o
                0x0000000008008650                osThreadNew
 .text.osThreadYield
                0x00000000080086de       0x22 ./Middlewares/Third_Party/FreeRTOS/Source/CMSIS_RTOS_V2/cmsis_os2.o
                0x00000000080086de                osThreadYield
 .text.osDelay  0x0000000008008700       0x18 ./Middlewares/Third_Party/FreeRTOS/Source/CMSIS_RTOS_V2/cmsis_os2.o
                0x0000000008008700                osDelay
 .text.osSemaphoreGetCount
                0x0000000008008718       0x12 ./Middlewares/Third_Party/FreeRTOS/Source/CMSIS_RTOS_V2/cmsis_os2.o
                0x0000000008008718                osSemaphoreGetCount
 .text.osMessageQueueNew
                0x000000000800872a       0x76 ./Middlewares/Third_Party/FreeRTOS/Source/CMSIS_RTOS_V2/cmsis_os2.o
                0x000000000800872a                osMessageQueueNew
 .text.osMessageQueuePut
                0x00000000080087a0       0x60 ./Middlewares/Third_Party/FreeRTOS/Source/CMSIS_RTOS_V2/cmsis_os2.o
                0x00000000080087a0                osMessageQueuePut
 .text.osMessageQueueGet
                0x0000000008008800       0x5e ./Middlewares/Third_Party/FreeRTOS/Source/CMSIS_RTOS_V2/cmsis_os2.o
                0x0000000008008800                osMessageQueueGet
 .text.osMessageQueueGetCount
                0x000000000800885e        0x4 ./Middlewares/Third_Party/FreeRTOS/Source/CMSIS_RTOS_V2/cmsis_os2.o
                0x000000000800885e                osMessageQueueGetCount
 .text.osMessageQueueReset
                0x0000000008008862       0x20 ./Middlewares/Third_Party/FreeRTOS/Source/CMSIS_RTOS_V2/cmsis_os2.o
                0x0000000008008862                osMessageQueueReset
 *fill*         0x0000000008008882        0x2 
 .text.vApplicationGetIdleTaskMemory
                0x0000000008008884       0x18 ./Middlewares/Third_Party/FreeRTOS/Source/CMSIS_RTOS_V2/cmsis_os2.o
                0x0000000008008884                vApplicationGetIdleTaskMemory
 .text.vApplicationGetTimerTaskMemory
                0x000000000800889c       0x18 ./Middlewares/Third_Party/FreeRTOS/Source/CMSIS_RTOS_V2/cmsis_os2.o
                0x000000000800889c                vApplicationGetTimerTaskMemory
 .text.vListInitialise
                0x00000000080088b4       0x16 ./Middlewares/Third_Party/FreeRTOS/Source/list.o
                0x00000000080088b4                vListInitialise
 .text.vListInitialiseItem
                0x00000000080088ca        0x6 ./Middlewares/Third_Party/FreeRTOS/Source/list.o
                0x00000000080088ca                vListInitialiseItem
 .text.vListInsertEnd
                0x00000000080088d0       0x18 ./Middlewares/Third_Party/FreeRTOS/Source/list.o
                0x00000000080088d0                vListInsertEnd
 .text.vListInsert
                0x00000000080088e8       0x2e ./Middlewares/Third_Party/FreeRTOS/Source/list.o
                0x00000000080088e8                vListInsert
 .text.uxListRemove
                0x0000000008008916       0x20 ./Middlewares/Third_Party/FreeRTOS/Source/list.o
                0x0000000008008916                uxListRemove
 .text.prvIsQueueEmpty
                0x0000000008008936       0x16 ./Middlewares/Third_Party/FreeRTOS/Source/queue.o
 .text.prvCopyDataToQueue
                0x000000000800894c       0x6a ./Middlewares/Third_Party/FreeRTOS/Source/queue.o
 .text.prvCopyDataFromQueue
                0x00000000080089b6       0x2c ./Middlewares/Third_Party/FreeRTOS/Source/queue.o
 .text.prvUnlockQueue
                0x00000000080089e2       0x70 ./Middlewares/Third_Party/FreeRTOS/Source/queue.o
 .text.xQueueGenericReset
                0x0000000008008a52       0x7e ./Middlewares/Third_Party/FreeRTOS/Source/queue.o
                0x0000000008008a52                xQueueGenericReset
 .text.xQueueGenericCreateStatic
                0x0000000008008ad0       0x9c ./Middlewares/Third_Party/FreeRTOS/Source/queue.o
                0x0000000008008ad0                xQueueGenericCreateStatic
 .text.xQueueGenericCreate
                0x0000000008008b6c       0x4e ./Middlewares/Third_Party/FreeRTOS/Source/queue.o
                0x0000000008008b6c                xQueueGenericCreate
 .text.xQueueGenericSend
                0x0000000008008bba      0x166 ./Middlewares/Third_Party/FreeRTOS/Source/queue.o
                0x0000000008008bba                xQueueGenericSend
 .text.xQueueGenericSendFromISR
                0x0000000008008d20       0xc4 ./Middlewares/Third_Party/FreeRTOS/Source/queue.o
                0x0000000008008d20                xQueueGenericSendFromISR
 .text.xQueueReceive
                0x0000000008008de4      0x13e ./Middlewares/Third_Party/FreeRTOS/Source/queue.o
                0x0000000008008de4                xQueueReceive
 .text.xQueueReceiveFromISR
                0x0000000008008f22       0x9e ./Middlewares/Third_Party/FreeRTOS/Source/queue.o
                0x0000000008008f22                xQueueReceiveFromISR
 .text.uxQueueMessagesWaiting
                0x0000000008008fc0       0x2a ./Middlewares/Third_Party/FreeRTOS/Source/queue.o
                0x0000000008008fc0                uxQueueMessagesWaiting
 .text.uxQueueMessagesWaitingFromISR
                0x0000000008008fea       0x18 ./Middlewares/Third_Party/FreeRTOS/Source/queue.o
                0x0000000008008fea                uxQueueMessagesWaitingFromISR
 *fill*         0x0000000008009002        0x2 
 .text.vQueueAddToRegistry
                0x0000000008009004       0x24 ./Middlewares/Third_Party/FreeRTOS/Source/queue.o
                0x0000000008009004                vQueueAddToRegistry
 .text.vQueueWaitForMessageRestricted
                0x0000000008009028       0x46 ./Middlewares/Third_Party/FreeRTOS/Source/queue.o
                0x0000000008009028                vQueueWaitForMessageRestricted
 *fill*         0x000000000800906e        0x2 
 .text.prvAddNewTaskToReadyList
                0x0000000008009070      0x100 ./Middlewares/Third_Party/FreeRTOS/Source/tasks.o
 .text.prvAddCurrentTaskToDelayedList
                0x0000000008009170       0x70 ./Middlewares/Third_Party/FreeRTOS/Source/tasks.o
 .text.prvResetNextTaskUnblockTime
                0x00000000080091e0       0x24 ./Middlewares/Third_Party/FreeRTOS/Source/tasks.o
 .text.prvDeleteTCB
                0x0000000008009204       0x36 ./Middlewares/Third_Party/FreeRTOS/Source/tasks.o
 *fill*         0x000000000800923a        0x2 
 .text.prvIdleTask
                0x000000000800923c       0x60 ./Middlewares/Third_Party/FreeRTOS/Source/tasks.o
 .text.prvInitialiseNewTask.constprop.0
                0x000000000800929c       0x9a ./Middlewares/Third_Party/FreeRTOS/Source/tasks.o
 .text.xTaskCreateStatic
                0x0000000008009336       0x70 ./Middlewares/Third_Party/FreeRTOS/Source/tasks.o
                0x0000000008009336                xTaskCreateStatic
 .text.xTaskCreate
                0x00000000080093a6       0x5a ./Middlewares/Third_Party/FreeRTOS/Source/tasks.o
                0x00000000080093a6                xTaskCreate
 .text.vTaskStartScheduler
                0x0000000008009400       0x8c ./Middlewares/Third_Party/FreeRTOS/Source/tasks.o
                0x0000000008009400                vTaskStartScheduler
 .text.vTaskSuspendAll
                0x000000000800948c       0x10 ./Middlewares/Third_Party/FreeRTOS/Source/tasks.o
                0x000000000800948c                vTaskSuspendAll
 .text.xTaskGetTickCount
                0x000000000800949c        0xc ./Middlewares/Third_Party/FreeRTOS/Source/tasks.o
                0x000000000800949c                xTaskGetTickCount
 .text.xTaskIncrementTick
                0x00000000080094a8      0x12c ./Middlewares/Third_Party/FreeRTOS/Source/tasks.o
                0x00000000080094a8                xTaskIncrementTick
 .text.xTaskResumeAll
                0x00000000080095d4       0xe8 ./Middlewares/Third_Party/FreeRTOS/Source/tasks.o
                0x00000000080095d4                xTaskResumeAll
 .text.vTaskDelay
                0x00000000080096bc       0x48 ./Middlewares/Third_Party/FreeRTOS/Source/tasks.o
                0x00000000080096bc                vTaskDelay
 .text.vTaskSwitchContext
                0x0000000008009704       0x74 ./Middlewares/Third_Party/FreeRTOS/Source/tasks.o
                0x0000000008009704                vTaskSwitchContext
 .text.vTaskPlaceOnEventList
                0x0000000008009778       0x34 ./Middlewares/Third_Party/FreeRTOS/Source/tasks.o
                0x0000000008009778                vTaskPlaceOnEventList
 .text.vTaskPlaceOnEventListRestricted
                0x00000000080097ac       0x3c ./Middlewares/Third_Party/FreeRTOS/Source/tasks.o
                0x00000000080097ac                vTaskPlaceOnEventListRestricted
 .text.xTaskRemoveFromEventList
                0x00000000080097e8       0x88 ./Middlewares/Third_Party/FreeRTOS/Source/tasks.o
                0x00000000080097e8                xTaskRemoveFromEventList
 .text.vTaskInternalSetTimeOutState
                0x0000000008009870       0x18 ./Middlewares/Third_Party/FreeRTOS/Source/tasks.o
                0x0000000008009870                vTaskInternalSetTimeOutState
 .text.xTaskCheckForTimeOut
                0x0000000008009888       0x78 ./Middlewares/Third_Party/FreeRTOS/Source/tasks.o
                0x0000000008009888                xTaskCheckForTimeOut
 .text.vTaskMissedYield
                0x0000000008009900        0xc ./Middlewares/Third_Party/FreeRTOS/Source/tasks.o
                0x0000000008009900                vTaskMissedYield
 .text.xTaskGetSchedulerState
                0x000000000800990c       0x20 ./Middlewares/Third_Party/FreeRTOS/Source/tasks.o
                0x000000000800990c                xTaskGetSchedulerState
 .text.xTaskPriorityDisinherit
                0x000000000800992c       0x88 ./Middlewares/Third_Party/FreeRTOS/Source/tasks.o
                0x000000000800992c                xTaskPriorityDisinherit
 .text.prvCheckForValidListAndQueue
                0x00000000080099b4       0x68 ./Middlewares/Third_Party/FreeRTOS/Source/timers.o
 .text.prvInsertTimerInActiveList
                0x0000000008009a1c       0x3c ./Middlewares/Third_Party/FreeRTOS/Source/timers.o
 .text.xTimerCreateTimerTask
                0x0000000008009a58       0x64 ./Middlewares/Third_Party/FreeRTOS/Source/timers.o
                0x0000000008009a58                xTimerCreateTimerTask
 .text.xTimerGenericCommand
                0x0000000008009abc       0x58 ./Middlewares/Third_Party/FreeRTOS/Source/timers.o
                0x0000000008009abc                xTimerGenericCommand
 .text.prvSampleTimeNow
                0x0000000008009b14       0xac ./Middlewares/Third_Party/FreeRTOS/Source/timers.o
 .text.prvTimerTask
                0x0000000008009bc0      0x1cc ./Middlewares/Third_Party/FreeRTOS/Source/timers.o
 .text.prvPortStartFirstTask
                0x0000000008009d8c       0x28 ./Middlewares/Third_Party/FreeRTOS/Source/portable/GCC/ARM_CM4F/port.o
 .text.vPortEnableVFP
                0x0000000008009db4       0x14 ./Middlewares/Third_Party/FreeRTOS/Source/portable/GCC/ARM_CM4F/port.o
 .text.prvTaskExitError
                0x0000000008009dc8       0x40 ./Middlewares/Third_Party/FreeRTOS/Source/portable/GCC/ARM_CM4F/port.o
 .text.pxPortInitialiseStack
                0x0000000008009e08       0x2c ./Middlewares/Third_Party/FreeRTOS/Source/portable/GCC/ARM_CM4F/port.o
                0x0000000008009e08                pxPortInitialiseStack
 *fill*         0x0000000008009e34        0xc 
 .text.SVC_Handler
                0x0000000008009e40       0x24 ./Middlewares/Third_Party/FreeRTOS/Source/portable/GCC/ARM_CM4F/port.o
                0x0000000008009e40                SVC_Handler
 .text.vPortEnterCritical
                0x0000000008009e64       0x40 ./Middlewares/Third_Party/FreeRTOS/Source/portable/GCC/ARM_CM4F/port.o
                0x0000000008009e64                vPortEnterCritical
 .text.vPortExitCritical
                0x0000000008009ea4       0x28 ./Middlewares/Third_Party/FreeRTOS/Source/portable/GCC/ARM_CM4F/port.o
                0x0000000008009ea4                vPortExitCritical
 *fill*         0x0000000008009ecc        0x4 
 .text.PendSV_Handler
                0x0000000008009ed0       0x64 ./Middlewares/Third_Party/FreeRTOS/Source/portable/GCC/ARM_CM4F/port.o
                0x0000000008009ed0                PendSV_Handler
 .text.xPortSysTickHandler
                0x0000000008009f34       0x2c ./Middlewares/Third_Party/FreeRTOS/Source/portable/GCC/ARM_CM4F/port.o
                0x0000000008009f34                xPortSysTickHandler
 .text.vPortSetupTimerInterrupt
                0x0000000008009f60       0x24 ./Middlewares/Third_Party/FreeRTOS/Source/portable/GCC/ARM_CM4F/port.o
                0x0000000008009f60                vPortSetupTimerInterrupt
 .text.xPortStartScheduler
                0x0000000008009f84      0x10c ./Middlewares/Third_Party/FreeRTOS/Source/portable/GCC/ARM_CM4F/port.o
                0x0000000008009f84                xPortStartScheduler
 .text.vPortValidateInterruptPriority
                0x000000000800a090       0x5c ./Middlewares/Third_Party/FreeRTOS/Source/portable/GCC/ARM_CM4F/port.o
                0x000000000800a090                vPortValidateInterruptPriority
 .text.prvInsertBlockIntoFreeList
                0x000000000800a0ec       0x4c ./Middlewares/Third_Party/FreeRTOS/Source/portable/MemMang/heap_4.o
 .text.pvPortMalloc
                0x000000000800a138      0x130 ./Middlewares/Third_Party/FreeRTOS/Source/portable/MemMang/heap_4.o
                0x000000000800a138                pvPortMalloc
 .text.vPortFree
                0x000000000800a268       0x7c ./Middlewares/Third_Party/FreeRTOS/Source/portable/MemMang/heap_4.o
                0x000000000800a268                vPortFree
 .text._Znwj    0x000000000800a2e4       0x22 C:/ST/STM32CubeIDE_1.13.0/STM32CubeIDE/plugins/com.st.stm32cube.ide.mcu.externaltools.gnu-tools-for-stm32.11.3.rel1.win32_1.1.0.202305231506/tools/bin/../lib/gcc/arm-none-eabi/11.3.1/../../../../arm-none-eabi/lib/thumb/v7e-m+fp/hard\libstdc++_nano.a(new_op.o)
                0x000000000800a2e4                operator new(unsigned int)
 *fill*         0x000000000800a306        0x2 
 .text._ZSt15get_new_handlerv
                0x000000000800a308       0x10 C:/ST/STM32CubeIDE_1.13.0/STM32CubeIDE/plugins/com.st.stm32cube.ide.mcu.externaltools.gnu-tools-for-stm32.11.3.rel1.win32_1.1.0.202305231506/tools/bin/../lib/gcc/arm-none-eabi/11.3.1/../../../../arm-none-eabi/lib/thumb/v7e-m+fp/hard\libstdc++_nano.a(new_handler.o)
                0x000000000800a308                std::get_new_handler()
 .text.fmod     0x000000000800a318       0x5c C:/ST/STM32CubeIDE_1.13.0/STM32CubeIDE/plugins/com.st.stm32cube.ide.mcu.externaltools.gnu-tools-for-stm32.11.3.rel1.win32_1.1.0.202305231506/tools/bin/../lib/gcc/arm-none-eabi/11.3.1/../../../../arm-none-eabi/lib/thumb/v7e-m+fp/hard\libm.a(libm_a-w_fmod.o)
                0x000000000800a318                fmod
 .text.sqrt     0x000000000800a374       0x58 C:/ST/STM32CubeIDE_1.13.0/STM32CubeIDE/plugins/com.st.stm32cube.ide.mcu.externaltools.gnu-tools-for-stm32.11.3.rel1.win32_1.1.0.202305231506/tools/bin/../lib/gcc/arm-none-eabi/11.3.1/../../../../arm-none-eabi/lib/thumb/v7e-m+fp/hard\libm.a(libm_a-w_sqrt.o)
                0x000000000800a374                sqrt
 .text.atan2f   0x000000000800a3cc        0x4 C:/ST/STM32CubeIDE_1.13.0/STM32CubeIDE/plugins/com.st.stm32cube.ide.mcu.externaltools.gnu-tools-for-stm32.11.3.rel1.win32_1.1.0.202305231506/tools/bin/../lib/gcc/arm-none-eabi/11.3.1/../../../../arm-none-eabi/lib/thumb/v7e-m+fp/hard\libm.a(libm_a-wf_atan2.o)
                0x000000000800a3cc                atan2f
 .text.__ieee754_sqrt
                0x000000000800a3d0      0x1b4 C:/ST/STM32CubeIDE_1.13.0/STM32CubeIDE/plugins/com.st.stm32cube.ide.mcu.externaltools.gnu-tools-for-stm32.11.3.rel1.win32_1.1.0.202305231506/tools/bin/../lib/gcc/arm-none-eabi/11.3.1/../../../../arm-none-eabi/lib/thumb/v7e-m+fp/hard\libm.a(libm_a-e_sqrt.o)
                0x000000000800a3d0                __ieee754_sqrt
 .text.__ieee754_fmod
                0x000000000800a584      0x21c C:/ST/STM32CubeIDE_1.13.0/STM32CubeIDE/plugins/com.st.stm32cube.ide.mcu.externaltools.gnu-tools-for-stm32.11.3.rel1.win32_1.1.0.202305231506/tools/bin/../lib/gcc/arm-none-eabi/11.3.1/../../../../arm-none-eabi/lib/thumb/v7e-m+fp/hard\libm.a(libm_a-e_fmod.o)
                0x000000000800a584                __ieee754_fmod
 .text.__ieee754_atan2f
                0x000000000800a7a0      0x140 C:/ST/STM32CubeIDE_1.13.0/STM32CubeIDE/plugins/com.st.stm32cube.ide.mcu.externaltools.gnu-tools-for-stm32.11.3.rel1.win32_1.1.0.202305231506/tools/bin/../lib/gcc/arm-none-eabi/11.3.1/../../../../arm-none-eabi/lib/thumb/v7e-m+fp/hard\libm.a(libm_a-ef_atan2.o)
                0x000000000800a7a0                __ieee754_atan2f
 .text.atanf    0x000000000800a8e0      0x1a8 C:/ST/STM32CubeIDE_1.13.0/STM32CubeIDE/plugins/com.st.stm32cube.ide.mcu.externaltools.gnu-tools-for-stm32.11.3.rel1.win32_1.1.0.202305231506/tools/bin/../lib/gcc/arm-none-eabi/11.3.1/../../../../arm-none-eabi/lib/thumb/v7e-m+fp/hard\libm.a(libm_a-sf_atan.o)
                0x000000000800a8e0                atanf
 .text.fabsf    0x000000000800aa88        0xe C:/ST/STM32CubeIDE_1.13.0/STM32CubeIDE/plugins/com.st.stm32cube.ide.mcu.externaltools.gnu-tools-for-stm32.11.3.rel1.win32_1.1.0.202305231506/tools/bin/../lib/gcc/arm-none-eabi/11.3.1/../../../../arm-none-eabi/lib/thumb/v7e-m+fp/hard\libm.a(libm_a-sf_fabs.o)
                0x000000000800aa88                fabsf
 .text.abort    0x000000000800aa96        0xe C:/ST/STM32CubeIDE_1.13.0/STM32CubeIDE/plugins/com.st.stm32cube.ide.mcu.externaltools.gnu-tools-for-stm32.11.3.rel1.win32_1.1.0.202305231506/tools/bin/../lib/gcc/arm-none-eabi/11.3.1/../../../../arm-none-eabi/lib/thumb/v7e-m+fp/hard\libc_nano.a(libc_a-abort.o)
                0x000000000800aa96                abort
 .text.malloc   0x000000000800aaa4       0x10 C:/ST/STM32CubeIDE_1.13.0/STM32CubeIDE/plugins/com.st.stm32cube.ide.mcu.externaltools.gnu-tools-for-stm32.11.3.rel1.win32_1.1.0.202305231506/tools/bin/../lib/gcc/arm-none-eabi/11.3.1/../../../../arm-none-eabi/lib/thumb/v7e-m+fp/hard\libc_nano.a(libc_a-malloc.o)
                0x000000000800aaa4                malloc
 .text.sbrk_aligned
                0x000000000800aab4       0x40 C:/ST/STM32CubeIDE_1.13.0/STM32CubeIDE/plugins/com.st.stm32cube.ide.mcu.externaltools.gnu-tools-for-stm32.11.3.rel1.win32_1.1.0.202305231506/tools/bin/../lib/gcc/arm-none-eabi/11.3.1/../../../../arm-none-eabi/lib/thumb/v7e-m+fp/hard\libc_nano.a(libc_a-mallocr.o)
 .text._malloc_r
                0x000000000800aaf4      0x100 C:/ST/STM32CubeIDE_1.13.0/STM32CubeIDE/plugins/com.st.stm32cube.ide.mcu.externaltools.gnu-tools-for-stm32.11.3.rel1.win32_1.1.0.202305231506/tools/bin/../lib/gcc/arm-none-eabi/11.3.1/../../../../arm-none-eabi/lib/thumb/v7e-m+fp/hard\libc_nano.a(libc_a-mallocr.o)
                0x000000000800aaf4                _malloc_r
 .text.__malloc_lock
                0x000000000800abf4        0xc C:/ST/STM32CubeIDE_1.13.0/STM32CubeIDE/plugins/com.st.stm32cube.ide.mcu.externaltools.gnu-tools-for-stm32.11.3.rel1.win32_1.1.0.202305231506/tools/bin/../lib/gcc/arm-none-eabi/11.3.1/../../../../arm-none-eabi/lib/thumb/v7e-m+fp/hard\libc_nano.a(libc_a-mlock.o)
                0x000000000800abf4                __malloc_lock
 .text.__malloc_unlock
                0x000000000800ac00        0xc C:/ST/STM32CubeIDE_1.13.0/STM32CubeIDE/plugins/com.st.stm32cube.ide.mcu.externaltools.gnu-tools-for-stm32.11.3.rel1.win32_1.1.0.202305231506/tools/bin/../lib/gcc/arm-none-eabi/11.3.1/../../../../arm-none-eabi/lib/thumb/v7e-m+fp/hard\libc_nano.a(libc_a-mlock.o)
                0x000000000800ac00                __malloc_unlock
 .text._strtol_l.constprop.0
                0x000000000800ac0c      0x104 C:/ST/STM32CubeIDE_1.13.0/STM32CubeIDE/plugins/com.st.stm32cube.ide.mcu.externaltools.gnu-tools-for-stm32.11.3.rel1.win32_1.1.0.202305231506/tools/bin/../lib/gcc/arm-none-eabi/11.3.1/../../../../arm-none-eabi/lib/thumb/v7e-m+fp/hard\libc_nano.a(libc_a-strtol.o)
 .text.strtol   0x000000000800ad10       0x14 C:/ST/STM32CubeIDE_1.13.0/STM32CubeIDE/plugins/com.st.stm32cube.ide.mcu.externaltools.gnu-tools-for-stm32.11.3.rel1.win32_1.1.0.202305231506/tools/bin/../lib/gcc/arm-none-eabi/11.3.1/../../../../arm-none-eabi/lib/thumb/v7e-m+fp/hard\libc_nano.a(libc_a-strtol.o)
                0x000000000800ad10                strtol
 .text.__cvt    0x000000000800ad24       0xc4 C:/ST/STM32CubeIDE_1.13.0/STM32CubeIDE/plugins/com.st.stm32cube.ide.mcu.externaltools.gnu-tools-for-stm32.11.3.rel1.win32_1.1.0.202305231506/tools/bin/../lib/gcc/arm-none-eabi/11.3.1/../../../../arm-none-eabi/lib/thumb/v7e-m+fp/hard\libc_nano.a(libc_a-nano-vfprintf_float.o)
                0x000000000800ad24                __cvt
 .text.__exponent
                0x000000000800ade8       0x7c C:/ST/STM32CubeIDE_1.13.0/STM32CubeIDE/plugins/com.st.stm32cube.ide.mcu.externaltools.gnu-tools-for-stm32.11.3.rel1.win32_1.1.0.202305231506/tools/bin/../lib/gcc/arm-none-eabi/11.3.1/../../../../arm-none-eabi/lib/thumb/v7e-m+fp/hard\libc_nano.a(libc_a-nano-vfprintf_float.o)
                0x000000000800ade8                __exponent
 .text._printf_float
                0x000000000800ae64      0x46c C:/ST/STM32CubeIDE_1.13.0/STM32CubeIDE/plugins/com.st.stm32cube.ide.mcu.externaltools.gnu-tools-for-stm32.11.3.rel1.win32_1.1.0.202305231506/tools/bin/../lib/gcc/arm-none-eabi/11.3.1/../../../../arm-none-eabi/lib/thumb/v7e-m+fp/hard\libc_nano.a(libc_a-nano-vfprintf_float.o)
                0x000000000800ae64                _printf_float
 .text._printf_common
                0x000000000800b2d0       0xda C:/ST/STM32CubeIDE_1.13.0/STM32CubeIDE/plugins/com.st.stm32cube.ide.mcu.externaltools.gnu-tools-for-stm32.11.3.rel1.win32_1.1.0.202305231506/tools/bin/../lib/gcc/arm-none-eabi/11.3.1/../../../../arm-none-eabi/lib/thumb/v7e-m+fp/hard\libc_nano.a(libc_a-nano-vfprintf_i.o)
                0x000000000800b2d0                _printf_common
 *fill*         0x000000000800b3aa        0x2 
 .text._printf_i
                0x000000000800b3ac      0x244 C:/ST/STM32CubeIDE_1.13.0/STM32CubeIDE/plugins/com.st.stm32cube.ide.mcu.externaltools.gnu-tools-for-stm32.11.3.rel1.win32_1.1.0.202305231506/tools/bin/../lib/gcc/arm-none-eabi/11.3.1/../../../../arm-none-eabi/lib/thumb/v7e-m+fp/hard\libc_nano.a(libc_a-nano-vfprintf_i.o)
                0x000000000800b3ac                _printf_i
 .text.std      0x000000000800b5f0       0x48 C:/ST/STM32CubeIDE_1.13.0/STM32CubeIDE/plugins/com.st.stm32cube.ide.mcu.externaltools.gnu-tools-for-stm32.11.3.rel1.win32_1.1.0.202305231506/tools/bin/../lib/gcc/arm-none-eabi/11.3.1/../../../../arm-none-eabi/lib/thumb/v7e-m+fp/hard\libc_nano.a(libc_a-findfp.o)
 .text.stdio_exit_handler
                0x000000000800b638       0x18 C:/ST/STM32CubeIDE_1.13.0/STM32CubeIDE/plugins/com.st.stm32cube.ide.mcu.externaltools.gnu-tools-for-stm32.11.3.rel1.win32_1.1.0.202305231506/tools/bin/../lib/gcc/arm-none-eabi/11.3.1/../../../../arm-none-eabi/lib/thumb/v7e-m+fp/hard\libc_nano.a(libc_a-findfp.o)
 .text.cleanup_stdio
                0x000000000800b650       0x40 C:/ST/STM32CubeIDE_1.13.0/STM32CubeIDE/plugins/com.st.stm32cube.ide.mcu.externaltools.gnu-tools-for-stm32.11.3.rel1.win32_1.1.0.202305231506/tools/bin/../lib/gcc/arm-none-eabi/11.3.1/../../../../arm-none-eabi/lib/thumb/v7e-m+fp/hard\libc_nano.a(libc_a-findfp.o)
 .text.global_stdio_init.part.0
                0x000000000800b690       0x3c C:/ST/STM32CubeIDE_1.13.0/STM32CubeIDE/plugins/com.st.stm32cube.ide.mcu.externaltools.gnu-tools-for-stm32.11.3.rel1.win32_1.1.0.202305231506/tools/bin/../lib/gcc/arm-none-eabi/11.3.1/../../../../arm-none-eabi/lib/thumb/v7e-m+fp/hard\libc_nano.a(libc_a-findfp.o)
 .text.__sfp_lock_acquire
                0x000000000800b6cc        0xc C:/ST/STM32CubeIDE_1.13.0/STM32CubeIDE/plugins/com.st.stm32cube.ide.mcu.externaltools.gnu-tools-for-stm32.11.3.rel1.win32_1.1.0.202305231506/tools/bin/../lib/gcc/arm-none-eabi/11.3.1/../../../../arm-none-eabi/lib/thumb/v7e-m+fp/hard\libc_nano.a(libc_a-findfp.o)
                0x000000000800b6cc                __sfp_lock_acquire
 .text.__sfp_lock_release
                0x000000000800b6d8        0xc C:/ST/STM32CubeIDE_1.13.0/STM32CubeIDE/plugins/com.st.stm32cube.ide.mcu.externaltools.gnu-tools-for-stm32.11.3.rel1.win32_1.1.0.202305231506/tools/bin/../lib/gcc/arm-none-eabi/11.3.1/../../../../arm-none-eabi/lib/thumb/v7e-m+fp/hard\libc_nano.a(libc_a-findfp.o)
                0x000000000800b6d8                __sfp_lock_release
 .text.__sinit  0x000000000800b6e4       0x30 C:/ST/STM32CubeIDE_1.13.0/STM32CubeIDE/plugins/com.st.stm32cube.ide.mcu.externaltools.gnu-tools-for-stm32.11.3.rel1.win32_1.1.0.202305231506/tools/bin/../lib/gcc/arm-none-eabi/11.3.1/../../../../arm-none-eabi/lib/thumb/v7e-m+fp/hard\libc_nano.a(libc_a-findfp.o)
                0x000000000800b6e4                __sinit
 .text._fwalk_sglue
                0x000000000800b714       0x3c C:/ST/STM32CubeIDE_1.13.0/STM32CubeIDE/plugins/com.st.stm32cube.ide.mcu.externaltools.gnu-tools-for-stm32.11.3.rel1.win32_1.1.0.202305231506/tools/bin/../lib/gcc/arm-none-eabi/11.3.1/../../../../arm-none-eabi/lib/thumb/v7e-m+fp/hard\libc_nano.a(libc_a-fwalk.o)
                0x000000000800b714                _fwalk_sglue
 .text._puts_r  0x000000000800b750       0xa8 C:/ST/STM32CubeIDE_1.13.0/STM32CubeIDE/plugins/com.st.stm32cube.ide.mcu.externaltools.gnu-tools-for-stm32.11.3.rel1.win32_1.1.0.202305231506/tools/bin/../lib/gcc/arm-none-eabi/11.3.1/../../../../arm-none-eabi/lib/thumb/v7e-m+fp/hard\libc_nano.a(libc_a-puts.o)
                0x000000000800b750                _puts_r
 .text.puts     0x000000000800b7f8       0x10 C:/ST/STM32CubeIDE_1.13.0/STM32CubeIDE/plugins/com.st.stm32cube.ide.mcu.externaltools.gnu-tools-for-stm32.11.3.rel1.win32_1.1.0.202305231506/tools/bin/../lib/gcc/arm-none-eabi/11.3.1/../../../../arm-none-eabi/lib/thumb/v7e-m+fp/hard\libc_nano.a(libc_a-puts.o)
                0x000000000800b7f8                puts
 .text.snprintf
                0x000000000800b808       0x68 C:/ST/STM32CubeIDE_1.13.0/STM32CubeIDE/plugins/com.st.stm32cube.ide.mcu.externaltools.gnu-tools-for-stm32.11.3.rel1.win32_1.1.0.202305231506/tools/bin/../lib/gcc/arm-none-eabi/11.3.1/../../../../arm-none-eabi/lib/thumb/v7e-m+fp/hard\libc_nano.a(libc_a-snprintf.o)
                0x000000000800b808                sniprintf
                0x000000000800b808                snprintf
 .text.sprintf  0x000000000800b870       0x40 C:/ST/STM32CubeIDE_1.13.0/STM32CubeIDE/plugins/com.st.stm32cube.ide.mcu.externaltools.gnu-tools-for-stm32.11.3.rel1.win32_1.1.0.202305231506/tools/bin/../lib/gcc/arm-none-eabi/11.3.1/../../../../arm-none-eabi/lib/thumb/v7e-m+fp/hard\libc_nano.a(libc_a-sprintf.o)
                0x000000000800b870                siprintf
                0x000000000800b870                sprintf
 .text.__sread  0x000000000800b8b0       0x22 C:/ST/STM32CubeIDE_1.13.0/STM32CubeIDE/plugins/com.st.stm32cube.ide.mcu.externaltools.gnu-tools-for-stm32.11.3.rel1.win32_1.1.0.202305231506/tools/bin/../lib/gcc/arm-none-eabi/11.3.1/../../../../arm-none-eabi/lib/thumb/v7e-m+fp/hard\libc_nano.a(libc_a-stdio.o)
                0x000000000800b8b0                __sread
 .text.__swrite
                0x000000000800b8d2       0x38 C:/ST/STM32CubeIDE_1.13.0/STM32CubeIDE/plugins/com.st.stm32cube.ide.mcu.externaltools.gnu-tools-for-stm32.11.3.rel1.win32_1.1.0.202305231506/tools/bin/../lib/gcc/arm-none-eabi/11.3.1/../../../../arm-none-eabi/lib/thumb/v7e-m+fp/hard\libc_nano.a(libc_a-stdio.o)
                0x000000000800b8d2                __swrite
 .text.__sseek  0x000000000800b90a       0x24 C:/ST/STM32CubeIDE_1.13.0/STM32CubeIDE/plugins/com.st.stm32cube.ide.mcu.externaltools.gnu-tools-for-stm32.11.3.rel1.win32_1.1.0.202305231506/tools/bin/../lib/gcc/arm-none-eabi/11.3.1/../../../../arm-none-eabi/lib/thumb/v7e-m+fp/hard\libc_nano.a(libc_a-stdio.o)
                0x000000000800b90a                __sseek
 .text.__sclose
                0x000000000800b92e        0x8 C:/ST/STM32CubeIDE_1.13.0/STM32CubeIDE/plugins/com.st.stm32cube.ide.mcu.externaltools.gnu-tools-for-stm32.11.3.rel1.win32_1.1.0.202305231506/tools/bin/../lib/gcc/arm-none-eabi/11.3.1/../../../../arm-none-eabi/lib/thumb/v7e-m+fp/hard\libc_nano.a(libc_a-stdio.o)
                0x000000000800b92e                __sclose
 .text.__swbuf_r
                0x000000000800b936       0x7a C:/ST/STM32CubeIDE_1.13.0/STM32CubeIDE/plugins/com.st.stm32cube.ide.mcu.externaltools.gnu-tools-for-stm32.11.3.rel1.win32_1.1.0.202305231506/tools/bin/../lib/gcc/arm-none-eabi/11.3.1/../../../../arm-none-eabi/lib/thumb/v7e-m+fp/hard\libc_nano.a(libc_a-wbuf.o)
                0x000000000800b936                __swbuf_r
 .text.__swsetup_r
                0x000000000800b9b0       0xb0 C:/ST/STM32CubeIDE_1.13.0/STM32CubeIDE/plugins/com.st.stm32cube.ide.mcu.externaltools.gnu-tools-for-stm32.11.3.rel1.win32_1.1.0.202305231506/tools/bin/../lib/gcc/arm-none-eabi/11.3.1/../../../../arm-none-eabi/lib/thumb/v7e-m+fp/hard\libc_nano.a(libc_a-wsetup.o)
                0x000000000800b9b0                __swsetup_r
 .text.memset   0x000000000800ba60       0x10 C:/ST/STM32CubeIDE_1.13.0/STM32CubeIDE/plugins/com.st.stm32cube.ide.mcu.externaltools.gnu-tools-for-stm32.11.3.rel1.win32_1.1.0.202305231506/tools/bin/../lib/gcc/arm-none-eabi/11.3.1/../../../../arm-none-eabi/lib/thumb/v7e-m+fp/hard\libc_nano.a(libc_a-memset.o)
                0x000000000800ba60                memset
 .text._raise_r
                0x000000000800ba70       0x50 C:/ST/STM32CubeIDE_1.13.0/STM32CubeIDE/plugins/com.st.stm32cube.ide.mcu.externaltools.gnu-tools-for-stm32.11.3.rel1.win32_1.1.0.202305231506/tools/bin/../lib/gcc/arm-none-eabi/11.3.1/../../../../arm-none-eabi/lib/thumb/v7e-m+fp/hard\libc_nano.a(libc_a-signal.o)
                0x000000000800ba70                _raise_r
 .text.raise    0x000000000800bac0       0x10 C:/ST/STM32CubeIDE_1.13.0/STM32CubeIDE/plugins/com.st.stm32cube.ide.mcu.externaltools.gnu-tools-for-stm32.11.3.rel1.win32_1.1.0.202305231506/tools/bin/../lib/gcc/arm-none-eabi/11.3.1/../../../../arm-none-eabi/lib/thumb/v7e-m+fp/hard\libc_nano.a(libc_a-signal.o)
                0x000000000800bac0                raise
 .text._localeconv_r
                0x000000000800bad0        0x8 C:/ST/STM32CubeIDE_1.13.0/STM32CubeIDE/plugins/com.st.stm32cube.ide.mcu.externaltools.gnu-tools-for-stm32.11.3.rel1.win32_1.1.0.202305231506/tools/bin/../lib/gcc/arm-none-eabi/11.3.1/../../../../arm-none-eabi/lib/thumb/v7e-m+fp/hard\libc_nano.a(libc_a-localeconv.o)
                0x000000000800bad0                _localeconv_r
 .text._close_r
                0x000000000800bad8       0x20 C:/ST/STM32CubeIDE_1.13.0/STM32CubeIDE/plugins/com.st.stm32cube.ide.mcu.externaltools.gnu-tools-for-stm32.11.3.rel1.win32_1.1.0.202305231506/tools/bin/../lib/gcc/arm-none-eabi/11.3.1/../../../../arm-none-eabi/lib/thumb/v7e-m+fp/hard\libc_nano.a(libc_a-closer.o)
                0x000000000800bad8                _close_r
 .text._lseek_r
                0x000000000800baf8       0x24 C:/ST/STM32CubeIDE_1.13.0/STM32CubeIDE/plugins/com.st.stm32cube.ide.mcu.externaltools.gnu-tools-for-stm32.11.3.rel1.win32_1.1.0.202305231506/tools/bin/../lib/gcc/arm-none-eabi/11.3.1/../../../../arm-none-eabi/lib/thumb/v7e-m+fp/hard\libc_nano.a(libc_a-lseekr.o)
                0x000000000800baf8                _lseek_r
 .text._read_r  0x000000000800bb1c       0x24 C:/ST/STM32CubeIDE_1.13.0/STM32CubeIDE/plugins/com.st.stm32cube.ide.mcu.externaltools.gnu-tools-for-stm32.11.3.rel1.win32_1.1.0.202305231506/tools/bin/../lib/gcc/arm-none-eabi/11.3.1/../../../../arm-none-eabi/lib/thumb/v7e-m+fp/hard\libc_nano.a(libc_a-readr.o)
                0x000000000800bb1c                _read_r
 .text._kill_r  0x000000000800bb40       0x24 C:/ST/STM32CubeIDE_1.13.0/STM32CubeIDE/plugins/com.st.stm32cube.ide.mcu.externaltools.gnu-tools-for-stm32.11.3.rel1.win32_1.1.0.202305231506/tools/bin/../lib/gcc/arm-none-eabi/11.3.1/../../../../arm-none-eabi/lib/thumb/v7e-m+fp/hard\libc_nano.a(libc_a-signalr.o)
                0x000000000800bb40                _kill_r
 .text._getpid_r
                0x000000000800bb64        0x4 C:/ST/STM32CubeIDE_1.13.0/STM32CubeIDE/plugins/com.st.stm32cube.ide.mcu.externaltools.gnu-tools-for-stm32.11.3.rel1.win32_1.1.0.202305231506/tools/bin/../lib/gcc/arm-none-eabi/11.3.1/../../../../arm-none-eabi/lib/thumb/v7e-m+fp/hard\libc_nano.a(libc_a-signalr.o)
                0x000000000800bb64                _getpid_r
 .text._sbrk_r  0x000000000800bb68       0x20 C:/ST/STM32CubeIDE_1.13.0/STM32CubeIDE/plugins/com.st.stm32cube.ide.mcu.externaltools.gnu-tools-for-stm32.11.3.rel1.win32_1.1.0.202305231506/tools/bin/../lib/gcc/arm-none-eabi/11.3.1/../../../../arm-none-eabi/lib/thumb/v7e-m+fp/hard\libc_nano.a(libc_a-sbrkr.o)
                0x000000000800bb68                _sbrk_r
 .text._write_r
                0x000000000800bb88       0x24 C:/ST/STM32CubeIDE_1.13.0/STM32CubeIDE/plugins/com.st.stm32cube.ide.mcu.externaltools.gnu-tools-for-stm32.11.3.rel1.win32_1.1.0.202305231506/tools/bin/../lib/gcc/arm-none-eabi/11.3.1/../../../../arm-none-eabi/lib/thumb/v7e-m+fp/hard\libc_nano.a(libc_a-writer.o)
                0x000000000800bb88                _write_r
 .text.__errno  0x000000000800bbac        0xc C:/ST/STM32CubeIDE_1.13.0/STM32CubeIDE/plugins/com.st.stm32cube.ide.mcu.externaltools.gnu-tools-for-stm32.11.3.rel1.win32_1.1.0.202305231506/tools/bin/../lib/gcc/arm-none-eabi/11.3.1/../../../../arm-none-eabi/lib/thumb/v7e-m+fp/hard\libc_nano.a(libc_a-errno.o)
                0x000000000800bbac                __errno
 .text.__libc_init_array
                0x000000000800bbb8       0x48 C:/ST/STM32CubeIDE_1.13.0/STM32CubeIDE/plugins/com.st.stm32cube.ide.mcu.externaltools.gnu-tools-for-stm32.11.3.rel1.win32_1.1.0.202305231506/tools/bin/../lib/gcc/arm-none-eabi/11.3.1/../../../../arm-none-eabi/lib/thumb/v7e-m+fp/hard\libc_nano.a(libc_a-init.o)
                0x000000000800bbb8                __libc_init_array
 .text.__retarget_lock_acquire_recursive
                0x000000000800bc00        0x2 C:/ST/STM32CubeIDE_1.13.0/STM32CubeIDE/plugins/com.st.stm32cube.ide.mcu.externaltools.gnu-tools-for-stm32.11.3.rel1.win32_1.1.0.202305231506/tools/bin/../lib/gcc/arm-none-eabi/11.3.1/../../../../arm-none-eabi/lib/thumb/v7e-m+fp/hard\libc_nano.a(libc_a-lock.o)
                0x000000000800bc00                __retarget_lock_acquire_recursive
 .text.__retarget_lock_release_recursive
                0x000000000800bc02        0x2 C:/ST/STM32CubeIDE_1.13.0/STM32CubeIDE/plugins/com.st.stm32cube.ide.mcu.externaltools.gnu-tools-for-stm32.11.3.rel1.win32_1.1.0.202305231506/tools/bin/../lib/gcc/arm-none-eabi/11.3.1/../../../../arm-none-eabi/lib/thumb/v7e-m+fp/hard\libc_nano.a(libc_a-lock.o)
                0x000000000800bc02                __retarget_lock_release_recursive
 .text.memcpy   0x000000000800bc04       0x1c C:/ST/STM32CubeIDE_1.13.0/STM32CubeIDE/plugins/com.st.stm32cube.ide.mcu.externaltools.gnu-tools-for-stm32.11.3.rel1.win32_1.1.0.202305231506/tools/bin/../lib/gcc/arm-none-eabi/11.3.1/../../../../arm-none-eabi/lib/thumb/v7e-m+fp/hard\libc_nano.a(libc_a-memcpy-stub.o)
                0x000000000800bc04                memcpy
 .text.quorem   0x000000000800bc20      0x110 C:/ST/STM32CubeIDE_1.13.0/STM32CubeIDE/plugins/com.st.stm32cube.ide.mcu.externaltools.gnu-tools-for-stm32.11.3.rel1.win32_1.1.0.202305231506/tools/bin/../lib/gcc/arm-none-eabi/11.3.1/../../../../arm-none-eabi/lib/thumb/v7e-m+fp/hard\libc_nano.a(libc_a-dtoa.o)
 .text._dtoa_r  0x000000000800bd30      0xbe4 C:/ST/STM32CubeIDE_1.13.0/STM32CubeIDE/plugins/com.st.stm32cube.ide.mcu.externaltools.gnu-tools-for-stm32.11.3.rel1.win32_1.1.0.202305231506/tools/bin/../lib/gcc/arm-none-eabi/11.3.1/../../../../arm-none-eabi/lib/thumb/v7e-m+fp/hard\libc_nano.a(libc_a-dtoa.o)
                0x000000000800bd30                _dtoa_r
 .text._free_r  0x000000000800c914       0x98 C:/ST/STM32CubeIDE_1.13.0/STM32CubeIDE/plugins/com.st.stm32cube.ide.mcu.externaltools.gnu-tools-for-stm32.11.3.rel1.win32_1.1.0.202305231506/tools/bin/../lib/gcc/arm-none-eabi/11.3.1/../../../../arm-none-eabi/lib/thumb/v7e-m+fp/hard\libc_nano.a(libc_a-freer.o)
                0x000000000800c914                _free_r
 .text._Balloc  0x000000000800c9ac       0x80 C:/ST/STM32CubeIDE_1.13.0/STM32CubeIDE/plugins/com.st.stm32cube.ide.mcu.externaltools.gnu-tools-for-stm32.11.3.rel1.win32_1.1.0.202305231506/tools/bin/../lib/gcc/arm-none-eabi/11.3.1/../../../../arm-none-eabi/lib/thumb/v7e-m+fp/hard\libc_nano.a(libc_a-mprec.o)
                0x000000000800c9ac                _Balloc
 .text._Bfree   0x000000000800ca2c       0x44 C:/ST/STM32CubeIDE_1.13.0/STM32CubeIDE/plugins/com.st.stm32cube.ide.mcu.externaltools.gnu-tools-for-stm32.11.3.rel1.win32_1.1.0.202305231506/tools/bin/../lib/gcc/arm-none-eabi/11.3.1/../../../../arm-none-eabi/lib/thumb/v7e-m+fp/hard\libc_nano.a(libc_a-mprec.o)
                0x000000000800ca2c                _Bfree
 .text.__multadd
                0x000000000800ca70       0x8c C:/ST/STM32CubeIDE_1.13.0/STM32CubeIDE/plugins/com.st.stm32cube.ide.mcu.externaltools.gnu-tools-for-stm32.11.3.rel1.win32_1.1.0.202305231506/tools/bin/../lib/gcc/arm-none-eabi/11.3.1/../../../../arm-none-eabi/lib/thumb/v7e-m+fp/hard\libc_nano.a(libc_a-mprec.o)
                0x000000000800ca70                __multadd
 .text.__hi0bits
                0x000000000800cafc       0x40 C:/ST/STM32CubeIDE_1.13.0/STM32CubeIDE/plugins/com.st.stm32cube.ide.mcu.externaltools.gnu-tools-for-stm32.11.3.rel1.win32_1.1.0.202305231506/tools/bin/../lib/gcc/arm-none-eabi/11.3.1/../../../../arm-none-eabi/lib/thumb/v7e-m+fp/hard\libc_nano.a(libc_a-mprec.o)
                0x000000000800cafc                __hi0bits
 .text.__lo0bits
                0x000000000800cb3c       0x5a C:/ST/STM32CubeIDE_1.13.0/STM32CubeIDE/plugins/com.st.stm32cube.ide.mcu.externaltools.gnu-tools-for-stm32.11.3.rel1.win32_1.1.0.202305231506/tools/bin/../lib/gcc/arm-none-eabi/11.3.1/../../../../arm-none-eabi/lib/thumb/v7e-m+fp/hard\libc_nano.a(libc_a-mprec.o)
                0x000000000800cb3c                __lo0bits
 *fill*         0x000000000800cb96        0x2 
 .text.__i2b    0x000000000800cb98       0x2c C:/ST/STM32CubeIDE_1.13.0/STM32CubeIDE/plugins/com.st.stm32cube.ide.mcu.externaltools.gnu-tools-for-stm32.11.3.rel1.win32_1.1.0.202305231506/tools/bin/../lib/gcc/arm-none-eabi/11.3.1/../../../../arm-none-eabi/lib/thumb/v7e-m+fp/hard\libc_nano.a(libc_a-mprec.o)
                0x000000000800cb98                __i2b
 .text.__multiply
                0x000000000800cbc4      0x154 C:/ST/STM32CubeIDE_1.13.0/STM32CubeIDE/plugins/com.st.stm32cube.ide.mcu.externaltools.gnu-tools-for-stm32.11.3.rel1.win32_1.1.0.202305231506/tools/bin/../lib/gcc/arm-none-eabi/11.3.1/../../../../arm-none-eabi/lib/thumb/v7e-m+fp/hard\libc_nano.a(libc_a-mprec.o)
                0x000000000800cbc4                __multiply
 .text.__pow5mult
                0x000000000800cd18       0xb4 C:/ST/STM32CubeIDE_1.13.0/STM32CubeIDE/plugins/com.st.stm32cube.ide.mcu.externaltools.gnu-tools-for-stm32.11.3.rel1.win32_1.1.0.202305231506/tools/bin/../lib/gcc/arm-none-eabi/11.3.1/../../../../arm-none-eabi/lib/thumb/v7e-m+fp/hard\libc_nano.a(libc_a-mprec.o)
                0x000000000800cd18                __pow5mult
 .text.__lshift
                0x000000000800cdcc       0xd8 C:/ST/STM32CubeIDE_1.13.0/STM32CubeIDE/plugins/com.st.stm32cube.ide.mcu.externaltools.gnu-tools-for-stm32.11.3.rel1.win32_1.1.0.202305231506/tools/bin/../lib/gcc/arm-none-eabi/11.3.1/../../../../arm-none-eabi/lib/thumb/v7e-m+fp/hard\libc_nano.a(libc_a-mprec.o)
                0x000000000800cdcc                __lshift