../Core/Src/main.c:119:6:OLED_disp_msg1	8	static
../Core/Src/main.c:128:6:OLED_disp_msg2	8	static
../Core/Src/main.c:137:6:run	16	static
../Core/Src/main.c:242:6:SystemClock_Config	88	static,ignoring_inline_asm
../Core/Src/main.c:676:6:I2C_Scan	56	static
../Core/Src/main.c:691:6:HAL_GPIO_EXTI_Callback	0	static
../Core/Src/main.c:698:6:HAL_TIM_IC_CaptureCallback	32	static
../Core/Src/main.c:733:6:UltraSonic	16	static
../Core/Src/main.c:747:6:MotorDrive_enable	8	static
../Core/Src/main.c:755:6:Motor_direction	0	static
../Core/Src/main.c:766:6:Motor_stop	0	static
../Core/Src/main.c:774:6:Motor_forward	16	static
../Core/Src/main.c:785:6:Motor_reverse	16	static
../Core/Src/main.c:796:6:ServoMotor_enable	8	static
../Core/Src/main.c:163:5:main	96	static,ignoring_inline_asm
../Core/Src/main.c:803:6:ServoMotor_TurnRight	0	static
../Core/Src/main.c:808:6:ServoMotor_TurnLeft	0	static
../Core/Src/main.c:813:6:ServoMotor_TurnCenter	0	static
../Core/Src/main.c:825:6:Error_Handler	0	static,ignoring_inline_asm
