Archive member included to satisfy reference by file (symbol)

C:/ST/STM32CubeIDE_1.19.0/STM32CubeIDE/plugins/com.st.stm32cube.ide.mcu.externaltools.gnu-tools-for-stm32.13.3.rel1.win32_1.0.0.202411081344/tools/bin/../lib/gcc/arm-none-eabi/13.3.1/../../../../arm-none-eabi/lib/thumb/v7e-m+fp/hard\libstdc++_nano.a(new_op.o)
                              ./Core/Src/app_motion.o (operator new(unsigned int))
C:/ST/STM32CubeIDE_1.19.0/STM32CubeIDE/plugins/com.st.stm32cube.ide.mcu.externaltools.gnu-tools-for-stm32.13.3.rel1.win32_1.0.0.202411081344/tools/bin/../lib/gcc/arm-none-eabi/13.3.1/../../../../arm-none-eabi/lib/thumb/v7e-m+fp/hard\libstdc++_nano.a(new_handler.o)
                              C:/ST/STM32CubeIDE_1.19.0/STM32CubeIDE/plugins/com.st.stm32cube.ide.mcu.externaltools.gnu-tools-for-stm32.13.3.rel1.win32_1.0.0.202411081344/tools/bin/../lib/gcc/arm-none-eabi/13.3.1/../../../../arm-none-eabi/lib/thumb/v7e-m+fp/hard\libstdc++_nano.a(new_op.o) (std::get_new_handler())
C:/ST/STM32CubeIDE_1.19.0/STM32CubeIDE/plugins/com.st.stm32cube.ide.mcu.externaltools.gnu-tools-for-stm32.13.3.rel1.win32_1.0.0.202411081344/tools/bin/../lib/gcc/arm-none-eabi/13.3.1/../../../../arm-none-eabi/lib/thumb/v7e-m+fp/hard\libm.a(libm_a-w_atan2.o)
                              ./Core/Src/app_main.o (atan2)
C:/ST/STM32CubeIDE_1.19.0/STM32CubeIDE/plugins/com.st.stm32cube.ide.mcu.externaltools.gnu-tools-for-stm32.13.3.rel1.win32_1.0.0.202411081344/tools/bin/../lib/gcc/arm-none-eabi/13.3.1/../../../../arm-none-eabi/lib/thumb/v7e-m+fp/hard\libm.a(libm_a-w_fmod.o)
                              ./Core/Src/app_motion.o (fmod)
C:/ST/STM32CubeIDE_1.19.0/STM32CubeIDE/plugins/com.st.stm32cube.ide.mcu.externaltools.gnu-tools-for-stm32.13.3.rel1.win32_1.0.0.202411081344/tools/bin/../lib/gcc/arm-none-eabi/13.3.1/../../../../arm-none-eabi/lib/thumb/v7e-m+fp/hard\libm.a(libm_a-w_sqrt.o)
                              ./Core/Src/ICM20948.o (sqrt)
C:/ST/STM32CubeIDE_1.19.0/STM32CubeIDE/plugins/com.st.stm32cube.ide.mcu.externaltools.gnu-tools-for-stm32.13.3.rel1.win32_1.0.0.202411081344/tools/bin/../lib/gcc/arm-none-eabi/13.3.1/../../../../arm-none-eabi/lib/thumb/v7e-m+fp/hard\libm.a(libm_a-e_sqrt.o)
                              C:/ST/STM32CubeIDE_1.19.0/STM32CubeIDE/plugins/com.st.stm32cube.ide.mcu.externaltools.gnu-tools-for-stm32.13.3.rel1.win32_1.0.0.202411081344/tools/bin/../lib/gcc/arm-none-eabi/13.3.1/../../../../arm-none-eabi/lib/thumb/v7e-m+fp/hard\libm.a(libm_a-w_sqrt.o) (__ieee754_sqrt)
C:/ST/STM32CubeIDE_1.19.0/STM32CubeIDE/plugins/com.st.stm32cube.ide.mcu.externaltools.gnu-tools-for-stm32.13.3.rel1.win32_1.0.0.202411081344/tools/bin/../lib/gcc/arm-none-eabi/13.3.1/../../../../arm-none-eabi/lib/thumb/v7e-m+fp/hard\libm.a(libm_a-e_atan2.o)
                              C:/ST/STM32CubeIDE_1.19.0/STM32CubeIDE/plugins/com.st.stm32cube.ide.mcu.externaltools.gnu-tools-for-stm32.13.3.rel1.win32_1.0.0.202411081344/tools/bin/../lib/gcc/arm-none-eabi/13.3.1/../../../../arm-none-eabi/lib/thumb/v7e-m+fp/hard\libm.a(libm_a-w_atan2.o) (__ieee754_atan2)
C:/ST/STM32CubeIDE_1.19.0/STM32CubeIDE/plugins/com.st.stm32cube.ide.mcu.externaltools.gnu-tools-for-stm32.13.3.rel1.win32_1.0.0.202411081344/tools/bin/../lib/gcc/arm-none-eabi/13.3.1/../../../../arm-none-eabi/lib/thumb/v7e-m+fp/hard\libm.a(libm_a-e_fmod.o)
                              C:/ST/STM32CubeIDE_1.19.0/STM32CubeIDE/plugins/com.st.stm32cube.ide.mcu.externaltools.gnu-tools-for-stm32.13.3.rel1.win32_1.0.0.202411081344/tools/bin/../lib/gcc/arm-none-eabi/13.3.1/../../../../arm-none-eabi/lib/thumb/v7e-m+fp/hard\libm.a(libm_a-w_fmod.o) (__ieee754_fmod)
C:/ST/STM32CubeIDE_1.19.0/STM32CubeIDE/plugins/com.st.stm32cube.ide.mcu.externaltools.gnu-tools-for-stm32.13.3.rel1.win32_1.0.0.202411081344/tools/bin/../lib/gcc/arm-none-eabi/13.3.1/../../../../arm-none-eabi/lib/thumb/v7e-m+fp/hard\libm.a(libm_a-s_atan.o)
                              C:/ST/STM32CubeIDE_1.19.0/STM32CubeIDE/plugins/com.st.stm32cube.ide.mcu.externaltools.gnu-tools-for-stm32.13.3.rel1.win32_1.0.0.202411081344/tools/bin/../lib/gcc/arm-none-eabi/13.3.1/../../../../arm-none-eabi/lib/thumb/v7e-m+fp/hard\libm.a(libm_a-e_atan2.o) (atan)
C:/ST/STM32CubeIDE_1.19.0/STM32CubeIDE/plugins/com.st.stm32cube.ide.mcu.externaltools.gnu-tools-for-stm32.13.3.rel1.win32_1.0.0.202411081344/tools/bin/../lib/gcc/arm-none-eabi/13.3.1/../../../../arm-none-eabi/lib/thumb/v7e-m+fp/hard\libm.a(libm_a-s_fabs.o)
                              C:/ST/STM32CubeIDE_1.19.0/STM32CubeIDE/plugins/com.st.stm32cube.ide.mcu.externaltools.gnu-tools-for-stm32.13.3.rel1.win32_1.0.0.202411081344/tools/bin/../lib/gcc/arm-none-eabi/13.3.1/../../../../arm-none-eabi/lib/thumb/v7e-m+fp/hard\libm.a(libm_a-e_atan2.o) (fabs)
C:/ST/STM32CubeIDE_1.19.0/STM32CubeIDE/plugins/com.st.stm32cube.ide.mcu.externaltools.gnu-tools-for-stm32.13.3.rel1.win32_1.0.0.202411081344/tools/bin/../lib/gcc/arm-none-eabi/13.3.1/../../../../arm-none-eabi/lib/thumb/v7e-m+fp/hard\libc_nano.a(libc_a-abort.o)
[...]
Memory Configuration

Name             Origin             Length             Attributes
CCMRAM           0x10000000         0x00010000         xrw
RAM              0x20000000         0x00020000         xrw
FLASH            0x08000000         0x00080000         xr
*default*        0x00000000         0xffffffff

Linker script and memory map

LOAD C:/ST/STM32CubeIDE_1.19.0/STM32CubeIDE/plugins/com.st.stm32cube.ide.mcu.externaltools.gnu-tools-for-stm32.13.3.rel1.win32_1.0.0.202411081344/tools/bin/../lib/gcc/arm-none-eabi/13.3.1/thumb/v7e-m+fp/hard/crti.o
LOAD C:/ST/STM32CubeIDE_1.19.0/STM32CubeIDE/plugins/com.st.stm32cube.ide.mcu.externaltools.gnu-tools-for-stm32.13.3.rel1.win32_1.0.0.202411081344/tools/bin/../lib/gcc/arm-none-eabi/13.3.1/thumb/v7e-m+fp/hard/crtbegin.o
LOAD C:/ST/STM32CubeIDE_1.19.0/STM32CubeIDE/plugins/com.st.stm32cube.ide.mcu.externaltools.gnu-tools-for-stm32.13.3.rel1.win32_1.0.0.202411081344/tools/bin/../lib/gcc/arm-none-eabi/13.3.1/../../../../arm-none-eabi/lib/thumb/v7e-m+fp/hard/crt0.o
LOAD ./Core/Src/ICM20948.o
LOAD ./Core/Src/app_display.o
LOAD ./Core/Src/app_main.o
LOAD ./Core/Src/app_motion.o
LOAD ./Core/Src/app_parser.o
LOAD ./Core/Src/freertos.o
LOAD ./Core/Src/main.o
LOAD ./Core/Src/oled.o
LOAD ./Core/Src/pid.o
LOAD ./Core/Src/stm32f4xx_hal_msp.o
LOAD ./Core/Src/stm32f4xx_it.o
LOAD ./Core/Src/syscalls.o
LOAD ./Core/Src/sysmem.o
LOAD ./Core/Src/system_stm32f4xx.o
LOAD ./Core/Startup/startup_stm32f407vetx.o
LOAD ./Drivers/STM32F4xx_HAL_Driver/Src/stm32f4xx_hal.o
LOAD ./Drivers/STM32F4xx_HAL_Driver/Src/stm32f4xx_hal_cortex.o
LOAD ./Drivers/STM32F4xx_HAL_Driver/Src/stm32f4xx_hal_dma.o
LOAD ./Drivers/STM32F4xx_HAL_Driver/Src/stm32f4xx_hal_dma_ex.o
LOAD ./Drivers/STM32F4xx_HAL_Driver/Src/stm32f4xx_hal_exti.o
LOAD ./Drivers/STM32F4xx_HAL_Driver/Src/stm32f4xx_hal_flash.o
LOAD ./Drivers/STM32F4xx_HAL_Driver/Src/stm32f4xx_hal_flash_ex.o
LOAD ./Drivers/STM32F4xx_HAL_Driver/Src/stm32f4xx_hal_flash_ramfunc.o
LOAD ./Drivers/STM32F4xx_HAL_Driver/Src/stm32f4xx_hal_gpio.o
LOAD ./Drivers/STM32F4xx_HAL_Driver/Src/stm32f4xx_hal_i2c.o
LOAD ./Drivers/STM32F4xx_HAL_Driver/Src/stm32f4xx_hal_i2c_ex.o
LOAD ./Drivers/STM32F4xx_HAL_Driver/Src/stm32f4xx_hal_pwr.o
LOAD ./Drivers/STM32F4xx_HAL_Driver/Src/stm32f4xx_hal_pwr_ex.o
LOAD ./Drivers/STM32F4xx_HAL_Driver/Src/stm32f4xx_hal_rcc.o
LOAD ./Drivers/STM32F4xx_HAL_Driver/Src/stm32f4xx_hal_rcc_ex.o
LOAD ./Drivers/STM32F4xx_HAL_Driver/Src/stm32f4xx_hal_tim.o
LOAD ./Drivers/STM32F4xx_HAL_Driver/Src/stm32f4xx_hal_tim_ex.o
LOAD ./Drivers/STM32F4xx_HAL_Driver/Src/stm32f4xx_hal_uart.o
LOAD ./Middlewares/Third_Party/FreeRTOS/Source/CMSIS_RTOS_V2/cmsis_os2.o
LOAD ./Middlewares/Third_Party/FreeRTOS/Source/croutine.o
LOAD ./Middlewares/Third_Party/FreeRTOS/Source/event_groups.o
LOAD ./Middlewares/Third_Party/FreeRTOS/Source/list.o
LOAD ./Middlewares/Third_Party/FreeRTOS/Source/queue.o
LOAD ./Middlewares/Third_Party/FreeRTOS/Source/stream_buffer.o
LOAD ./Middlewares/Third_Party/FreeRTOS/Source/tasks.o
LOAD ./Middlewares/Third_Party/FreeRTOS/Source/timers.o
LOAD ./Middlewares/Third_Party/FreeRTOS/Source/portable/GCC/ARM_CM4F/port.o
LOAD ./Middlewares/Third_Party/FreeRTOS/Source/portable/MemMang/heap_4.o
START GROUP
LOAD C:/ST/STM32CubeIDE_1.19.0/STM32CubeIDE/plugins/com.st.stm32cube.ide.mcu.externaltools.gnu-tools-for-stm32.13.3.rel1.win32_1.0.0.202411081344/tools/bin/../lib/gcc/arm-none-eabi/13.3.1/../../../../arm-none-eabi/lib/thumb/v7e-m+fp/hard\libstdc++_nano.a
LOAD C:/ST/STM32CubeIDE_1.19.0/STM32CubeIDE/plugins/com.st.stm32cube.ide.mcu.externaltools.gnu-tools-for-stm32.13.3.rel1.win32_1.0.0.202411081344/tools/bin/../lib/gcc/arm-none-eabi/13.3.1/../../../../arm-none-eabi/lib/thumb/v7e-m+fp/hard\libsupc++_nano.a
END GROUP
LOAD C:/ST/STM32CubeIDE_1.19.0/STM32CubeIDE/plugins/com.st.stm32cube.ide.mcu.externaltools.gnu-tools-for-stm32.13.3.rel1.win32_1.0.0.202411081344/tools/bin/../lib/gcc/arm-none-eabi/13.3.1/../../../../arm-none-eabi/lib/thumb/v7e-m+fp/hard\libstdc++_nano.a
LOAD C:/ST/STM32CubeIDE_1.19.0/STM32CubeIDE/plugins/com.st.stm32cube.ide.mcu.externaltools.gnu-tools-for-stm32.13.3.rel1.win32_1.0.0.202411081344/tools/bin/../lib/gcc/arm-none-eabi/13.3.1/../../../../arm-none-eabi/lib/thumb/v7e-m+fp/hard\libm.a
LOAD C:/ST/STM32CubeIDE_1.19.0/STM32CubeIDE/plugins/com.st.stm32cube.ide.mcu.externaltools.gnu-tools-for-stm32.13.3.rel1.win32_1.0.0.202411081344/tools/bin/../lib/gcc/arm-none-eabi/13.3.1/../../../../arm-none-eabi/lib/thumb/v7e-m+fp/hard\libc_nano.a
START GROUP
LOAD C:/ST/STM32CubeIDE_1.19.0/STM32CubeIDE/plugins/com.st.stm32cube.ide.mcu.externaltools.gnu-tools-for-stm32.13.3.rel1.win32_1.0.0.202411081344/tools/bin/../lib/gcc/arm-none-eabi/13.3.1/thumb/v7e-m+fp/hard\libgcc.a
LOAD C:/ST/STM32CubeIDE_1.19.0/STM32CubeIDE/plugins/com.st.stm32cube.ide.mcu.externaltools.gnu-tools-for-stm32.13.3.rel1.win32_1.0.0.202411081344/tools/bin/../lib/gcc/arm-none-eabi/13.3.1/../../../../arm-none-eabi/lib/thumb/v7e-m+fp/hard\libc_nano.a
END GROUP
START GROUP
LOAD C:/ST/STM32CubeIDE_1.19.0/STM32CubeIDE/plugins/com.st.stm32cube.ide.mcu.externaltools.gnu-tools-for-stm32.13.3.rel1.win32_1.0.0.202411081344/tools/bin/../lib/gcc/arm-none-eabi/13.3.1/thumb/v7e-m+fp/hard\libgcc.a
LOAD C:/ST/STM32CubeIDE_1.19.0/STM32CubeIDE/plugins/com.st.stm32cube.ide.mcu.externaltools.gnu-tools-for-stm32.13.3.rel1.win32_1.0.0.202411081344/tools/bin/../lib/gcc/arm-none-eabi/13.3.1/../../../../arm-none-eabi/lib/thumb/v7e-m+fp/hard\libc_nano.a
LOAD C:/ST/STM32CubeIDE_1.19.0/STM32CubeIDE/plugins/com.st.stm32cube.ide.mcu.externaltools.gnu-tools-for-stm32.13.3.rel1.win32_1.0.0.202411081344/tools/bin/../lib/gcc/arm-none-eabi/13.3.1/../../../../arm-none-eabi/lib/thumb/v7e-m+fp/hard\libnosys.a
END GROUP
START GROUP
LOAD C:/ST/STM32CubeIDE_1.19.0/STM32CubeIDE/plugins/com.st.stm32cube.ide.mcu.externaltools.gnu-tools-for-stm32.13.3.rel1.win32_1.0.0.202411081344/tools/bin/../lib/gcc/arm-none-eabi/13.3.1/thumb/v7e-m+fp/hard\libgcc.a
LOAD C:/ST/STM32CubeIDE_1.19.0/STM32CubeIDE/plugins/com.st.stm32cube.ide.mcu.externaltools.gnu-tools-for-stm32.13.3.rel1.win32_1.0.0.202411081344/tools/bin/../lib/gcc/arm-none-eabi/13.3.1/../../../../arm-none-eabi/lib/thumb/v7e-m+fp/hard\libc_nano.a
LOAD C:/ST/STM32CubeIDE_1.19.0/STM32CubeIDE/plugins/com.st.stm32cube.ide.mcu.externaltools.gnu-tools-for-stm32.13.3.rel1.win32_1.0.0.202411081344/tools/bin/../lib/gcc/arm-none-eabi/13.3.1/../../../../arm-none-eabi/lib/thumb/v7e-m+fp/hard\libnosys.a
END GROUP
LOAD C:/ST/STM32CubeIDE_1.19.0/STM32CubeIDE/plugins/com.st.stm32cube.ide.mcu.externaltools.gnu-tools-for-stm32.13.3.rel1.win32_1.0.0.202411081344/tools/bin/../lib/gcc/arm-none-eabi/13.3.1/thumb/v7e-m+fp/hard/crtend.o
LOAD C:/ST/STM32CubeIDE_1.19.0/STM32CubeIDE/plugins/com.st.stm32cube.ide.mcu.externaltools.gnu-tools-for-stm32.13.3.rel1.win32_1.0.0.202411081344/tools/bin/../lib/gcc/arm-none-eabi/13.3.1/thumb/v7e-m+fp/hard/crtn.o
                0x20020000                        _estack = (ORIGIN (RAM) + LENGTH (RAM))
                0x00000200                        _Min_Heap_Size = 0x200
                0x00000400                        _Min_Stack_Size = 0x400

.isr_vector     0x08000000      0x188
                0x08000000                        . = ALIGN (0x4)
 *(.isr_vector)
 .isr_vector    0x08000000      0x188 ./Core/Startup/startup_stm32f407vetx.o
                0x08000000                g_pfnVectors
                0x08000188                        . = ALIGN (0x4)

.text           0x08000190    0x11cd4
                0x08000190                        . = ALIGN (0x4)
 *(.text)
 .text          0x08000190       0x40 C:/ST/STM32CubeIDE_1.19.0/STM32CubeIDE/plugins/com.st.stm32cube.ide.mcu.externaltools.gnu-tools-for-stm32.13.3.rel1.win32_1.0.0.202411081344/tools/bin/../lib/gcc/arm-none-eabi/13.3.1/thumb/v7e-m+fp/hard/crtbegin.o
 .text          0x080001d0       0xa0 C:/ST/STM32CubeIDE_1.19.0/STM32CubeIDE/plugins/com.st.stm32cube.ide.mcu.externaltools.gnu-tools-for-stm32.13.3.rel1.win32_1.0.0.202411081344/tools/bin/../lib/gcc/arm-none-eabi/13.3.1/../../../../arm-none-eabi/lib/thumb/v7e-m+fp/hard\libc_nano.a(libc_a-memchr.o)
                0x080001d0                memchr
 .text          0x08000270       0x10 C:/ST/STM32CubeIDE_1.19.0/STM32CubeIDE/plugins/com.st.stm32cube.ide.mcu.externaltools.gnu-tools-for-stm32.13.3.rel1.win32_1.0.0.202411081344/tools/bin/../lib/gcc/arm-none-eabi/13.3.1/../../../../arm-none-eabi/lib/thumb/v7e-m+fp/hard\libc_nano.a(libc_a-strlen.o)
                0x08000270                strlen
 .text          0x08000280      0x378 C:/ST/STM32CubeIDE_1.19.0/STM32CubeIDE/plugins/com.st.stm32cube.ide.mcu.externaltools.gnu-tools-for-stm32.13.3.rel1.win32_1.0.0.202411081344/tools/bin/../lib/gcc/arm-none-eabi/13.3.1/thumb/v7e-m+fp/hard\libgcc.a(_arm_addsubdf3.o)
                0x08000280                __aeabi_drsub
                0x08000288                __aeabi_dsub
                0x08000288                __subdf3
                0x0800028c                __aeabi_dadd
                0x0800028c                __adddf3
                0x08000504                __floatunsidf
                0x08000504                __aeabi_ui2d
                0x08000524                __floatsidf
                0x08000524                __aeabi_i2d
                0x08000548                __aeabi_f2d
                0x08000548                __extendsfdf2
                0x0800058c                __floatundidf
                0x0800058c                __aeabi_ul2d
                0x0800059c                __floatdidf
                0x0800059c                __aeabi_l2d
 .text          0x080005f8      0x424 C:/ST/STM32CubeIDE_1.19.0/STM32CubeIDE/plugins/com.st.stm32cube.ide.mcu.externaltools.gnu-tools-for-stm32.13.3.rel1.win32_1.0.0.202411081344/tools/bin/../lib/gcc/arm-none-eabi/13.3.1/thumb/v7e-m+fp/hard\libgcc.a(_arm_muldivdf3.o)
                0x080005f8                __aeabi_dmul
                0x080005f8                __muldf3
                0x0800084c                __divdf3
                0x0800084c                __aeabi_ddiv
 .text          0x08000a1c      0x110 C:/ST/STM32CubeIDE_1.19.0/STM32CubeIDE/plugins/com.st.stm32cube.ide.mcu.externaltools.gnu-tools-for-stm32.13.3.rel1.win32_1.0.0.202411081344/tools/bin/../lib/gcc/arm-none-eabi/13.3.1/thumb/v7e-m+fp/hard\libgcc.a(_arm_cmpdf2.o)
                0x08000a1c                __gtdf2
                0x08000a1c                __gedf2
                0x08000a24                __ltdf2
                0x08000a24                __ledf2
                0x08000a2c                __nedf2
                0x08000a2c                __eqdf2
                0x08000a2c                __cmpdf2
                0x08000aa8                __aeabi_cdrcmple
                0x08000ab8                __aeabi_cdcmpeq
                0x08000ab8                __aeabi_cdcmple
                0x08000ac8                __aeabi_dcmpeq
                0x08000adc                __aeabi_dcmplt
                0x08000af0                __aeabi_dcmple
                0x08000b04                __aeabi_dcmpge
                0x08000b18                __aeabi_dcmpgt
 .text          0x08000b2c       0x2c C:/ST/STM32CubeIDE_1.19.0/STM32CubeIDE/plugins/com.st.stm32cube.ide.mcu.externaltools.gnu-tools-for-stm32.13.3.rel1.win32_1.0.0.202411081344/tools/bin/../lib/gcc/arm-none-eabi/13.3.1/thumb/v7e-m+fp/hard\libgcc.a(_arm_unorddf2.o)
                0x08000b2c                __unorddf2
                0x08000b2c                __aeabi_dcmpun
 .text          0x08000b58       0x50 C:/ST/STM32CubeIDE_1.19.0/STM32CubeIDE/plugins/com.st.stm32cube.ide.mcu.externaltools.gnu-tools-for-stm32.13.3.rel1.win32_1.0.0.202411081344/tools/bin/../lib/gcc/arm-none-eabi/13.3.1/thumb/v7e-m+fp/hard\libgcc.a(_arm_fixdfsi.o)
                0x08000b58                __aeabi_d2iz
                0x08000b58                __fixdfsi
 .text          0x08000ba8       0x40 C:/ST/STM32CubeIDE_1.19.0/STM32CubeIDE/plugins/com.st.stm32cube.ide.mcu.externaltools.gnu-tools-for-stm32.13.3.rel1.win32_1.0.0.202411081344/tools/bin/../lib/gcc/arm-none-eabi/13.3.1/thumb/v7e-m+fp/hard\libgcc.a(_arm_fixunsdfsi.o)
                0x08000ba8                __aeabi_d2uiz
                0x08000ba8                __fixunsdfsi
 .text          0x08000be8       0xa0 C:/ST/STM32CubeIDE_1.19.0/STM32CubeIDE/plugins/com.st.stm32cube.ide.mcu.externaltools.gnu-tools-for-stm32.13.3.rel1.win32_1.0.0.202411081344/tools/bin/../lib/gcc/arm-none-eabi/13.3.1/thumb/v7e-m+fp/hard\libgcc.a(_arm_truncdfsf2.o)
                0x08000be8                __truncdfsf2
                0x08000be8                __aeabi_d2f
 .text          0x08000c88       0x30 C:/ST/STM32CubeIDE_1.19.0/STM32CubeIDE/plugins/com.st.stm32cube.ide.mcu.externaltools.gnu-tools-for-stm32.13.3.rel1.win32_1.0.0.202411081344/tools/bin/../lib/gcc/arm-none-eabi/13.3.1/thumb/v7e-m+fp/hard\libgcc.a(_aeabi_uldivmod.o)
                0x08000c88                __aeabi_uldivmod
 .text          0x08000cb8      0x2f8 C:/ST/STM32CubeIDE_1.19.0/STM32CubeIDE/plugins/com.st.stm32cube.ide.mcu.externaltools.gnu-tools-for-stm32.13.3.rel1.win32_1.0.0.202411081344/tools/bin/../lib/gcc/arm-none-eabi/13.3.1/thumb/v7e-m+fp/hard\libgcc.a(_udivmoddi4.o)
                0x08000cb8                __udivmoddi4
 .text          0x08000fb0        0x4 C:/ST/STM32CubeIDE_1.19.0/STM32CubeIDE/plugins/com.st.stm32cube.ide.mcu.externaltools.gnu-tools-for-stm32.13.3.rel1.win32_1.0.0.202411081344/tools/bin/../lib/gcc/arm-none-eabi/13.3.1/thumb/v7e-m+fp/hard\libgcc.a(_dvmd_tls.o)
                0x08000fb0                __aeabi_idiv0
                0x08000fb0                __aeabi_ldiv0
 *(.text*)
 .text.IMU_Initialise
                0x08000fb4      0x180 ./Core/Src/ICM20948.o
                0x08000fb4                IMU_Initialise
 .text.IMU_WriteOneByte
                0x08001134       0x38 ./Core/Src/ICM20948.o
                0x08001134                IMU_WriteOneByte
 .text.IMU_ReadOneByte
                0x0800116c       0x36 ./Core/Src/ICM20948.o
                0x0800116c                IMU_ReadOneByte
 .text.Mag_WriteOneByte
                0x080011a2       0x38 ./Core/Src/ICM20948.o
                0x080011a2                Mag_WriteOneByte
 *fill*         0x080011da        0x2 
 .text.IMU_AccelRead
                0x080011dc      0x1b4 ./Core/Src/ICM20948.o
                0x080011dc                IMU_AccelRead
 .text.Gyro_calibrate
                0x08001390      0x158 ./Core/Src/ICM20948.o
                0x08001390                Gyro_calibrate
 .text.IMU_GyroRead
                0x080014e8      0x19c ./Core/Src/ICM20948.o
                0x080014e8                IMU_GyroRead
 .text.Mag_init
                0x08001684       0x20 ./Core/Src/ICM20948.o
                0x08001684                Mag_init
 .text._ZN7Display8oledTaskEPv
                0x080016a4      0x298 ./Core/Src/app_display.o
                0x080016a4                Display::oledTask(void*)
 .text._ZN9AppMotion16MotionControllerD2Ev
                0x0800193c       0x16 ./Core/Src/app_main.o
                0x0800193c                AppMotion::MotionController::~MotionController()
                0x0800193c                AppMotion::MotionController::~MotionController()
 *fill*         0x08001952        0x2 
 .text.initializeCPPconstructs
                0x08001954       0x70 ./Core/Src/app_main.o
                0x08001954                initializeCPPconstructs
 *fill*         0x080019c4        0x4 
 .text.sensorIMUTask
                0x080019c8      0x274 ./Core/Src/app_main.o
                0x080019c8                sensorIMUTask
 *fill*         0x08001c3c        0x4 
 .text.quaternionUpdate
                0x08001c40      0x680 ./Core/Src/app_main.o
                0x08001c40                quaternionUpdate
 .text._ext_sig_halt
                0x080022c0       0x14 ./Core/Src/app_main.o
                0x080022c0                _ext_sig_halt
 .text.HAL_UART_RxCpltCallback
                0x080022d4       0x28 ./Core/Src/app_main.o
                0x080022d4                HAL_UART_RxCpltCallback
 .text.HAL_TIM_IC_CaptureCallback
                0x080022fc      0x110 ./Core/Src/app_main.o
                0x080022fc                HAL_TIM_IC_CaptureCallback
 .text._Z41__static_initialization_and_destruction_0v
                0x0800240c       0xb8 ./Core/Src/app_main.o
 .text._Z41__static_initialization_and_destruction_1v
                0x080024c4       0x28 ./Core/Src/app_main.o
 .text._GLOBAL__sub_I_sensor_data
                0x080024ec        0xa ./Core/Src/app_main.o
 .text._GLOBAL__sub_D_sensor_data
                0x080024f6        0xa ./Core/Src/app_main.o
 .text._ZN9AppMotion16MotionController3mapEfffff
                0x08002500       0x5c ./Core/Src/app_motion.o
                0x08002500                AppMotion::MotionController::map(float, float, float, float, float)
 .text._ZN9AppMotion16MotionControllerC2EP5u_ctx
                0x0800255c       0x1e ./Core/Src/app_motion.o
                0x0800255c                AppMotion::MotionController::MotionController(u_ctx*)
                0x0800255c                AppMotion::MotionController::MotionController(u_ctx*)
 *fill*         0x0800257a        0x2 
 .text._ZN9AppMotion16MotionController5startEv
                0x0800257c      0x198 ./Core/Src/app_motion.o
                0x0800257c                AppMotion::MotionController::start()
 .text._ZN9AppMotion16MotionController10motionTaskEPv
                0x08002714      0x170 ./Core/Src/app_motion.o
                0x08002714                AppMotion::MotionController::motionTask(void*)
 *fill*         0x08002884        0x4 
 .text._ZN9AppMotion16MotionController4moveEbmmbb
                0x08002888      0x564 ./Core/Src/app_motion.o
                0x08002888                AppMotion::MotionController::move(bool, unsigned long, unsigned long, bool, bool)
 *fill*         0x08002dec        0x4 
 .text._ZN9AppMotion16MotionController4turnEbbbm
                0x08002df0      0x6b4 ./Core/Src/app_motion.o
                0x08002df0                AppMotion::MotionController::turn(bool, bool, bool, unsigned long)
 .text._ZN9AppMotion16MotionController13emergencyStopEv
                0x080034a4       0x1c ./Core/Src/app_motion.o
                0x080034a4                AppMotion::MotionController::emergencyStop()
 .text._ZN9AppMotion5ServoC2EP17TIM_HandleTypeDefmmmm
                0x080034c0       0x3e ./Core/Src/app_motion.o
                0x080034c0                AppMotion::Servo::Servo(TIM_HandleTypeDef*, unsigned long, unsigned long, unsigned long, unsigned long)
                0x080034c0                AppMotion::Servo::Servo(TIM_HandleTypeDef*, unsigned long, unsigned long, unsigned long, unsigned long)
 .text._ZN9AppMotion5Servo8turnLeftEv
                0x080034fe       0x22 ./Core/Src/app_motion.o
                0x080034fe                AppMotion::Servo::turnLeft()
 .text._ZN9AppMotion5Servo9turnRightEv
                0x08003520       0x22 ./Core/Src/app_motion.o
                0x08003520                AppMotion::Servo::turnRight()
 .text._ZN9AppMotion5Servo9turnFrontEv
                0x08003542       0x22 ./Core/Src/app_motion.o
                0x08003542                AppMotion::Servo::turnFront()
 .text._ZN9AppMotion5MotorC2EP17TIM_HandleTypeDefmmm
                0x08003564       0x46 ./Core/Src/app_motion.o
                0x08003564                AppMotion::Motor::Motor(TIM_HandleTypeDef*, unsigned long, unsigned long, unsigned long)
                0x08003564                AppMotion::Motor::Motor(TIM_HandleTypeDef*, unsigned long, unsigned long, unsigned long)
 *fill*         0x080035aa        0x2 
 .text._ZN9AppMotion5Motor8setSpeedEmb
                0x080035ac      0x164 ./Core/Src/app_motion.o
                0x080035ac                AppMotion::Motor::setSpeed(unsigned long, bool)
 .text._ZN9AppMotion5Motor16_setDutyCycleValEmb
                0x08003710      0x150 ./Core/Src/app_motion.o
                0x08003710                AppMotion::Motor::_setDutyCycleVal(unsigned long, bool)
 .text._ZN9AppMotion5Motor4haltEv
                0x08003860       0xa0 ./Core/Src/app_motion.o
                0x08003860                AppMotion::Motor::halt()
 .text._ZN9AppMotion7EncoderC2EP17TIM_HandleTypeDefm
                0x08003900       0x2a ./Core/Src/app_motion.o
                0x08003900                AppMotion::Encoder::Encoder(TIM_HandleTypeDef*, unsigned long)
                0x08003900                AppMotion::Encoder::Encoder(TIM_HandleTypeDef*, unsigned long)
 .text._ZN9AppMotion7Encoder8getCountEv
                0x0800392a       0x1c ./Core/Src/app_motion.o
                0x0800392a                AppMotion::Encoder::getCount()
 .text._ZN9AppMotion7Encoder8getDeltaEmm
                0x08003946       0x6c ./Core/Src/app_motion.o
                0x08003946                AppMotion::Encoder::getDelta(unsigned long, unsigned long)
 .text._ZN9AppMotion16MotionController3sgnIfEEiT_
                0x080039b2       0x42 ./Core/Src/app_motion.o
                0x080039b2                int AppMotion::MotionController::sgn<float>(float)
 .text._ZN9AppParser8ListenerC2EP5u_ctx
                0x080039f4       0x1e ./Core/Src/app_parser.o
                0x080039f4                AppParser::Listener::Listener(u_ctx*)
                0x080039f4                AppParser::Listener::Listener(u_ctx*)
 .text._ZN9AppParser8ListenerD2Ev
                0x08003a12       0x16 ./Core/Src/app_parser.o
                0x08003a12                AppParser::Listener::~Listener()
                0x08003a12                AppParser::Listener::~Listener()
 .text._ZN9AppParser8Listener6invokeEv
                0x08003a28       0x40 ./Core/Src/app_parser.o
                0x08003a28                AppParser::Listener::invoke()
 .text._ZN9AppParser9ProcessorC2EP5u_ctxS2_
                0x08003a68       0x34 ./Core/Src/app_parser.o
                0x08003a68                AppParser::Processor::Processor(u_ctx*, u_ctx*)
                0x08003a68                AppParser::Processor::Processor(u_ctx*, u_ctx*)
 .text._ZN9AppParser9ProcessorD2Ev
                0x08003a9c       0x16 ./Core/Src/app_parser.o
                0x08003a9c                AppParser::Processor::~Processor()
                0x08003a9c                AppParser::Processor::~Processor()
 *fill*         0x08003ab2        0x2 
 .text._ZN9AppParser9Processor5startEv
                0x08003ab4       0x4c ./Core/Src/app_parser.o
                0x08003ab4                AppParser::Processor::start()
 .text._ZN9AppParser9Processor13processorTaskEPv
                0x08003b00      0x490 ./Core/Src/app_parser.o
                0x08003b00                AppParser::Processor::processorTask(void*)
 .text._ZN9AppParser9Processor22returnSensorRequestCmdEh
                0x08003f90      0x24c ./Core/Src/app_parser.o
                0x08003f90                AppParser::Processor::returnSensorRequestCmd(unsigned char)
 .text._ZN9AppParser9Processor21getMotionCmdFromBytesEPh
                0x080041dc      0x178 ./Core/Src/app_parser.o
                0x080041dc                AppParser::Processor::getMotionCmdFromBytes(unsigned char*)
 .text._ZN9AppParser9Processor4isEqIhEEbRKT_S4_
                0x08004354       0x28 ./Core/Src/app_parser.o
                0x08004354                bool AppParser::Processor::isEq<unsigned char>(unsigned char const&, unsigned char const&)
 .text.main     0x0800437c       0x64 ./Core/Src/main.o
                0x0800437c                main
 .text.SystemClock_Config
                0x080043e0       0xbc ./Core/Src/main.o
                0x080043e0                SystemClock_Config
 .text.MX_I2C2_Init
                0x0800449c       0x5c ./Core/Src/main.o
 .text.MX_TIM2_Init
                0x080044f8       0xa8 ./Core/Src/main.o
 .text.MX_TIM3_Init
                0x080045a0       0xa8 ./Core/Src/main.o
 .text.MX_TIM4_Init
                0x08004648      0x104 ./Core/Src/main.o
 .text.MX_TIM6_Init
                0x0800474c       0x6c ./Core/Src/main.o
 .text.MX_TIM8_Init
                0x080047b8       0xe8 ./Core/Src/main.o
 .text.MX_TIM9_Init
                0x080048a0       0xdc ./Core/Src/main.o
 .text.MX_TIM12_Init
                0x0800497c       0xc8 ./Core/Src/main.o
 .text.MX_USART3_UART_Init
                0x08004a44       0x54 ./Core/Src/main.o
 .text.MX_DMA_Init
                0x08004a98       0x50 ./Core/Src/main.o
 .text.MX_GPIO_Init
                0x08004ae8      0x164 ./Core/Src/main.o
 .text.HAL_GPIO_EXTI_Callback
                0x08004c4c       0x16 ./Core/Src/main.o
                0x08004c4c                HAL_GPIO_EXTI_Callback
 .text.StartDefaultTask
                0x08004c62       0x10 ./Core/Src/main.o
                0x08004c62                StartDefaultTask
 .text.Error_Handler
                0x08004c72        0xc ./Core/Src/main.o
                0x08004c72                Error_Handler
 *fill*         0x08004c7e        0x2 
 .text.OLED_WR_Byte
                0x08004c80       0x9c ./Core/Src/oled.o
                0x08004c80                OLED_WR_Byte
 .text.OLED_Refresh_Gram
                0x08004d1c       0x70 ./Core/Src/oled.o
                0x08004d1c                OLED_Refresh_Gram
 .text.OLED_Clear
                0x08004d8c       0x4c ./Core/Src/oled.o
                0x08004d8c                OLED_Clear
 .text.OLED_Display_On
                0x08004dd8       0x20 ./Core/Src/oled.o
                0x08004dd8                OLED_Display_On
 .text.OLED_DrawPoint
                0x08004df8       0xb4 ./Core/Src/oled.o
                0x08004df8                OLED_DrawPoint
 .text.OLED_ShowChar
                0x08004eac       0xe4 ./Core/Src/oled.o
                0x08004eac                OLED_ShowChar
 .text.OLED_ShowString
                0x08004f90       0x64 ./Core/Src/oled.o
                0x08004f90                OLED_ShowString
 .text.OLED_DrawRect
                0x08004ff4       0x88 ./Core/Src/oled.o
                0x08004ff4                OLED_DrawRect
 .text.OLED_DrawRectWithFill
                0x0800507c       0xc2 ./Core/Src/oled.o
                0x0800507c                OLED_DrawRectWithFill
 .text.OLED_DrawVerticalLine
                0x0800513e       0x40 ./Core/Src/oled.o
                0x0800513e                OLED_DrawVerticalLine
 *fill*         0x0800517e        0x2 
 .text.OLED_Init
                0x08005180      0x11c ./Core/Src/oled.o
                0x08005180                OLED_Init
 .text._Z8PID_initP12pid_type_defhPKfff
                0x0800529c       0xae ./Core/Src/pid.o
                0x0800529c                PID_init(pid_type_def*, unsigned char, float const*, float, float)
 .text._Z8PID_calcP12pid_type_defff
                0x0800534a      0x290 ./Core/Src/pid.o
                0x0800534a                PID_calc(pid_type_def*, float, float)
 *fill*         0x080055da        0x2 
 .text.HAL_MspInit
                0x080055dc       0x58 ./Core/Src/stm32f4xx_hal_msp.o
                0x080055dc                HAL_MspInit
 .text.HAL_I2C_MspInit
                0x08005634       0x90 ./Core/Src/stm32f4xx_hal_msp.o
                0x08005634                HAL_I2C_MspInit
 .text.HAL_TIM_Encoder_MspInit
                0x080056c4      0x134 ./Core/Src/stm32f4xx_hal_msp.o
                0x080056c4                HAL_TIM_Encoder_MspInit
 .text.HAL_TIM_Base_MspInit
                0x080057f8      0x150 ./Core/Src/stm32f4xx_hal_msp.o
                0x080057f8                HAL_TIM_Base_MspInit
 .text.HAL_TIM_MspPostInit
                0x08005948      0x114 ./Core/Src/stm32f4xx_hal_msp.o
                0x08005948                HAL_TIM_MspPostInit
 .text.HAL_UART_MspInit
                0x08005a5c      0x18c ./Core/Src/stm32f4xx_hal_msp.o
                0x08005a5c                HAL_UART_MspInit
 .text.NMI_Handler
                0x08005be8        0x8 ./Core/Src/stm32f4xx_it.o
                0x08005be8                NMI_Handler
 .text.HardFault_Handler
                0x08005bf0        0x8 ./Core/Src/stm32f4xx_it.o
                0x08005bf0                HardFault_Handler
 .text.MemManage_Handler
                0x08005bf8        0x8 ./Core/Src/stm32f4xx_it.o
                0x08005bf8                MemManage_Handler
 .text.BusFault_Handler
                0x08005c00        0x8 ./Core/Src/stm32f4xx_it.o
                0x08005c00                BusFault_Handler
 .text.UsageFault_Handler
                0x08005c08        0x8 ./Core/Src/stm32f4xx_it.o
                0x08005c08                UsageFault_Handler
 .text.DebugMon_Handler
                0x08005c10        0xe ./Core/Src/stm32f4xx_it.o
                0x08005c10                DebugMon_Handler
 .text.SysTick_Handler
                0x08005c1e       0x1a ./Core/Src/stm32f4xx_it.o
                0x08005c1e                SysTick_Handler
 .text.EXTI0_IRQHandler
                0x08005c38        0xe ./Core/Src/stm32f4xx_it.o
                0x08005c38                EXTI0_IRQHandler
 *fill*         0x08005c46        0x2 
 .text.DMA1_Stream1_IRQHandler
                0x08005c48       0x14 ./Core/Src/stm32f4xx_it.o
                0x08005c48                DMA1_Stream1_IRQHandler
 .text.DMA1_Stream3_IRQHandler
                0x08005c5c       0x14 ./Core/Src/stm32f4xx_it.o
                0x08005c5c                DMA1_Stream3_IRQHandler
 .text.USART3_IRQHandler
                0x08005c70       0x14 ./Core/Src/stm32f4xx_it.o
                0x08005c70                USART3_IRQHandler
 .text.TIM8_CC_IRQHandler
                0x08005c84       0x14 ./Core/Src/stm32f4xx_it.o
                0x08005c84                TIM8_CC_IRQHandler
 .text._getpid  0x08005c98       0x10 ./Core/Src/syscalls.o
                0x08005c98                _getpid
 .text._kill    0x08005ca8       0x20 ./Core/Src/syscalls.o
                0x08005ca8                _kill
 .text._exit    0x08005cc8       0x16 ./Core/Src/syscalls.o
                0x08005cc8                _exit
 .text._read    0x08005cde       0x3a ./Core/Src/syscalls.o
                0x08005cde                _read
 .text._write   0x08005d18       0x38 ./Core/Src/syscalls.o
                0x08005d18                _write
 .text._close   0x08005d50       0x18 ./Core/Src/syscalls.o
                0x08005d50                _close
 .text._fstat   0x08005d68       0x20 ./Core/Src/syscalls.o
                0x08005d68                _fstat
 .text._isatty  0x08005d88       0x16 ./Core/Src/syscalls.o
                0x08005d88                _isatty
 .text._lseek   0x08005d9e       0x1a ./Core/Src/syscalls.o
                0x08005d9e                _lseek
 .text._sbrk    0x08005db8       0x6c ./Core/Src/sysmem.o
                0x08005db8                _sbrk
 .text.SystemInit
                0x08005e24       0x24 ./Core/Src/system_stm32f4xx.o
                0x08005e24                SystemInit
 .text.Reset_Handler
                0x08005e48       0x50 ./Core/Startup/startup_stm32f407vetx.o
                0x08005e48                Reset_Handler
 .text.Default_Handler
                0x08005e98        0x2 ./Core/Startup/startup_stm32f407vetx.o
                0x08005e98                RTC_Alarm_IRQHandler
                0x08005e98                HASH_RNG_IRQHandler
                0x08005e98                EXTI2_IRQHandler
                0x08005e98                TIM1_CC_IRQHandler
                0x08005e98                DMA2_Stream5_IRQHandler
                0x08005e98                DMA1_Stream5_IRQHandler
                0x08005e98                PVD_IRQHandler
                0x08005e98                SDIO_IRQHandler
                0x08005e98                TAMP_STAMP_IRQHandler
                0x08005e98                CAN2_RX1_IRQHandler
                0x08005e98                EXTI3_IRQHandler
                0x08005e98                TIM8_TRG_COM_TIM14_IRQHandler
                0x08005e98                TIM1_UP_TIM10_IRQHandler
                0x08005e98                TIM8_UP_TIM13_IRQHandler
                0x08005e98                I2C3_ER_IRQHandler
                0x08005e98                I2C2_EV_IRQHandler
                0x08005e98                DMA1_Stream2_IRQHandler
                0x08005e98                CAN1_RX0_IRQHandler
                0x08005e98                FPU_IRQHandler
                0x08005e98                OTG_HS_WKUP_IRQHandler
                0x08005e98                CAN2_SCE_IRQHandler
                0x08005e98                DMA2_Stream2_IRQHandler
                0x08005e98                SPI1_IRQHandler
                0x08005e98                TIM6_DAC_IRQHandler
                0x08005e98                TIM1_BRK_TIM9_IRQHandler
                0x08005e98                DCMI_IRQHandler
                0x08005e98                CAN2_RX0_IRQHandler
                0x08005e98                DMA2_Stream3_IRQHandler
                0x08005e98                USART6_IRQHandler
                0x08005e98                CAN1_RX1_IRQHandler
                0x08005e98                UART5_IRQHandler
                0x08005e98                DMA2_Stream0_IRQHandler
                0x08005e98                TIM4_IRQHandler
                0x08005e98                I2C1_EV_IRQHandler
                0x08005e98                DMA1_Stream6_IRQHandler
                0x08005e98                UART4_IRQHandler
                0x08005e98                TIM3_IRQHandler
                0x08005e98                RCC_IRQHandler
                0x08005e98                TIM8_BRK_TIM12_IRQHandler
                0x08005e98                Default_Handler
                0x08005e98                EXTI15_10_IRQHandler
                0x08005e98                ADC_IRQHandler
                0x08005e98                DMA1_Stream7_IRQHandler
                0x08005e98                TIM7_IRQHandler
                0x08005e98                CAN2_TX_IRQHandler
                0x08005e98                TIM5_IRQHandler
                0x08005e98                DMA2_Stream7_IRQHandler
                0x08005e98                I2C3_EV_IRQHandler
                0x08005e98                EXTI9_5_IRQHandler
                0x08005e98                RTC_WKUP_IRQHandler
                0x08005e98                ETH_WKUP_IRQHandler
                0x08005e98                SPI2_IRQHandler
                0x08005e98                OTG_HS_EP1_IN_IRQHandler
                0x08005e98                DMA1_Stream0_IRQHandler
                0x08005e98                CAN1_TX_IRQHandler
                0x08005e98                EXTI4_IRQHandler
                0x08005e98                FSMC_IRQHandler
                0x08005e98                ETH_IRQHandler
                0x08005e98                OTG_HS_EP1_OUT_IRQHandler
                0x08005e98                WWDG_IRQHandler
                0x08005e98                TIM2_IRQHandler
                0x08005e98                OTG_FS_WKUP_IRQHandler
                0x08005e98                TIM1_TRG_COM_TIM11_IRQHandler
                0x08005e98                OTG_HS_IRQHandler
                0x08005e98                EXTI1_IRQHandler
                0x08005e98                USART2_IRQHandler
                0x08005e98                I2C2_ER_IRQHandler
                0x08005e98                DMA2_Stream1_IRQHandler
                0x08005e98                CAN1_SCE_IRQHandler
                0x08005e98                FLASH_IRQHandler
                0x08005e98                DMA2_Stream4_IRQHandler
                0x08005e98                USART1_IRQHandler
                0x08005e98                OTG_FS_IRQHandler
                0x08005e98                SPI3_IRQHandler
                0x08005e98                DMA1_Stream4_IRQHandler
                0x08005e98                I2C1_ER_IRQHandler
                0x08005e98                DMA2_Stream6_IRQHandler
 *fill*         0x08005e9a        0x2 
 .text.HAL_Init
                0x08005e9c       0x44 ./Drivers/STM32F4xx_HAL_Driver/Src/stm32f4xx_hal.o
                0x08005e9c                HAL_Init
 .text.HAL_InitTick
                0x08005ee0       0x60 ./Drivers/STM32F4xx_HAL_Driver/Src/stm32f4xx_hal.o
                0x08005ee0                HAL_InitTick
 .text.HAL_IncTick
                0x08005f40       0x28 ./Drivers/STM32F4xx_HAL_Driver/Src/stm32f4xx_hal.o
                0x08005f40                HAL_IncTick
 .text.HAL_GetTick
                0x08005f68       0x18 ./Drivers/STM32F4xx_HAL_Driver/Src/stm32f4xx_hal.o
                0x08005f68                HAL_GetTick
 .text.HAL_Delay
                0x08005f80       0x48 ./Drivers/STM32F4xx_HAL_Driver/Src/stm32f4xx_hal.o
                0x08005f80                HAL_Delay
 .text.__NVIC_SetPriorityGrouping
                0x08005fc8       0x48 ./Drivers/STM32F4xx_HAL_Driver/Src/stm32f4xx_hal_cortex.o
 .text.__NVIC_GetPriorityGrouping
                0x08006010       0x1c ./Drivers/STM32F4xx_HAL_Driver/Src/stm32f4xx_hal_cortex.o
 .text.__NVIC_EnableIRQ
                0x0800602c       0x3c ./Drivers/STM32F4xx_HAL_Driver/Src/stm32f4xx_hal_cortex.o
 .text.__NVIC_SetPriority
                0x08006068       0x54 ./Drivers/STM32F4xx_HAL_Driver/Src/stm32f4xx_hal_cortex.o
 .text.NVIC_EncodePriority
                0x080060bc       0x66 ./Drivers/STM32F4xx_HAL_Driver/Src/stm32f4xx_hal_cortex.o
 *fill*         0x08006122        0x2 
 .text.SysTick_Config
                0x08006124       0x44 ./Drivers/STM32F4xx_HAL_Driver/Src/stm32f4xx_hal_cortex.o
 .text.HAL_NVIC_SetPriorityGrouping
                0x08006168       0x16 ./Drivers/STM32F4xx_HAL_Driver/Src/stm32f4xx_hal_cortex.o
                0x08006168                HAL_NVIC_SetPriorityGrouping
 .text.HAL_NVIC_SetPriority
                0x0800617e       0x38 ./Drivers/STM32F4xx_HAL_Driver/Src/stm32f4xx_hal_cortex.o
                0x0800617e                HAL_NVIC_SetPriority
 .text.HAL_NVIC_EnableIRQ
                0x080061b6       0x1c ./Drivers/STM32F4xx_HAL_Driver/Src/stm32f4xx_hal_cortex.o
                0x080061b6                HAL_NVIC_EnableIRQ
 .text.HAL_SYSTICK_Config
                0x080061d2       0x18 ./Drivers/STM32F4xx_HAL_Driver/Src/stm32f4xx_hal_cortex.o
                0x080061d2                HAL_SYSTICK_Config
 *fill*         0x080061ea        0x2 
 .text.HAL_DMA_Init
                0x080061ec      0x15c ./Drivers/STM32F4xx_HAL_Driver/Src/stm32f4xx_hal_dma.o
                0x080061ec                HAL_DMA_Init
 .text.HAL_DMA_Start_IT
                0x08006348       0xb0 ./Drivers/STM32F4xx_HAL_Driver/Src/stm32f4xx_hal_dma.o
                0x08006348                HAL_DMA_Start_IT
 .text.HAL_DMA_Abort
                0x080063f8       0xe0 ./Drivers/STM32F4xx_HAL_Driver/Src/stm32f4xx_hal_dma.o
                0x080063f8                HAL_DMA_Abort
 .text.HAL_DMA_Abort_IT
                0x080064d8       0x44 ./Drivers/STM32F4xx_HAL_Driver/Src/stm32f4xx_hal_dma.o
                0x080064d8                HAL_DMA_Abort_IT
 .text.HAL_DMA_IRQHandler
                0x0800651c      0x314 ./Drivers/STM32F4xx_HAL_Driver/Src/stm32f4xx_hal_dma.o
                0x0800651c                HAL_DMA_IRQHandler
 .text.DMA_SetConfig
                0x08006830       0x5c ./Drivers/STM32F4xx_HAL_Driver/Src/stm32f4xx_hal_dma.o
 .text.DMA_CalcBaseAndBitshift
                0x0800688c       0x6c ./Drivers/STM32F4xx_HAL_Driver/Src/stm32f4xx_hal_dma.o
 .text.DMA_CheckFifoParam
                0x080068f8       0xf8 ./Drivers/STM32F4xx_HAL_Driver/Src/stm32f4xx_hal_dma.o
 .text.HAL_GPIO_Init
                0x080069f0      0x338 ./Drivers/STM32F4xx_HAL_Driver/Src/stm32f4xx_hal_gpio.o
                0x080069f0                HAL_GPIO_Init
 .text.HAL_GPIO_WritePin
                0x08006d28       0x32 ./Drivers/STM32F4xx_HAL_Driver/Src/stm32f4xx_hal_gpio.o
                0x08006d28                HAL_GPIO_WritePin
 *fill*         0x08006d5a        0x2 
 .text.HAL_GPIO_EXTI_IRQHandler
                0x08006d5c       0x30 ./Drivers/STM32F4xx_HAL_Driver/Src/stm32f4xx_hal_gpio.o
                0x08006d5c                HAL_GPIO_EXTI_IRQHandler
 .text.HAL_I2C_Init
                0x08006d8c      0x288 ./Drivers/STM32F4xx_HAL_Driver/Src/stm32f4xx_hal_i2c.o
                0x08006d8c                HAL_I2C_Init
 .text.HAL_I2C_Mem_Write
                0x08007014      0x1f4 ./Drivers/STM32F4xx_HAL_Driver/Src/stm32f4xx_hal_i2c.o
                0x08007014                HAL_I2C_Mem_Write
 .text.HAL_I2C_Mem_Read
                0x08007208      0x44c ./Drivers/STM32F4xx_HAL_Driver/Src/stm32f4xx_hal_i2c.o
                0x08007208                HAL_I2C_Mem_Read
 .text.HAL_I2C_IsDeviceReady
                0x08007654      0x25c ./Drivers/STM32F4xx_HAL_Driver/Src/stm32f4xx_hal_i2c.o
                0x08007654                HAL_I2C_IsDeviceReady
 .text.I2C_RequestMemoryWrite
                0x080078b0      0x12c ./Drivers/STM32F4xx_HAL_Driver/Src/stm32f4xx_hal_i2c.o
 .text.I2C_RequestMemoryRead
                0x080079dc      0x1d0 ./Drivers/STM32F4xx_HAL_Driver/Src/stm32f4xx_hal_i2c.o
 .text.I2C_WaitOnFlagUntilTimeout
                0x08007bac       0xae ./Drivers/STM32F4xx_HAL_Driver/Src/stm32f4xx_hal_i2c.o
 .text.I2C_WaitOnMasterAddressFlagUntilTimeout
                0x08007c5a       0xfe ./Drivers/STM32F4xx_HAL_Driver/Src/stm32f4xx_hal_i2c.o
 .text.I2C_WaitOnTXEFlagUntilTimeout
                0x08007d58       0x82 ./Drivers/STM32F4xx_HAL_Driver/Src/stm32f4xx_hal_i2c.o
 .text.I2C_WaitOnBTFFlagUntilTimeout
                0x08007dda       0x82 ./Drivers/STM32F4xx_HAL_Driver/Src/stm32f4xx_hal_i2c.o
 .text.I2C_WaitOnRXNEFlagUntilTimeout
                0x08007e5c       0xac ./Drivers/STM32F4xx_HAL_Driver/Src/stm32f4xx_hal_i2c.o
 .text.I2C_IsAcknowledgeFailed
                0x08007f08       0x5e ./Drivers/STM32F4xx_HAL_Driver/Src/stm32f4xx_hal_i2c.o
 *fill*         0x08007f66        0x2 
 .text.HAL_PWR_EnableBkUpAccess
                0x08007f68       0x28 ./Drivers/STM32F4xx_HAL_Driver/Src/stm32f4xx_hal_pwr.o
                0x08007f68                HAL_PWR_EnableBkUpAccess
 .text.HAL_PWR_DisableBkUpAccess
                0x08007f90       0x28 ./Drivers/STM32F4xx_HAL_Driver/Src/stm32f4xx_hal_pwr.o
                0x08007f90                HAL_PWR_DisableBkUpAccess
 .text.HAL_RCC_OscConfig
                0x08007fb8      0x4f0 ./Drivers/STM32F4xx_HAL_Driver/Src/stm32f4xx_hal_rcc.o
                0x08007fb8                HAL_RCC_OscConfig
 .text.HAL_RCC_ClockConfig
                0x080084a8      0x1cc ./Drivers/STM32F4xx_HAL_Driver/Src/stm32f4xx_hal_rcc.o
                0x080084a8                HAL_RCC_ClockConfig
 .text.HAL_RCC_GetSysClockFreq
                0x08008674      0x18c ./Drivers/STM32F4xx_HAL_Driver/Src/stm32f4xx_hal_rcc.o
                0x08008674                HAL_RCC_GetSysClockFreq
 .text.HAL_RCC_GetHCLKFreq
                0x08008800       0x18 ./Drivers/STM32F4xx_HAL_Driver/Src/stm32f4xx_hal_rcc.o
                0x08008800                HAL_RCC_GetHCLKFreq
 .text.HAL_RCC_GetPCLK1Freq
                0x08008818       0x28 ./Drivers/STM32F4xx_HAL_Driver/Src/stm32f4xx_hal_rcc.o
                0x08008818                HAL_RCC_GetPCLK1Freq
 .text.HAL_RCC_GetPCLK2Freq
                0x08008840       0x28 ./Drivers/STM32F4xx_HAL_Driver/Src/stm32f4xx_hal_rcc.o
                0x08008840                HAL_RCC_GetPCLK2Freq
 .text.HAL_TIM_Base_Init
                0x08008868       0x9e ./Drivers/STM32F4xx_HAL_Driver/Src/stm32f4xx_hal_tim.o
                0x08008868                HAL_TIM_Base_Init
 .text.HAL_TIM_PWM_Init
                0x08008906       0x9e ./Drivers/STM32F4xx_HAL_Driver/Src/stm32f4xx_hal_tim.o
                0x08008906                HAL_TIM_PWM_Init
 .text.HAL_TIM_PWM_MspInit
                0x080089a4       0x14 ./Drivers/STM32F4xx_HAL_Driver/Src/stm32f4xx_hal_tim.o
                0x080089a4                HAL_TIM_PWM_MspInit
 .text.HAL_TIM_PWM_Start
                0x080089b8      0x190 ./Drivers/STM32F4xx_HAL_Driver/Src/stm32f4xx_hal_tim.o
                0x080089b8                HAL_TIM_PWM_Start
 .text.HAL_TIM_IC_Init
                0x08008b48       0x9e ./Drivers/STM32F4xx_HAL_Driver/Src/stm32f4xx_hal_tim.o
                0x08008b48                HAL_TIM_IC_Init
 .text.HAL_TIM_IC_MspInit
                0x08008be6       0x14 ./Drivers/STM32F4xx_HAL_Driver/Src/stm32f4xx_hal_tim.o
                0x08008be6                HAL_TIM_IC_MspInit
 *fill*         0x08008bfa        0x2 
 .text.HAL_TIM_IC_Stop_IT
                0x08008bfc      0x15c ./Drivers/STM32F4xx_HAL_Driver/Src/stm32f4xx_hal_tim.o
                0x08008bfc                HAL_TIM_IC_Stop_IT
 .text.HAL_TIM_Encoder_Init
                0x08008d58      0x14c ./Drivers/STM32F4xx_HAL_Driver/Src/stm32f4xx_hal_tim.o
                0x08008d58                HAL_TIM_Encoder_Init
 .text.HAL_TIM_Encoder_Start
                0x08008ea4      0x11c ./Drivers/STM32F4xx_HAL_Driver/Src/stm32f4xx_hal_tim.o
                0x08008ea4                HAL_TIM_Encoder_Start
 .text.HAL_TIM_IRQHandler
                0x08008fc0      0x210 ./Drivers/STM32F4xx_HAL_Driver/Src/stm32f4xx_hal_tim.o
                0x08008fc0                HAL_TIM_IRQHandler
 .text.HAL_TIM_IC_ConfigChannel
                0x080091d0      0x138 ./Drivers/STM32F4xx_HAL_Driver/Src/stm32f4xx_hal_tim.o
                0x080091d0                HAL_TIM_IC_ConfigChannel
 .text.HAL_TIM_PWM_ConfigChannel
                0x08009308      0x184 ./Drivers/STM32F4xx_HAL_Driver/Src/stm32f4xx_hal_tim.o
                0x08009308                HAL_TIM_PWM_ConfigChannel
 .text.HAL_TIM_ConfigClockSource
                0x0800948c      0x18e ./Drivers/STM32F4xx_HAL_Driver/Src/stm32f4xx_hal_tim.o
                0x0800948c                HAL_TIM_ConfigClockSource
 *fill*         0x0800961a        0x2 
 .text.HAL_TIM_ReadCapturedValue
                0x0800961c       0x88 ./Drivers/STM32F4xx_HAL_Driver/Src/stm32f4xx_hal_tim.o
                0x0800961c                HAL_TIM_ReadCapturedValue
 .text.HAL_TIM_PeriodElapsedCallback
                0x080096a4       0x14 ./Drivers/STM32F4xx_HAL_Driver/Src/stm32f4xx_hal_tim.o
                0x080096a4                HAL_TIM_PeriodElapsedCallback
 .text.HAL_TIM_OC_DelayElapsedCallback
                0x080096b8       0x14 ./Drivers/STM32F4xx_HAL_Driver/Src/stm32f4xx_hal_tim.o
                0x080096b8                HAL_TIM_OC_DelayElapsedCallback
 .text.HAL_TIM_PWM_PulseFinishedCallback
                0x080096cc       0x14 ./Drivers/STM32F4xx_HAL_Driver/Src/stm32f4xx_hal_tim.o
                0x080096cc                HAL_TIM_PWM_PulseFinishedCallback
 .text.HAL_TIM_TriggerCallback
                0x080096e0       0x14 ./Drivers/STM32F4xx_HAL_Driver/Src/stm32f4xx_hal_tim.o
                0x080096e0                HAL_TIM_TriggerCallback
 .text.TIM_Base_SetConfig
                0x080096f4      0x140 ./Drivers/STM32F4xx_HAL_Driver/Src/stm32f4xx_hal_tim.o
                0x080096f4                TIM_Base_SetConfig
 .text.TIM_OC1_SetConfig
                0x08009834       0xe0 ./Drivers/STM32F4xx_HAL_Driver/Src/stm32f4xx_hal_tim.o
 .text.TIM_OC2_SetConfig
                0x08009914       0xec ./Drivers/STM32F4xx_HAL_Driver/Src/stm32f4xx_hal_tim.o
                0x08009914                TIM_OC2_SetConfig
 .text.TIM_OC3_SetConfig
                0x08009a00       0xe8 ./Drivers/STM32F4xx_HAL_Driver/Src/stm32f4xx_hal_tim.o
 .text.TIM_OC4_SetConfig
                0x08009ae8       0xac ./Drivers/STM32F4xx_HAL_Driver/Src/stm32f4xx_hal_tim.o
 .text.TIM_TI1_SetConfig
                0x08009b94       0xe8 ./Drivers/STM32F4xx_HAL_Driver/Src/stm32f4xx_hal_tim.o
                0x08009b94                TIM_TI1_SetConfig
 .text.TIM_TI1_ConfigInputStage
                0x08009c7c       0x5e ./Drivers/STM32F4xx_HAL_Driver/Src/stm32f4xx_hal_tim.o
 .text.TIM_TI2_SetConfig
                0x08009cda       0x7a ./Drivers/STM32F4xx_HAL_Driver/Src/stm32f4xx_hal_tim.o
 .text.TIM_TI2_ConfigInputStage
                0x08009d54       0x60 ./Drivers/STM32F4xx_HAL_Driver/Src/stm32f4xx_hal_tim.o
 .text.TIM_TI3_SetConfig
                0x08009db4       0x78 ./Drivers/STM32F4xx_HAL_Driver/Src/stm32f4xx_hal_tim.o
 .text.TIM_TI4_SetConfig
                0x08009e2c       0x7a ./Drivers/STM32F4xx_HAL_Driver/Src/stm32f4xx_hal_tim.o
 .text.TIM_ITRx_SetConfig
                0x08009ea6       0x36 ./Drivers/STM32F4xx_HAL_Driver/Src/stm32f4xx_hal_tim.o
 .text.TIM_ETR_SetConfig
                0x08009edc       0x40 ./Drivers/STM32F4xx_HAL_Driver/Src/stm32f4xx_hal_tim.o
                0x08009edc                TIM_ETR_SetConfig
 .text.TIM_CCxChannelCmd
                0x08009f1c       0x4a ./Drivers/STM32F4xx_HAL_Driver/Src/stm32f4xx_hal_tim.o
                0x08009f1c                TIM_CCxChannelCmd
 *fill*         0x08009f66        0x2 
 .text.HAL_TIMEx_MasterConfigSynchronization
                0x08009f68       0xf8 ./Drivers/STM32F4xx_HAL_Driver/Src/stm32f4xx_hal_tim_ex.o
                0x08009f68                HAL_TIMEx_MasterConfigSynchronization
 .text.HAL_TIMEx_CommutCallback
                0x0800a060       0x14 ./Drivers/STM32F4xx_HAL_Driver/Src/stm32f4xx_hal_tim_ex.o
                0x0800a060                HAL_TIMEx_CommutCallback
 .text.HAL_TIMEx_BreakCallback
                0x0800a074       0x14 ./Drivers/STM32F4xx_HAL_Driver/Src/stm32f4xx_hal_tim_ex.o
                0x0800a074                HAL_TIMEx_BreakCallback
 .text.HAL_UART_Init
                0x0800a088       0x9a ./Drivers/STM32F4xx_HAL_Driver/Src/stm32f4xx_hal_uart.o
                0x0800a088                HAL_UART_Init
 .text.HAL_UART_Transmit
                0x0800a122      0x124 ./Drivers/STM32F4xx_HAL_Driver/Src/stm32f4xx_hal_uart.o
                0x0800a122                HAL_UART_Transmit
 .text.HAL_UART_Receive_DMA
                0x0800a246       0x60 ./Drivers/STM32F4xx_HAL_Driver/Src/stm32f4xx_hal_uart.o
                0x0800a246                HAL_UART_Receive_DMA
 .text.HAL_UART_DMAStop
                0x0800a2a6       0xfe ./Drivers/STM32F4xx_HAL_Driver/Src/stm32f4xx_hal_uart.o
                0x0800a2a6                HAL_UART_DMAStop
 .text.HAL_UART_IRQHandler
                0x0800a3a4      0x51c ./Drivers/STM32F4xx_HAL_Driver/Src/stm32f4xx_hal_uart.o
                0x0800a3a4                HAL_UART_IRQHandler
 .text.HAL_UART_TxCpltCallback
                0x0800a8c0       0x14 ./Drivers/STM32F4xx_HAL_Driver/Src/stm32f4xx_hal_uart.o
                0x0800a8c0                HAL_UART_TxCpltCallback
 .text.HAL_UART_RxHalfCpltCallback
                0x0800a8d4       0x14 ./Drivers/STM32F4xx_HAL_Driver/Src/stm32f4xx_hal_uart.o
                0x0800a8d4                HAL_UART_RxHalfCpltCallback
 .text.HAL_UART_ErrorCallback
                0x0800a8e8       0x14 ./Drivers/STM32F4xx_HAL_Driver/Src/stm32f4xx_hal_uart.o
                0x0800a8e8                HAL_UART_ErrorCallback
 .text.HAL_UARTEx_RxEventCallback
                0x0800a8fc       0x18 ./Drivers/STM32F4xx_HAL_Driver/Src/stm32f4xx_hal_uart.o
                0x0800a8fc                HAL_UARTEx_RxEventCallback
 .text.UART_DMAReceiveCplt
                0x0800a914      0x126 ./Drivers/STM32F4xx_HAL_Driver/Src/stm32f4xx_hal_uart.o
 .text.UART_DMARxHalfCplt
                0x0800aa3a       0x36 ./Drivers/STM32F4xx_HAL_Driver/Src/stm32f4xx_hal_uart.o
 .text.UART_DMAError
                0x0800aa70       0x94 ./Drivers/STM32F4xx_HAL_Driver/Src/stm32f4xx_hal_uart.o
 .text.UART_WaitOnFlagUntilTimeout
                0x0800ab04       0xdc ./Drivers/STM32F4xx_HAL_Driver/Src/stm32f4xx_hal_uart.o
 .text.UART_Start_Receive_DMA
                0x0800abe0      0x13c ./Drivers/STM32F4xx_HAL_Driver/Src/stm32f4xx_hal_uart.o
                0x0800abe0                UART_Start_Receive_DMA
 .text.UART_EndTxTransfer
                0x0800ad1c       0x50 ./Drivers/STM32F4xx_HAL_Driver/Src/stm32f4xx_hal_uart.o
 .text.UART_EndRxTransfer
                0x0800ad6c       0xc6 ./Drivers/STM32F4xx_HAL_Driver/Src/stm32f4xx_hal_uart.o
 .text.UART_DMAAbortOnError
                0x0800ae32       0x28 ./Drivers/STM32F4xx_HAL_Driver/Src/stm32f4xx_hal_uart.o
 .text.UART_Transmit_IT
                0x0800ae5a       0xa0 ./Drivers/STM32F4xx_HAL_Driver/Src/stm32f4xx_hal_uart.o
 .text.UART_EndTransmit_IT
                0x0800aefa       0x30 ./Drivers/STM32F4xx_HAL_Driver/Src/stm32f4xx_hal_uart.o
 .text.UART_Receive_IT
                0x0800af2a      0x176 ./Drivers/STM32F4xx_HAL_Driver/Src/stm32f4xx_hal_uart.o
 .text.UART_SetConfig
                0x0800b0a0      0x4e8 ./Drivers/STM32F4xx_HAL_Driver/Src/stm32f4xx_hal_uart.o
 .text.__NVIC_SetPriority
                0x0800b588       0x54 ./Middlewares/Third_Party/FreeRTOS/Source/CMSIS_RTOS_V2/cmsis_os2.o
 .text.SVC_Setup
                0x0800b5dc       0x12 ./Middlewares/Third_Party/FreeRTOS/Source/CMSIS_RTOS_V2/cmsis_os2.o
 *fill*         0x0800b5ee        0x2 
 .text.osKernelInitialize
                0x0800b5f0       0x48 ./Middlewares/Third_Party/FreeRTOS/Source/CMSIS_RTOS_V2/cmsis_os2.o
                0x0800b5f0                osKernelInitialize
 .text.osKernelStart
                0x0800b638       0x4c ./Middlewares/Third_Party/FreeRTOS/Source/CMSIS_RTOS_V2/cmsis_os2.o
                0x0800b638                osKernelStart
 .text.osThreadNew
                0x0800b684      0x124 ./Middlewares/Third_Party/FreeRTOS/Source/CMSIS_RTOS_V2/cmsis_os2.o
                0x0800b684                osThreadNew
 .text.osThreadYield
                0x0800b7a8       0x40 ./Middlewares/Third_Party/FreeRTOS/Source/CMSIS_RTOS_V2/cmsis_os2.o
                0x0800b7a8                osThreadYield
 .text.osDelay  0x0800b7e8       0x36 ./Middlewares/Third_Party/FreeRTOS/Source/CMSIS_RTOS_V2/cmsis_os2.o
                0x0800b7e8                osDelay
 .text.osMessageQueueNew
                0x0800b81e       0xe6 ./Middlewares/Third_Party/FreeRTOS/Source/CMSIS_RTOS_V2/cmsis_os2.o
                0x0800b81e                osMessageQueueNew
 .text.osMessageQueuePut
                0x0800b904       0xc0 ./Middlewares/Third_Party/FreeRTOS/Source/CMSIS_RTOS_V2/cmsis_os2.o
                0x0800b904                osMessageQueuePut
 .text.osMessageQueueGet
                0x0800b9c4       0xbc ./Middlewares/Third_Party/FreeRTOS/Source/CMSIS_RTOS_V2/cmsis_os2.o
                0x0800b9c4                osMessageQueueGet
 .text.osMessageQueueGetCount
                0x0800ba80       0x40 ./Middlewares/Third_Party/FreeRTOS/Source/CMSIS_RTOS_V2/cmsis_os2.o
                0x0800ba80                osMessageQueueGetCount
 .text.osMessageQueueReset
                0x0800bac0       0x44 ./Middlewares/Third_Party/FreeRTOS/Source/CMSIS_RTOS_V2/cmsis_os2.o
                0x0800bac0                osMessageQueueReset
 .text.vApplicationGetIdleTaskMemory
                0x0800bb04       0x34 ./Middlewares/Third_Party/FreeRTOS/Source/CMSIS_RTOS_V2/cmsis_os2.o
                0x0800bb04                vApplicationGetIdleTaskMemory
 .text.vApplicationGetTimerTaskMemory
                0x0800bb38       0x34 ./Middlewares/Third_Party/FreeRTOS/Source/CMSIS_RTOS_V2/cmsis_os2.o
                0x0800bb38                vApplicationGetTimerTaskMemory
 .text.vListInitialise
                0x0800bb6c       0x40 ./Middlewares/Third_Party/FreeRTOS/Source/list.o
                0x0800bb6c                vListInitialise
 .text.vListInitialiseItem
                0x0800bbac       0x1a ./Middlewares/Third_Party/FreeRTOS/Source/list.o
                0x0800bbac                vListInitialiseItem
 .text.vListInsertEnd
                0x0800bbc6       0x48 ./Middlewares/Third_Party/FreeRTOS/Source/list.o
                0x0800bbc6                vListInsertEnd
 .text.vListInsert
                0x0800bc0e       0x72 ./Middlewares/Third_Party/FreeRTOS/Source/list.o
                0x0800bc0e                vListInsert
 .text.uxListRemove
                0x0800bc80       0x54 ./Middlewares/Third_Party/FreeRTOS/Source/list.o
                0x0800bc80                uxListRemove
 .text.xQueueGenericReset
                0x0800bcd4       0xd4 ./Middlewares/Third_Party/FreeRTOS/Source/queue.o
                0x0800bcd4                xQueueGenericReset
 .text.xQueueGenericCreateStatic
                0x0800bda8       0xfa ./Middlewares/Third_Party/FreeRTOS/Source/queue.o
                0x0800bda8                xQueueGenericCreateStatic
 .text.xQueueGenericCreate
                0x0800bea2       0x76 ./Middlewares/Third_Party/FreeRTOS/Source/queue.o
                0x0800bea2                xQueueGenericCreate
 .text.prvInitialiseNewQueue
                0x0800bf18       0x46 ./Middlewares/Third_Party/FreeRTOS/Source/queue.o
 *fill*         0x0800bf5e        0x2 
 .text.xQueueGenericSend
                0x0800bf60      0x204 ./Middlewares/Third_Party/FreeRTOS/Source/queue.o
                0x0800bf60                xQueueGenericSend
 .text.xQueueGenericSendFromISR
                0x0800c164      0x13c ./Middlewares/Third_Party/FreeRTOS/Source/queue.o
                0x0800c164                xQueueGenericSendFromISR
 .text.xQueueReceive
                0x0800c2a0      0x1c4 ./Middlewares/Third_Party/FreeRTOS/Source/queue.o
                0x0800c2a0                xQueueReceive
 .text.xQueueReceiveFromISR
                0x0800c464      0x104 ./Middlewares/Third_Party/FreeRTOS/Source/queue.o
                0x0800c464                xQueueReceiveFromISR
 .text.uxQueueMessagesWaiting
                0x0800c568       0x3e ./Middlewares/Third_Party/FreeRTOS/Source/queue.o
                0x0800c568                uxQueueMessagesWaiting
 .text.uxQueueMessagesWaitingFromISR
                0x0800c5a6       0x3e ./Middlewares/Third_Party/FreeRTOS/Source/queue.o
                0x0800c5a6                uxQueueMessagesWaitingFromISR
 .text.prvCopyDataToQueue
                0x0800c5e4       0xd4 ./Middlewares/Third_Party/FreeRTOS/Source/queue.o
 .text.prvCopyDataFromQueue
                0x0800c6b8       0x4c ./Middlewares/Third_Party/FreeRTOS/Source/queue.o
 .text.prvUnlockQueue
                0x0800c704       0xa4 ./Middlewares/Third_Party/FreeRTOS/Source/queue.o
 .text.prvIsQueueEmpty
                0x0800c7a8       0x2c ./Middlewares/Third_Party/FreeRTOS/Source/queue.o
 .text.prvIsQueueFull
                0x0800c7d4       0x30 ./Middlewares/Third_Party/FreeRTOS/Source/queue.o
 .text.vQueueAddToRegistry
                0x0800c804       0x54 ./Middlewares/Third_Party/FreeRTOS/Source/queue.o
                0x0800c804                vQueueAddToRegistry
 .text.vQueueWaitForMessageRestricted
                0x0800c858       0x68 ./Middlewares/Third_Party/FreeRTOS/Source/queue.o
                0x0800c858                vQueueWaitForMessageRestricted
 .text.xTaskCreateStatic
                0x0800c8c0       0xc0 ./Middlewares/Third_Party/FreeRTOS/Source/tasks.o
                0x0800c8c0                xTaskCreateStatic
 .text.xTaskCreate
                0x0800c980       0x8a ./Middlewares/Third_Party/FreeRTOS/Source/tasks.o
                0x0800c980                xTaskCreate
 .text.prvInitialiseNewTask
                0x0800ca0a      0x120 ./Middlewares/Third_Party/FreeRTOS/Source/tasks.o
 *fill*         0x0800cb2a        0x2 
 .text.prvAddNewTaskToReadyList
                0x0800cb2c       0xe0 ./Middlewares/Third_Party/FreeRTOS/Source/tasks.o
 .text.vTaskDelay
                0x0800cc0c       0x6c ./Middlewares/Third_Party/FreeRTOS/Source/tasks.o
                0x0800cc0c                vTaskDelay
 .text.vTaskStartScheduler
                0x0800cc78       0xd0 ./Middlewares/Third_Party/FreeRTOS/Source/tasks.o
                0x0800cc78                vTaskStartScheduler
 .text.vTaskSuspendAll
                0x0800cd48       0x1c ./Middlewares/Third_Party/FreeRTOS/Source/tasks.o
                0x0800cd48                vTaskSuspendAll
 .text.xTaskResumeAll
                0x0800cd64      0x13c ./Middlewares/Third_Party/FreeRTOS/Source/tasks.o
                0x0800cd64                xTaskResumeAll
 .text.xTaskGetTickCount
                0x0800cea0       0x20 ./Middlewares/Third_Party/FreeRTOS/Source/tasks.o
                0x0800cea0                xTaskGetTickCount
 .text.xTaskIncrementTick
                0x0800cec0      0x174 ./Middlewares/Third_Party/FreeRTOS/Source/tasks.o
                0x0800cec0                xTaskIncrementTick
 .text.vTaskSwitchContext
                0x0800d034       0xbc ./Middlewares/Third_Party/FreeRTOS/Source/tasks.o
                0x0800d034                vTaskSwitchContext
 .text.vTaskPlaceOnEventList
                0x0800d0f0       0x4c ./Middlewares/Third_Party/FreeRTOS/Source/tasks.o
                0x0800d0f0                vTaskPlaceOnEventList
 .text.vTaskPlaceOnEventListRestricted
                0x0800d13c       0x58 ./Middlewares/Third_Party/FreeRTOS/Source/tasks.o
                0x0800d13c                vTaskPlaceOnEventListRestricted
 .text.xTaskRemoveFromEventList
                0x0800d194       0xc8 ./Middlewares/Third_Party/FreeRTOS/Source/tasks.o
                0x0800d194                xTaskRemoveFromEventList
 .text.vTaskInternalSetTimeOutState
                0x0800d25c       0x2c ./Middlewares/Third_Party/FreeRTOS/Source/tasks.o
                0x0800d25c                vTaskInternalSetTimeOutState
 .text.xTaskCheckForTimeOut
                0x0800d288       0xc8 ./Middlewares/Third_Party/FreeRTOS/Source/tasks.o
                0x0800d288                xTaskCheckForTimeOut
 .text.vTaskMissedYield
                0x0800d350       0x18 ./Middlewares/Third_Party/FreeRTOS/Source/tasks.o
                0x0800d350                vTaskMissedYield
 .text.prvIdleTask
                0x0800d368       0x30 ./Middlewares/Third_Party/FreeRTOS/Source/tasks.o
 .text.prvInitialiseTaskLists
                0x0800d398       0x80 ./Middlewares/Third_Party/FreeRTOS/Source/tasks.o
 .text.prvCheckTasksWaitingTermination
                0x0800d418       0x5c ./Middlewares/Third_Party/FreeRTOS/Source/tasks.o
 .text.prvDeleteTCB
                0x0800d474       0x60 ./Middlewares/Third_Party/FreeRTOS/Source/tasks.o
 .text.prvResetNextTaskUnblockTime
                0x0800d4d4       0x40 ./Middlewares/Third_Party/FreeRTOS/Source/tasks.o
 .text.xTaskGetSchedulerState
                0x0800d514       0x3c ./Middlewares/Third_Party/FreeRTOS/Source/tasks.o
                0x0800d514                xTaskGetSchedulerState
 .text.xTaskPriorityDisinherit
                0x0800d550       0xe0 ./Middlewares/Third_Party/FreeRTOS/Source/tasks.o
                0x0800d550                xTaskPriorityDisinherit
 .text.prvAddCurrentTaskToDelayedList
                0x0800d630       0xa8 ./Middlewares/Third_Party/FreeRTOS/Source/tasks.o
 .text.xTimerCreateTimerTask
                0x0800d6d8       0x94 ./Middlewares/Third_Party/FreeRTOS/Source/timers.o
                0x0800d6d8                xTimerCreateTimerTask
 .text.xTimerGenericCommand
                0x0800d76c       0x9c ./Middlewares/Third_Party/FreeRTOS/Source/timers.o
                0x0800d76c                xTimerGenericCommand
 .text.prvProcessExpiredTimer
                0x0800d808       0x9c ./Middlewares/Third_Party/FreeRTOS/Source/timers.o
 .text.prvTimerTask
                0x0800d8a4       0x26 ./Middlewares/Third_Party/FreeRTOS/Source/timers.o
 *fill*         0x0800d8ca        0x2 
 .text.prvProcessTimerOrBlockTask
                0x0800d8cc       0x9c ./Middlewares/Third_Party/FreeRTOS/Source/timers.o
 .text.prvGetNextExpireTime
                0x0800d968       0x48 ./Middlewares/Third_Party/FreeRTOS/Source/timers.o
 .text.prvSampleTimeNow
                0x0800d9b0       0x40 ./Middlewares/Third_Party/FreeRTOS/Source/timers.o
 .text.prvInsertTimerInActiveList
                0x0800d9f0       0x84 ./Middlewares/Third_Party/FreeRTOS/Source/timers.o
 .text.prvProcessReceivedCommands
                0x0800da74      0x1cc ./Middlewares/Third_Party/FreeRTOS/Source/timers.o
 .text.prvSwitchTimerLists
                0x0800dc40       0xcc ./Middlewares/Third_Party/FreeRTOS/Source/timers.o
 .text.prvCheckForValidListAndQueue
                0x0800dd0c       0x80 ./Middlewares/Third_Party/FreeRTOS/Source/timers.o
 .text.pxPortInitialiseStack
                0x0800dd8c       0x68 ./Middlewares/Third_Party/FreeRTOS/Source/portable/GCC/ARM_CM4F/port.o
                0x0800dd8c                pxPortInitialiseStack
 .text.prvTaskExitError
                0x0800ddf4       0x5c ./Middlewares/Third_Party/FreeRTOS/Source/portable/GCC/ARM_CM4F/port.o
 .text.SVC_Handler
                0x0800de50       0x28 ./Middlewares/Third_Party/FreeRTOS/Source/portable/GCC/ARM_CM4F/port.o
                0x0800de50                SVC_Handler
 .text.prvPortStartFirstTask
                0x0800de78       0x28 ./Middlewares/Third_Party/FreeRTOS/Source/portable/GCC/ARM_CM4F/port.o
 .text.xPortStartScheduler
                0x0800dea0      0x148 ./Middlewares/Third_Party/FreeRTOS/Source/portable/GCC/ARM_CM4F/port.o
                0x0800dea0                xPortStartScheduler
 .text.vPortEnterCritical
                0x0800dfe8       0x64 ./Middlewares/Third_Party/FreeRTOS/Source/portable/GCC/ARM_CM4F/port.o
                0x0800dfe8                vPortEnterCritical
 .text.vPortExitCritical
                0x0800e04c       0x54 ./Middlewares/Third_Party/FreeRTOS/Source/portable/GCC/ARM_CM4F/port.o
                0x0800e04c                vPortExitCritical
 .text.PendSV_Handler
                0x0800e0a0       0x68 ./Middlewares/Third_Party/FreeRTOS/Source/portable/GCC/ARM_CM4F/port.o
                0x0800e0a0                PendSV_Handler
 .text.xPortSysTickHandler
                0x0800e108       0x44 ./Middlewares/Third_Party/FreeRTOS/Source/portable/GCC/ARM_CM4F/port.o
                0x0800e108                xPortSysTickHandler
 .text.vPortSetupTimerInterrupt
                0x0800e14c       0x48 ./Middlewares/Third_Party/FreeRTOS/Source/portable/GCC/ARM_CM4F/port.o
                0x0800e14c                vPortSetupTimerInterrupt
 .text.vPortEnableVFP
                0x0800e194       0x14 ./Middlewares/Third_Party/FreeRTOS/Source/portable/GCC/ARM_CM4F/port.o
 .text.vPortValidateInterruptPriority
                0x0800e1a8       0x84 ./Middlewares/Third_Party/FreeRTOS/Source/portable/GCC/ARM_CM4F/port.o
                0x0800e1a8                vPortValidateInterruptPriority
 .text.pvPortMalloc
                0x0800e22c      0x19c ./Middlewares/Third_Party/FreeRTOS/Source/portable/MemMang/heap_4.o
                0x0800e22c                pvPortMalloc
 .text.vPortFree
                0x0800e3c8       0xc8 ./Middlewares/Third_Party/FreeRTOS/Source/portable/MemMang/heap_4.o
                0x0800e3c8                vPortFree
 .text.prvHeapInit
                0x0800e490       0xc4 ./Middlewares/Third_Party/FreeRTOS/Source/portable/MemMang/heap_4.o
 .text.prvInsertBlockIntoFreeList
                0x0800e554       0xb4 ./Middlewares/Third_Party/FreeRTOS/Source/portable/MemMang/heap_4.o
 .text._Znwj    0x0800e608       0x22 C:/ST/STM32CubeIDE_1.19.0/STM32CubeIDE/plugins/com.st.stm32cube.ide.mcu.externaltools.gnu-tools-for-stm32.13.3.rel1.win32_1.0.0.202411081344/tools/bin/../lib/gcc/arm-none-eabi/13.3.1/../../../../arm-none-eabi/lib/thumb/v7e-m+fp/hard\libstdc++_nano.a(new_op.o)
                0x0800e608                operator new(unsigned int)
 *fill*         0x0800e62a        0x2 
 .text._ZSt15get_new_handlerv
                0x0800e62c       0x10 C:/ST/STM32CubeIDE_1.19.0/STM32CubeIDE/plugins/com.st.stm32cube.ide.mcu.externaltools.gnu-tools-for-stm32.13.3.rel1.win32_1.0.0.202411081344/tools/bin/../lib/gcc/arm-none-eabi/13.3.1/../../../../arm-none-eabi/lib/thumb/v7e-m+fp/hard\libstdc++_nano.a(new_handler.o)
                0x0800e62c                std::get_new_handler()
 .text.atan2    0x0800e63c        0x4 C:/ST/STM32CubeIDE_1.19.0/STM32CubeIDE/plugins/com.st.stm32cube.ide.mcu.externaltools.gnu-tools-for-stm32.13.3.rel1.win32_1.0.0.202411081344/tools/bin/../lib/gcc/arm-none-eabi/13.3.1/../../../../arm-none-eabi/lib/thumb/v7e-m+fp/hard\libm.a(libm_a-w_atan2.o)
                0x0800e63c                atan2
 .text.fmod     0x0800e640       0x5c C:/ST/STM32CubeIDE_1.19.0/STM32CubeIDE/plugins/com.st.stm32cube.ide.mcu.externaltools.gnu-tools-for-stm32.13.3.rel1.win32_1.0.0.202411081344/tools/bin/../lib/gcc/arm-none-eabi/13.3.1/../../../../arm-none-eabi/lib/thumb/v7e-m+fp/hard\libm.a(libm_a-w_fmod.o)
                0x0800e640                fmod
 .text.sqrt     0x0800e69c       0x58 C:/ST/STM32CubeIDE_1.19.0/STM32CubeIDE/plugins/com.st.stm32cube.ide.mcu.externaltools.gnu-tools-for-stm32.13.3.rel1.win32_1.0.0.202411081344/tools/bin/../lib/gcc/arm-none-eabi/13.3.1/../../../../arm-none-eabi/lib/thumb/v7e-m+fp/hard\libm.a(libm_a-w_sqrt.o)
                0x0800e69c                sqrt
 .text.__ieee754_sqrt
                0x0800e6f4      0x1ac C:/ST/STM32CubeIDE_1.19.0/STM32CubeIDE/plugins/com.st.stm32cube.ide.mcu.externaltools.gnu-tools-for-stm32.13.3.rel1.win32_1.0.0.202411081344/tools/bin/../lib/gcc/arm-none-eabi/13.3.1/../../../../arm-none-eabi/lib/thumb/v7e-m+fp/hard\libm.a(libm_a-e_sqrt.o)
                0x0800e6f4                __ieee754_sqrt
 .text.__ieee754_atan2
                0x0800e8a0      0x18c C:/ST/STM32CubeIDE_1.19.0/STM32CubeIDE/plugins/com.st.stm32cube.ide.mcu.externaltools.gnu-tools-for-stm32.13.3.rel1.win32_1.0.0.202411081344/tools/bin/../lib/gcc/arm-none-eabi/13.3.1/../../../../arm-none-eabi/lib/thumb/v7e-m+fp/hard\libm.a(libm_a-e_atan2.o)
                0x0800e8a0                __ieee754_atan2
 .text.__ieee754_fmod
                0x0800ea2c      0x210 C:/ST/STM32CubeIDE_1.19.0/STM32CubeIDE/plugins/com.st.stm32cube.ide.mcu.externaltools.gnu-tools-for-stm32.13.3.rel1.win32_1.0.0.202411081344/tools/bin/../lib/gcc/arm-none-eabi/13.3.1/../../../../arm-none-eabi/lib/thumb/v7e-m+fp/hard\libm.a(libm_a-e_fmod.o)
                0x0800ea2c                __ieee754_fmod
 *fill*         0x0800ec3c        0x4 
 .text.atan     0x0800ec40      0x330 C:/ST/STM32CubeIDE_1.19.0/STM32CubeIDE/plugins/com.st.stm32cube.ide.mcu.externaltools.gnu-tools-for-stm32.13.3.rel1.win32_1.0.0.202411081344/tools/bin/../lib/gcc/arm-none-eabi/13.3.1/../../../../arm-none-eabi/lib/thumb/v7e-m+fp/hard\libm.a(libm_a-s_atan.o)
                0x0800ec40                atan
 .text.fabs     0x0800ef70       0x10 C:/ST/STM32CubeIDE_1.19.0/STM32CubeIDE/plugins/com.st.stm32cube.ide.mcu.externaltools.gnu-tools-for-stm32.13.3.rel1.win32_1.0.0.202411081344/tools/bin/../lib/gcc/arm-none-eabi/13.3.1/../../../../arm-none-eabi/lib/thumb/v7e-m+fp/hard\libm.a(libm_a-s_fabs.o)
                0x0800ef70                fabs
 .text.abort    0x0800ef80        0xe C:/ST/STM32CubeIDE_1.19.0/STM32CubeIDE/plugins/com.st.stm32cube.ide.mcu.externaltools.gnu-tools-for-stm32.13.3.rel1.win32_1.0.0.202411081344/tools/bin/../lib/gcc/arm-none-eabi/13.3.1/../../../../arm-none-eabi/lib/thumb/v7e-m+fp/hard\libc_nano.a(libc_a-abort.o)
                0x0800ef80                abort
 *fill*         0x0800ef8e        0x2 
 .text.malloc   0x0800ef90       0x10 C:/ST/STM32CubeIDE_1.19.0/STM32CubeIDE/plugins/com.st.stm32cube.ide.mcu.externaltools.gnu-tools-for-stm32.13.3.rel1.win32_1.0.0.202411081344/tools/bin/../lib/gcc/arm-none-eabi/13.3.1/../../../../arm-none-eabi/lib/thumb/v7e-m+fp/hard\libc_nano.a(libc_a-malloc.o)
                0x0800ef90                malloc
 .text.sbrk_aligned
                0x0800efa0       0x44 C:/ST/STM32CubeIDE_1.19.0/STM32CubeIDE/plugins/com.st.stm32cube.ide.mcu.externaltools.gnu-tools-for-stm32.13.3.rel1.win32_1.0.0.202411081344/tools/bin/../lib/gcc/arm-none-eabi/13.3.1/../../../../arm-none-eabi/lib/thumb/v7e-m+fp/hard\libc_nano.a(libc_a-mallocr.o)
 .text._malloc_r
                0x0800efe4      0x100 C:/ST/STM32CubeIDE_1.19.0/STM32CubeIDE/plugins/com.st.stm32cube.ide.mcu.externaltools.gnu-tools-for-stm32.13.3.rel1.win32_1.0.0.202411081344/tools/bin/../lib/gcc/arm-none-eabi/13.3.1/../../../../arm-none-eabi/lib/thumb/v7e-m+fp/hard\libc_nano.a(libc_a-mallocr.o)
                0x0800efe4                _malloc_r
 .text.__malloc_lock
                0x0800f0e4        0xc C:/ST/STM32CubeIDE_1.19.0/STM32CubeIDE/plugins/com.st.stm32cube.ide.mcu.externaltools.gnu-tools-for-stm32.13.3.rel1.win32_1.0.0.202411081344/tools/bin/../lib/gcc/arm-none-eabi/13.3.1/../../../../arm-none-eabi/lib/thumb/v7e-m+fp/hard\libc_nano.a(libc_a-mlock.o)
                0x0800f0e4                __malloc_lock
 .text.__malloc_unlock
                0x0800f0f0        0xc C:/ST/STM32CubeIDE_1.19.0/STM32CubeIDE/plugins/com.st.stm32cube.ide.mcu.externaltools.gnu-tools-for-stm32.13.3.rel1.win32_1.0.0.202411081344/tools/bin/../lib/gcc/arm-none-eabi/13.3.1/../../../../arm-none-eabi/lib/thumb/v7e-m+fp/hard\libc_nano.a(libc_a-mlock.o)
                0x0800f0f0                __malloc_unlock
 .text._strtol_l.isra.0
                0x0800f0fc       0xf4 C:/ST/STM32CubeIDE_1.19.0/STM32CubeIDE/plugins/com.st.stm32cube.ide.mcu.externaltools.gnu-tools-for-stm32.13.3.rel1.win32_1.0.0.202411081344/tools/bin/../lib/gcc/arm-none-eabi/13.3.1/../../../../arm-none-eabi/lib/thumb/v7e-m+fp/hard\libc_nano.a(libc_a-strtol.o)
 .text.strtol   0x0800f1f0       0x14 C:/ST/STM32CubeIDE_1.19.0/STM32CubeIDE/plugins/com.st.stm32cube.ide.mcu.externaltools.gnu-tools-for-stm32.13.3.rel1.win32_1.0.0.202411081344/tools/bin/../lib/gcc/arm-none-eabi/13.3.1/../../../../arm-none-eabi/lib/thumb/v7e-m+fp/hard\libc_nano.a(libc_a-strtol.o)
                0x0800f1f0                strtol
 .text.__cvt    0x0800f204       0xca C:/ST/STM32CubeIDE_1.19.0/STM32CubeIDE/plugins/com.st.stm32cube.ide.mcu.externaltools.gnu-tools-for-stm32.13.3.rel1.win32_1.0.0.202411081344/tools/bin/../lib/gcc/arm-none-eabi/13.3.1/../../../../arm-none-eabi/lib/thumb/v7e-m+fp/hard\libc_nano.a(libc_a-nano-vfprintf_float.o)
                0x0800f204                __cvt
 .text.__exponent
                0x0800f2ce       0x74 C:/ST/STM32CubeIDE_1.19.0/STM32CubeIDE/plugins/com.st.stm32cube.ide.mcu.externaltools.gnu-tools-for-stm32.13.3.rel1.win32_1.0.0.202411081344/tools/bin/../lib/gcc/arm-none-eabi/13.3.1/../../../../arm-none-eabi/lib/thumb/v7e-m+fp/hard\libc_nano.a(libc_a-nano-vfprintf_float.o)
                0x0800f2ce                __exponent
 *fill*         0x0800f342        0x2 
 .text._printf_float
                0x0800f344      0x454 C:/ST/STM32CubeIDE_1.19.0/STM32CubeIDE/plugins/com.st.stm32cube.ide.mcu.externaltools.gnu-tools-for-stm32.13.3.rel1.win32_1.0.0.202411081344/tools/bin/../lib/gcc/arm-none-eabi/13.3.1/../../../../arm-none-eabi/lib/thumb/v7e-m+fp/hard\libc_nano.a(libc_a-nano-vfprintf_float.o)
                0x0800f344                _printf_float
 .text._printf_common
                0x0800f798       0xda C:/ST/STM32CubeIDE_1.19.0/STM32CubeIDE/plugins/com.st.stm32cube.ide.mcu.externaltools.gnu-tools-for-stm32.13.3.rel1.win32_1.0.0.202411081344/tools/bin/../lib/gcc/arm-none-eabi/13.3.1/../../../../arm-none-eabi/lib/thumb/v7e-m+fp/hard\libc_nano.a(libc_a-nano-vfprintf_i.o)
                0x0800f798                _printf_common
 *fill*         0x0800f872        0x2 
 .text._printf_i
                0x0800f874      0x23c C:/ST/STM32CubeIDE_1.19.0/STM32CubeIDE/plugins/com.st.stm32cube.ide.mcu.externaltools.gnu-tools-for-stm32.13.3.rel1.win32_1.0.0.202411081344/tools/bin/../lib/gcc/arm-none-eabi/13.3.1/../../../../arm-none-eabi/lib/thumb/v7e-m+fp/hard\libc_nano.a(libc_a-nano-vfprintf_i.o)
                0x0800f874                _printf_i
 .text.std      0x0800fab0       0x6c C:/ST/STM32CubeIDE_1.19.0/STM32CubeIDE/plugins/com.st.stm32cube.ide.mcu.externaltools.gnu-tools-for-stm32.13.3.rel1.win32_1.0.0.202411081344/tools/bin/../lib/gcc/arm-none-eabi/13.3.1/../../../../arm-none-eabi/lib/thumb/v7e-m+fp/hard\libc_nano.a(libc_a-findfp.o)
 .text.stdio_exit_handler
                0x0800fb1c       0x18 C:/ST/STM32CubeIDE_1.19.0/STM32CubeIDE/plugins/com.st.stm32cube.ide.mcu.externaltools.gnu-tools-for-stm32.13.3.rel1.win32_1.0.0.202411081344/tools/bin/../lib/gcc/arm-none-eabi/13.3.1/../../../../arm-none-eabi/lib/thumb/v7e-m+fp/hard\libc_nano.a(libc_a-findfp.o)
 .text.cleanup_stdio
                0x0800fb34       0x40 C:/ST/STM32CubeIDE_1.19.0/STM32CubeIDE/plugins/com.st.stm32cube.ide.mcu.externaltools.gnu-tools-for-stm32.13.3.rel1.win32_1.0.0.202411081344/tools/bin/../lib/gcc/arm-none-eabi/13.3.1/../../../../arm-none-eabi/lib/thumb/v7e-m+fp/hard\libc_nano.a(libc_a-findfp.o)
 .text.global_stdio_init.part.0
                0x0800fb74       0x3c C:/ST/STM32CubeIDE_1.19.0/STM32CubeIDE/plugins/com.st.stm32cube.ide.mcu.externaltools.gnu-tools-for-stm32.13.3.rel1.win32_1.0.0.202411081344/tools/bin/../lib/gcc/arm-none-eabi/13.3.1/../../../../arm-none-eabi/lib/thumb/v7e-m+fp/hard\libc_nano.a(libc_a-findfp.o)
 .text.__sfp_lock_acquire
                0x0800fbb0        0xc C:/ST/STM32CubeIDE_1.19.0/STM32CubeIDE/plugins/com.st.stm32cube.ide.mcu.externaltools.gnu-tools-for-stm32.13.3.rel1.win32_1.0.0.202411081344/tools/bin/../lib/gcc/arm-none-eabi/13.3.1/../../../../arm-none-eabi/lib/thumb/v7e-m+fp/hard\libc_nano.a(libc_a-findfp.o)
                0x0800fbb0                __sfp_lock_acquire
 .text.__sfp_lock_release
                0x0800fbbc        0xc C:/ST/STM32CubeIDE_1.19.0/STM32CubeIDE/plugins/com.st.stm32cube.ide.mcu.externaltools.gnu-tools-for-stm32.13.3.rel1.win32_1.0.0.202411081344/tools/bin/../lib/gcc/arm-none-eabi/13.3.1/../../../../arm-none-eabi/lib/thumb/v7e-m+fp/hard\libc_nano.a(libc_a-findfp.o)
                0x0800fbbc                __sfp_lock_release
 .text.__sinit  0x0800fbc8       0x30 C:/ST/STM32CubeIDE_1.19.0/STM32CubeIDE/plugins/com.st.stm32cube.ide.mcu.externaltools.gnu-tools-for-stm32.13.3.rel1.win32_1.0.0.202411081344/tools/bin/../lib/gcc/arm-none-eabi/13.3.1/../../../../arm-none-eabi/lib/thumb/v7e-m+fp/hard\libc_nano.a(libc_a-findfp.o)
                0x0800fbc8                __sinit
 .text._fwalk_sglue
                0x0800fbf8       0x3c C:/ST/STM32CubeIDE_1.19.0/STM32CubeIDE/plugins/com.st.stm32cube.ide.mcu.externaltools.gnu-tools-for-stm32.13.3.rel1.win32_1.0.0.202411081344/tools/bin/../lib/gcc/arm-none-eabi/13.3.1/../../../../arm-none-eabi/lib/thumb/v7e-m+fp/hard\libc_nano.a(libc_a-fwalk.o)
                0x0800fbf8                _fwalk_sglue
 .text._puts_r  0x0800fc34       0xaa C:/ST/STM32CubeIDE_1.19.0/STM32CubeIDE/plugins/com.st.stm32cube.ide.mcu.externaltools.gnu-tools-for-stm32.13.3.rel1.win32_1.0.0.202411081344/tools/bin/../lib/gcc/arm-none-eabi/13.3.1/../../../../arm-none-eabi/lib/thumb/v7e-m+fp/hard\libc_nano.a(libc_a-puts.o)
                0x0800fc34                _puts_r
 *fill*         0x0800fcde        0x2 
 .text.puts     0x0800fce0       0x10 C:/ST/STM32CubeIDE_1.19.0/STM32CubeIDE/plugins/com.st.stm32cube.ide.mcu.externaltools.gnu-tools-for-stm32.13.3.rel1.win32_1.0.0.202411081344/tools/bin/../lib/gcc/arm-none-eabi/13.3.1/../../../../arm-none-eabi/lib/thumb/v7e-m+fp/hard\libc_nano.a(libc_a-puts.o)
                0x0800fce0                puts
 .text.snprintf
                0x0800fcf0       0x6c C:/ST/STM32CubeIDE_1.19.0/STM32CubeIDE/plugins/com.st.stm32cube.ide.mcu.externaltools.gnu-tools-for-stm32.13.3.rel1.win32_1.0.0.202411081344/tools/bin/../lib/gcc/arm-none-eabi/13.3.1/../../../../arm-none-eabi/lib/thumb/v7e-m+fp/hard\libc_nano.a(libc_a-snprintf.o)
                0x0800fcf0                sniprintf
                0x0800fcf0                snprintf
 .text.sprintf  0x0800fd5c       0x44 C:/ST/STM32CubeIDE_1.19.0/STM32CubeIDE/plugins/com.st.stm32cube.ide.mcu.externaltools.gnu-tools-for-stm32.13.3.rel1.win32_1.0.0.202411081344/tools/bin/../lib/gcc/arm-none-eabi/13.3.1/../../../../arm-none-eabi/lib/thumb/v7e-m+fp/hard\libc_nano.a(libc_a-sprintf.o)
                0x0800fd5c                siprintf
                0x0800fd5c                sprintf
 .text.__sread  0x0800fda0       0x22 C:/ST/STM32CubeIDE_1.19.0/STM32CubeIDE/plugins/com.st.stm32cube.ide.mcu.externaltools.gnu-tools-for-stm32.13.3.rel1.win32_1.0.0.202411081344/tools/bin/../lib/gcc/arm-none-eabi/13.3.1/../../../../arm-none-eabi/lib/thumb/v7e-m+fp/hard\libc_nano.a(libc_a-stdio.o)
                0x0800fda0                __sread
 .text.__swrite
                0x0800fdc2       0x38 C:/ST/STM32CubeIDE_1.19.0/STM32CubeIDE/plugins/com.st.stm32cube.ide.mcu.externaltools.gnu-tools-for-stm32.13.3.rel1.win32_1.0.0.202411081344/tools/bin/../lib/gcc/arm-none-eabi/13.3.1/../../../../arm-none-eabi/lib/thumb/v7e-m+fp/hard\libc_nano.a(libc_a-stdio.o)
                0x0800fdc2                __swrite
 .text.__sseek  0x0800fdfa       0x24 C:/ST/STM32CubeIDE_1.19.0/STM32CubeIDE/plugins/com.st.stm32cube.ide.mcu.externaltools.gnu-tools-for-stm32.13.3.rel1.win32_1.0.0.202411081344/tools/bin/../lib/gcc/arm-none-eabi/13.3.1/../../../../arm-none-eabi/lib/thumb/v7e-m+fp/hard\libc_nano.a(libc_a-stdio.o)
                0x0800fdfa                __sseek
 .text.__sclose
                0x0800fe1e        0x8 C:/ST/STM32CubeIDE_1.19.0/STM32CubeIDE/plugins/com.st.stm32cube.ide.mcu.externaltools.gnu-tools-for-stm32.13.3.rel1.win32_1.0.0.202411081344/tools/bin/../lib/gcc/arm-none-eabi/13.3.1/../../../../arm-none-eabi/lib/thumb/v7e-m+fp/hard\libc_nano.a(libc_a-stdio.o)
                0x0800fe1e                __sclose
 .text.__swbuf_r
                0x0800fe26       0x7c C:/ST/STM32CubeIDE_1.19.0/STM32CubeIDE/plugins/com.st.stm32cube.ide.mcu.externaltools.gnu-tools-for-stm32.13.3.rel1.win32_1.0.0.202411081344/tools/bin/../lib/gcc/arm-none-eabi/13.3.1/../../../../arm-none-eabi/lib/thumb/v7e-m+fp/hard\libc_nano.a(libc_a-wbuf.o)
                0x0800fe26                __swbuf_r
 *fill*         0x0800fea2        0x2 
 .text.__swsetup_r
                0x0800fea4       0xac C:/ST/STM32CubeIDE_1.19.0/STM32CubeIDE/plugins/com.st.stm32cube.ide.mcu.externaltools.gnu-tools-for-stm32.13.3.rel1.win32_1.0.0.202411081344/tools/bin/../lib/gcc/arm-none-eabi/13.3.1/../../../../arm-none-eabi/lib/thumb/v7e-m+fp/hard\libc_nano.a(libc_a-wsetup.o)
                0x0800fea4                __swsetup_r
 .text.memset   0x0800ff50       0x10 C:/ST/STM32CubeIDE_1.19.0/STM32CubeIDE/plugins/com.st.stm32cube.ide.mcu.externaltools.gnu-tools-for-stm32.13.3.rel1.win32_1.0.0.202411081344/tools/bin/../lib/gcc/arm-none-eabi/13.3.1/../../../../arm-none-eabi/lib/thumb/v7e-m+fp/hard\libc_nano.a(libc_a-memset.o)
                0x0800ff50                memset
 .text._raise_r
                0x0800ff60       0x50 C:/ST/STM32CubeIDE_1.19.0/STM32CubeIDE/plugins/com.st.stm32cube.ide.mcu.externaltools.gnu-tools-for-stm32.13.3.rel1.win32_1.0.0.202411081344/tools/bin/../lib/gcc/arm-none-eabi/13.3.1/../../../../arm-none-eabi/lib/thumb/v7e-m+fp/hard\libc_nano.a(libc_a-signal.o)
                0x0800ff60                _raise_r
 .text.raise    0x0800ffb0       0x10 C:/ST/STM32CubeIDE_1.19.0/STM32CubeIDE/plugins/com.st.stm32cube.ide.mcu.externaltools.gnu-tools-for-stm32.13.3.rel1.win32_1.0.0.202411081344/tools/bin/../lib/gcc/arm-none-eabi/13.3.1/../../../../arm-none-eabi/lib/thumb/v7e-m+fp/hard\libc_nano.a(libc_a-signal.o)
                0x0800ffb0                raise
 .text._localeconv_r
                0x0800ffc0        0x8 C:/ST/STM32CubeIDE_1.19.0/STM32CubeIDE/plugins/com.st.stm32cube.ide.mcu.externaltools.gnu-tools-for-stm32.13.3.rel1.win32_1.0.0.202411081344/tools/bin/../lib/gcc/arm-none-eabi/13.3.1/../../../../arm-none-eabi/lib/thumb/v7e-m+fp/hard\libc_nano.a(libc_a-localeconv.o)
                0x0800ffc0                _localeconv_r
 .text._close_r
                0x0800ffc8       0x20 C:/ST/STM32CubeIDE_1.19.0/STM32CubeIDE/plugins/com.st.stm32cube.ide.mcu.externaltools.gnu-tools-for-stm32.13.3.rel1.win32_1.0.0.202411081344/tools/bin/../lib/gcc/arm-none-eabi/13.3.1/../../../../arm-none-eabi/lib/thumb/v7e-m+fp/hard\libc_nano.a(libc_a-closer.o)
                0x0800ffc8                _close_r
 .text._lseek_r
                0x0800ffe8       0x24 C:/ST/STM32CubeIDE_1.19.0/STM32CubeIDE/plugins/com.st.stm32cube.ide.mcu.externaltools.gnu-tools-for-stm32.13.3.rel1.win32_1.0.0.202411081344/tools/bin/../lib/gcc/arm-none-eabi/13.3.1/../../../../arm-none-eabi/lib/thumb/v7e-m+fp/hard\libc_nano.a(libc_a-lseekr.o)
                0x0800ffe8                _lseek_r
 .text._read_r  0x0801000c       0x24 C:/ST/STM32CubeIDE_1.19.0/STM32CubeIDE/plugins/com.st.stm32cube.ide.mcu.externaltools.gnu-tools-for-stm32.13.3.rel1.win32_1.0.0.202411081344/tools/bin/../lib/gcc/arm-none-eabi/13.3.1/../../../../arm-none-eabi/lib/thumb/v7e-m+fp/hard\libc_nano.a(libc_a-readr.o)
                0x0801000c                _read_r
 .text._kill_r  0x08010030       0x24 C:/ST/STM32CubeIDE_1.19.0/STM32CubeIDE/plugins/com.st.stm32cube.ide.mcu.externaltools.gnu-tools-for-stm32.13.3.rel1.win32_1.0.0.202411081344/tools/bin/../lib/gcc/arm-none-eabi/13.3.1/../../../../arm-none-eabi/lib/thumb/v7e-m+fp/hard\libc_nano.a(libc_a-signalr.o)
                0x08010030                _kill_r
 .text._getpid_r
                0x08010054        0x4 C:/ST/STM32CubeIDE_1.19.0/STM32CubeIDE/plugins/com.st.stm32cube.ide.mcu.externaltools.gnu-tools-for-stm32.13.3.rel1.win32_1.0.0.202411081344/tools/bin/../lib/gcc/arm-none-eabi/13.3.1/../../../../arm-none-eabi/lib/thumb/v7e-m+fp/hard\libc_nano.a(libc_a-signalr.o)
                0x08010054                _getpid_r
 .text._sbrk_r  0x08010058       0x20 C:/ST/STM32CubeIDE_1.19.0/STM32CubeIDE/plugins/com.st.stm32cube.ide.mcu.externaltools.gnu-tools-for-stm32.13.3.rel1.win32_1.0.0.202411081344/tools/bin/../lib/gcc/arm-none-eabi/13.3.1/../../../../arm-none-eabi/lib/thumb/v7e-m+fp/hard\libc_nano.a(libc_a-sbrkr.o)
                0x08010058                _sbrk_r
 .text._write_r
                0x08010078       0x24 C:/ST/STM32CubeIDE_1.19.0/STM32CubeIDE/plugins/com.st.stm32cube.ide.mcu.externaltools.gnu-tools-for-stm32.13.3.rel1.win32_1.0.0.202411081344/tools/bin/../lib/gcc/arm-none-eabi/13.3.1/../../../../arm-none-eabi/lib/thumb/v7e-m+fp/hard\libc_nano.a(libc_a-writer.o)
                0x08010078                _write_r
 .text.__errno  0x0801009c        0xc C:/ST/STM32CubeIDE_1.19.0/STM32CubeIDE/plugins/com.st.stm32cube.ide.mcu.externaltools.gnu-tools-for-stm32.13.3.rel1.win32_1.0.0.202411081344/tools/bin/../lib/gcc/arm-none-eabi/13.3.1/../../../../arm-none-eabi/lib/thumb/v7e-m+fp/hard\libc_nano.a(libc_a-errno.o)
                0x0801009c                __errno
 .text.__libc_init_array
                0x080100a8       0x48 C:/ST/STM32CubeIDE_1.19.0/STM32CubeIDE/plugins/com.st.stm32cube.ide.mcu.externaltools.gnu-tools-for-stm32.13.3.rel1.win32_1.0.0.202411081344/tools/bin/../lib/gcc/arm-none-eabi/13.3.1/../../../../arm-none-eabi/lib/thumb/v7e-m+fp/hard\libc_nano.a(libc_a-init.o)
                0x080100a8                __libc_init_array
 .text.__retarget_lock_init_recursive
                0x080100f0        0x2 C:/ST/STM32CubeIDE_1.19.0/STM32CubeIDE/plugins/com.st.stm32cube.ide.mcu.externaltools.gnu-tools-for-stm32.13.3.rel1.win32_1.0.0.202411081344/tools/bin/../lib/gcc/arm-none-eabi/13.3.1/../../../../arm-none-eabi/lib/thumb/v7e-m+fp/hard\libc_nano.a(libc_a-lock.o)
                0x080100f0                __retarget_lock_init_recursive
 .text.__retarget_lock_acquire_recursive
                0x080100f2        0x2 C:/ST/STM32CubeIDE_1.19.0/STM32CubeIDE/plugins/com.st.stm32cube.ide.mcu.externaltools.gnu-tools-for-stm32.13.3.rel1.win32_1.0.0.202411081344/tools/bin/../lib/gcc/arm-none-eabi/13.3.1/../../../../arm-none-eabi/lib/thumb/v7e-m+fp/hard\libc_nano.a(libc_a-lock.o)
                0x080100f2                __retarget_lock_acquire_recursive
 .text.__retarget_lock_release_recursive
                0x080100f4        0x2 C:/ST/STM32CubeIDE_1.19.0/STM32CubeIDE/plugins/com.st.stm32cube.ide.mcu.externaltools.gnu-tools-for-stm32.13.3.rel1.win32_1.0.0.202411081344/tools/bin/../lib/gcc/arm-none-eabi/13.3.1/../../../../arm-none-eabi/lib/thumb/v7e-m+fp/hard\libc_nano.a(libc_a-lock.o)
                0x080100f4                __retarget_lock_release_recursive
 .text.memcpy   0x080100f6       0x1c C:/ST/STM32CubeIDE_1.19.0/STM32CubeIDE/plugins/com.st.stm32cube.ide.mcu.externaltools.gnu-tools-for-stm32.13.3.rel1.win32_1.0.0.202411081344/tools/bin/../lib/gcc/arm-none-eabi/13.3.1/../../../../arm-none-eabi/lib/thumb/v7e-m+fp/hard\libc_nano.a(libc_a-memcpy-stub.o)
                0x080100f6                memcpy
 .text.quorem   0x08010112      0x110 C:/ST/STM32CubeIDE_1.19.0/STM32CubeIDE/plugins/com.st.stm32cube.ide.mcu.externaltools.gnu-tools-for-stm32.13.3.rel1.win32_1.0.0.202411081344/tools/bin/../lib/gcc/arm-none-eabi/13.3.1/../../../../arm-none-eabi/lib/thumb/v7e-m+fp/hard\libc_nano.a(libc_a-dtoa.o)
 *fill*         0x08010222        0x6 
 .text._dtoa_r  0x08010228      0xba0 C:/ST/STM32CubeIDE_1.19.0/STM32CubeIDE/plugins/com.st.stm32cube.ide.mcu.externaltools.gnu-tools-for-stm32.13.3.rel1.win32_1.0.0.202411081344/tools/bin/../lib/gcc/arm-none-eabi/13.3.1/../../../../arm-none-eabi/lib/thumb/v7e-m+fp/hard\libc_nano.a(libc_a-dtoa.o)
                0x08010228                _dtoa_r
 .text._free_r  0x08010dc8       0x94 C:/ST/STM32CubeIDE_1.19.0/STM32CubeIDE/plugins/com.st.stm32cube.ide.mcu.externaltools.gnu-tools-for-stm32.13.3.rel1.win32_1.0.0.202411081344/tools/bin/../lib/gcc/arm-none-eabi/13.3.1/../../../../arm-none-eabi/lib/thumb/v7e-m+fp/hard\libc_nano.a(libc_a-freer.o)
                0x08010dc8                _free_r
 .text._Balloc  0x08010e5c       0x80 C:/ST/STM32CubeIDE_1.19.0/STM32CubeIDE/plugins/com.st.stm32cube.ide.mcu.externaltools.gnu-tools-for-stm32.13.3.rel1.win32_1.0.0.202411081344/tools/bin/../lib/gcc/arm-none-eabi/13.3.1/../../../../arm-none-eabi/lib/thumb/v7e-m+fp/hard\libc_nano.a(libc_a-mprec.o)
                0x08010e5c                _Balloc
 .text._Bfree   0x08010edc       0x44 C:/ST/STM32CubeIDE_1.19.0/STM32CubeIDE/plugins/com.st.stm32cube.ide.mcu.externaltools.gnu-tools-for-stm32.13.3.rel1.win32_1.0.0.202411081344/tools/bin/../lib/gcc/arm-none-eabi/13.3.1/../../../../arm-none-eabi/lib/thumb/v7e-m+fp/hard\libc_nano.a(libc_a-mprec.o)
                0x08010edc                _Bfree
 .text.__multadd
                0x08010f20       0x8c C:/ST/STM32CubeIDE_1.19.0/STM32CubeIDE/plugins/com.st.stm32cube.ide.mcu.externaltools.gnu-tools-for-stm32.13.3.rel1.win32_1.0.0.202411081344/tools/bin/../lib/gcc/arm-none-eabi/13.3.1/../../../../arm-none-eabi/lib/thumb/v7e-m+fp/hard\libc_nano.a(libc_a-mprec.o)
                0x08010f20                __multadd
 .text.__hi0bits
                0x08010fac       0x3e C:/ST/STM32CubeIDE_1.19.0/STM32CubeIDE/plugins/com.st.stm32cube.ide.mcu.externaltools.gnu-tools-for-stm32.13.3.rel1.win32_1.0.0.202411081344/tools/bin/../lib/gcc/arm-none-eabi/13.3.1/../../../../arm-none-eabi/lib/thumb/v7e-m+fp/hard\libc_nano.a(libc_a-mprec.o)
                0x08010fac                __hi0bits
 .text.__lo0bits
                0x08010fea       0x5a C:/ST/STM32CubeIDE_1.19.0/STM32CubeIDE/plugins/com.st.stm32cube.ide.mcu.externaltools.gnu-tools-for-stm32.13.3.rel1.win32_1.0.0.202411081344/tools/bin/../lib/gcc/arm-none-eabi/13.3.1/../../../../arm-none-eabi/lib/thumb/v7e-m+fp/hard\libc_nano.a(libc_a-mprec.o)
                0x08010fea                __lo0bits
 .text.__i2b    0x08011044       0x2c C:/ST/STM32CubeIDE_1.19.0/STM32CubeIDE/plugins/com.st.stm32cube.ide.mcu.externaltools.gnu-tools-for-stm32.13.3.rel1.win32_1.0.0.202411081344/tools/bin/../lib/gcc/arm-none-eabi/13.3.1/../../../../arm-none-eabi/lib/thumb/v7e-m+fp/hard\libc_nano.a(libc_a-mprec.o)
                0x08011044                __i2b
 .text.__multiply
                0x08011070      0x144 C:/ST/STM32CubeIDE_1.19.0/STM32CubeIDE/plugins/com.st.stm32cube.ide.mcu.externaltools.gnu-tools-for-stm32.13.3.rel1.win32_1.0.0.202411081344/tools/bin/../lib/gcc/arm-none-eabi/13.3.1/../../../../arm-none-eabi/lib/thumb/v7e-m+fp/hard\libc_nano.a(libc_a-mprec.o)
                0x08011070                __multiply
 .text.__pow5mult
                0x080111b4       0xb4 C:/ST/STM32CubeIDE_1.19.0/STM32CubeIDE/plugins/com.st.stm32cube.ide.mcu.externaltools.gnu-tools-for-stm32.13.3.rel1.win32_1.0.0.202411081344/tools/bin/../lib/gcc/arm-none-eabi/13.3.1/../../../../arm-none-eabi/lib/thumb/v7e-m+fp/hard\libc_nano.a(libc_a-mprec.o)
                0x080111b4                __pow5mult
 .text.__lshift
                0x08011268       0xd8 C:/ST/STM32CubeIDE_1.19.0/STM32CubeIDE/plugins/com.st.stm32cube.ide.mcu.externaltools.gnu-tools-for-stm32.13.3.rel1.win32_1.0.0.202411081344/tools/bin/../lib/gcc/arm-none-eabi/13.3.1/../../../../arm-none-eabi/lib/thumb/v7e-m+fp/hard\libc_nano.a(libc_a-mprec.o)
                0x08011268                __lshift
 .text.__mcmp   0x08011340       0x36 C:/ST/STM32CubeIDE_1.19.0/STM32CubeIDE/plugins/com.st.stm32cube.ide.mcu.externaltools.gnu-tools-for-stm32.13.3.rel1.win32_1.0.0.202411081344/tools/bin/../lib/gcc/arm-none-eabi/13.3.1/../../../../arm-none-eabi/lib/thumb/v7e-m+fp/hard\libc_nano.a(libc_a-mprec.o)
                0x08011340                __mcmp
 *fill*         0x08011376        0x2 
 .text.__mdiff  0x08011378      0x128 C:/ST/STM32CubeIDE_1.19.0/STM32CubeIDE/plugins/com.st.stm32cube.ide.mcu.externaltools.gnu-tools-for-stm32.13.3.rel1.win32_1.0.0.202411081344/tools/bin/../lib/gcc/arm-none-eabi/13.3.1/../../../../arm-none-eabi/lib/thumb/v7e-m+fp/hard\libc_nano.a(libc_a-mprec.o)
                0x08011378                __mdiff
 .text.__d2b    0x080114a0       0xb0 C:/ST/STM32CubeIDE_1.19.0/STM32CubeIDE/plugins/com.st.stm32cube.ide.mcu.externaltools.gnu-tools-for-stm32.13.3.rel1.win32_1.0.0.202411081344/tools/bin/../lib/gcc/arm-none-eabi/13.3.1/../../../../arm-none-eabi/lib/thumb/v7e-m+fp/hard\libc_nano.a(libc_a-mprec.o)
                0x080114a0                __d2b
 .text.__ssputs_r
                0x08011550       0xb6 C:/ST/STM32CubeIDE_1.19.0/STM32CubeIDE/plugins/com.st.stm32cube.ide.mcu.externaltools.gnu-tools-for-stm32.13.3.rel1.win32_1.0.0.202411081344/tools/bin/../lib/gcc/arm-none-eabi/13.3.1/../../../../arm-none-eabi/lib/thumb/v7e-m+fp/hard\libc_nano.a(libc_a-nano-svfprintf.o)
                0x08011550                __ssputs_r
 *fill*         0x08011606        0x2 
 .text._svfprintf_r
                0x08011608      0x1f8 C:/ST/STM32CubeIDE_1.19.0/STM32CubeIDE/plugins/com.st.stm32cube.ide.mcu.externaltools.gnu-tools-for-stm32.13.3.rel1.win32_1.0.0.202411081344/tools/bin/../lib/gcc/arm-none-eabi/13.3.1/../../../../arm-none-eabi/lib/thumb/v7e-m+fp/hard\libc_nano.a(libc_a-nano-svfprintf.o)
                0x08011608                _svfiprintf_r
                0x08011608                _svfprintf_r
 .text.__sflush_r