../Core/Src/app_motion.cpp:19:2:AppMotion::MotionController::MotionController(u_ctx*)	0	static
../Core/Src/app_motion.cpp:336:7:void AppMotion::MotionController::emergencyStop()	0	static
../Core/Src/app_motion.cpp:341:2:AppMotion::Servo::Servo(TIM_HandleTypeDef*, uint32_t, uint32_t, uint32_t, uint32_t)	8	static
../Core/Src/app_motion.cpp:351:7:void AppMotion::Servo::turnLeft()	0	static
../Core/Src/app_motion.cpp:356:7:void AppMotion::Servo::turnRight()	0	static
../Core/Src/app_motion.cpp:361:7:void AppMotion::Servo::turnFront()	0	static
../Core/Src/app_motion.cpp:368:2:AppMotion::Motor::Motor(TIM_HandleTypeDef*, uint32_t, uint32_t, uint32_t)	16	static
../Core/Src/app_motion.cpp:25:7:void AppMotion::MotionController::start()	64	static
../Core/Src/app_motion.cpp:384:7:bool AppMotion::Motor::setSpeed(uint32_t, bool)	8	static
../Core/Src/app_motion.cpp:402:7:bool AppMotion::Motor::_setDutyCycleVal(uint32_t, bool)	8	static
../Core/Src/app_motion.cpp:419:7:void AppMotion::Motor::halt()	0	static
../Core/Src/app_motion.cpp:246:7:void AppMotion::MotionController::turn(bool, bool, bool, uint32_t)	96	static
../Core/Src/app_motion.cpp:424:7:void AppMotion::Motor::setForward()	0	static
../Core/Src/app_motion.cpp:429:7:void AppMotion::Motor::setBackward()	0	static
../Core/Src/app_motion.cpp:436:2:AppMotion::Encoder::Encoder(TIM_HandleTypeDef*, uint32_t)	8	static
../Core/Src/app_motion.cpp:444:11:uint32_t AppMotion::Encoder::getCount()	0	static
../Core/Src/app_motion.cpp:448:11:uint32_t AppMotion::Encoder::getDelta(uint32_t, uint32_t)	0	static
../Core/Src/app_motion.cpp:147:7:void AppMotion::MotionController::move(bool, uint32_t, uint32_t, bool, bool)	96	static
../Core/Src/app_motion.cpp:88:7:static void AppMotion::MotionController::motionTask(void*)	72	static
