../Core/Src/app_motion.cpp:21:2:AppMotion::MotionController::MotionController(u_ctx*)	0	static
../Core/Src/app_motion.cpp:422:7:void AppMotion::MotionController::emergencyStop()	0	static
../Core/Src/app_motion.cpp:427:2:AppMotion::Servo::Servo(TIM_HandleTypeDef*, uint32_t, uint32_t, uint32_t, uint32_t)	8	static
../Core/Src/app_motion.cpp:437:7:void AppMotion::Servo::turnLeft()	0	static
../Core/Src/app_motion.cpp:442:7:void AppMotion::Servo::turnRight()	0	static
../Core/Src/app_motion.cpp:447:7:void AppMotion::Servo::turnFront()	0	static
../Core/Src/app_motion.cpp:454:2:AppMotion::Motor::Motor(TIM_HandleTypeDef*, uint32_t, uint32_t, uint32_t)	16	static
../Core/Src/app_motion.cpp:27:7:void AppMotion::MotionController::start()	80	static
../Core/Src/app_motion.cpp:470:7:bool AppMotion::Motor::setSpeed(uint32_t, bool)	8	static
../Core/Src/app_motion.cpp:488:7:bool AppMotion::Motor::_setDutyCycleVal(uint32_t, bool)	8	static
../Core/Src/app_motion.cpp:505:7:void AppMotion::Motor::halt()	0	static
../Core/Src/app_motion.cpp:212:7:void AppMotion::MotionController::moveConstantPWM(bool, uint32_t, uint32_t)	24	static
../Core/Src/app_motion.cpp:331:7:void AppMotion::MotionController::turn(bool, bool, bool, uint32_t)	96	static
../Core/Src/app_motion.cpp:510:7:void AppMotion::Motor::setForward()	0	static
../Core/Src/app_motion.cpp:515:7:void AppMotion::Motor::setBackward()	0	static
../Core/Src/app_motion.cpp:522:2:AppMotion::Encoder::Encoder(TIM_HandleTypeDef*, uint32_t)	8	static
../Core/Src/app_motion.cpp:530:11:uint32_t AppMotion::Encoder::getCount()	0	static
../Core/Src/app_motion.cpp:534:11:uint32_t AppMotion::Encoder::getDelta(uint32_t, uint32_t)	0	static
../Core/Src/app_motion.cpp:233:7:void AppMotion::MotionController::move(bool, uint32_t, uint32_t, bool, bool)	96	static
../Core/Src/app_motion.cpp:99:7:static void AppMotion::MotionController::motionTask(void*)	72	static
