../Core/Src/app_motion.cpp:21:2:AppMotion::MotionController::MotionController(u_ctx*)	0	static
../Core/Src/app_motion.cpp:548:7:void AppMotion::MotionController::emergencyStop()	0	static
../Core/Src/app_motion.cpp:553:2:AppMotion::Servo::Servo(TIM_HandleTypeDef*, uint32_t, uint32_t, uint32_t, uint32_t)	8	static
../Core/Src/app_motion.cpp:563:7:void AppMotion::Servo::turnLeft()	0	static
../Core/Src/app_motion.cpp:568:7:void AppMotion::Servo::turnRight()	0	static
../Core/Src/app_motion.cpp:573:7:void AppMotion::Servo::turnFront()	0	static
../Core/Src/app_motion.cpp:580:2:AppMotion::Motor::Motor(TIM_HandleTypeDef*, uint32_t, uint32_t, uint32_t)	16	static
../Core/Src/app_motion.cpp:27:7:void AppMotion::MotionController::start()	80	static
../Core/Src/app_motion.cpp:596:7:bool AppMotion::Motor::setSpeed(uint32_t, bool)	8	static
../Core/Src/app_motion.cpp:614:7:bool AppMotion::Motor::_setDutyCycleVal(uint32_t, bool)	8	static
../Core/Src/app_motion.cpp:631:7:void AppMotion::Motor::halt()	0	static
../Core/Src/app_motion.cpp:196:7:void AppMotion::MotionController::moveConstantPWM(bool, uint32_t, uint32_t)	24	static
../Core/Src/app_motion.cpp:322:7:void AppMotion::MotionController::turn(bool, bool, bool, uint32_t)	88	static
../Core/Src/app_motion.cpp:438:7:void AppMotion::MotionController::moveAndTurnAfterObstacle(bool, bool, bool, uint32_t)	88	static
../Core/Src/app_motion.cpp:636:7:void AppMotion::Motor::setForward()	0	static
../Core/Src/app_motion.cpp:641:7:void AppMotion::Motor::setBackward()	0	static
../Core/Src/app_motion.cpp:648:2:AppMotion::Encoder::Encoder(TIM_HandleTypeDef*, uint32_t)	8	static
../Core/Src/app_motion.cpp:656:11:uint32_t AppMotion::Encoder::getCount()	0	static
../Core/Src/app_motion.cpp:660:11:uint32_t AppMotion::Encoder::getDelta(uint32_t, uint32_t)	0	static
../Core/Src/app_motion.cpp:217:7:void AppMotion::MotionController::move(bool, uint32_t, uint32_t, bool, bool)	96	static
../Core/Src/app_motion.cpp:99:7:static void AppMotion::MotionController::motionTask(void*)	72	static
