../Core/Src/app_main.cpp:153:6:void sensorIRTask(void*)	32	static
../Core/Src/app_main.cpp:40:17:void IMU_RequestZeroYaw()	0	static
../Core/Src/app_main.cpp:118:6:void initializeCPPconstructs()	8	static
../Core/Src/app_main.cpp:230:6:void sensorUSTask(void*)	0	static
../Core/Src/app_main.cpp:248:17:void IMU_ZeroYawNow()	8	static
../Core/Src/app_main.cpp:354:6:void quaternionUpdate(float, float, float, float, float, float, float)	112	static
../Core/Src/app_main.cpp:256:6:void sensorIMUTask(void*)	144	static
../Core/Src/app_main.cpp:427:6:void _ext_sig_halt()	0	static
../Core/Src/app_main.cpp:431:6:void HAL_UART_RxCpltCallback(UART_HandleTypeDef*)	0	static
../Core/Src/app_main.cpp:437:6:void HAL_TIM_IC_CaptureCallback(TIM_HandleTypeDef*)	16	static
../Core/Src/app_main.cpp:461:1:cpp)	16	static
../Core/Src/app_main.cpp:461:1:cpp)	8	static
