../Core/Src/app_motion.cpp:21:2:AppMotion::MotionController::MotionController(u_ctx*)	0	static
../Core/Src/app_motion.cpp:398:7:void AppMotion::MotionController::emergencyStop()	0	static
../Core/Src/app_motion.cpp:403:2:AppMotion::Servo::Servo(TIM_HandleTypeDef*, uint32_t, uint32_t, uint32_t, uint32_t)	8	static
../Core/Src/app_motion.cpp:413:7:void AppMotion::Servo::turnLeft()	0	static
../Core/Src/app_motion.cpp:418:7:void AppMotion::Servo::turnRight()	0	static
../Core/Src/app_motion.cpp:423:7:void AppMotion::Servo::turnFront()	0	static
../Core/Src/app_motion.cpp:430:2:AppMotion::Motor::Motor(TIM_HandleTypeDef*, uint32_t, uint32_t, uint32_t)	16	static
../Core/Src/app_motion.cpp:27:7:void AppMotion::MotionController::start()	80	static
../Core/Src/app_motion.cpp:446:7:bool AppMotion::Motor::setSpeed(uint32_t, bool)	8	static
../Core/Src/app_motion.cpp:464:7:bool AppMotion::Motor::_setDutyCycleVal(uint32_t, bool)	8	static
../Core/Src/app_motion.cpp:481:7:void AppMotion::Motor::halt()	0	static
../Core/Src/app_motion.cpp:182:7:void AppMotion::MotionController::moveConstantPWM(bool, uint32_t, uint32_t)	24	static
../Core/Src/app_motion.cpp:305:7:void AppMotion::MotionController::turn(bool, bool, bool, uint32_t)	88	static
../Core/Src/app_motion.cpp:486:7:void AppMotion::Motor::setForward()	0	static
../Core/Src/app_motion.cpp:491:7:void AppMotion::Motor::setBackward()	0	static
../Core/Src/app_motion.cpp:498:2:AppMotion::Encoder::Encoder(TIM_HandleTypeDef*, uint32_t)	8	static
../Core/Src/app_motion.cpp:506:11:uint32_t AppMotion::Encoder::getCount()	0	static
../Core/Src/app_motion.cpp:510:11:uint32_t AppMotion::Encoder::getDelta(uint32_t, uint32_t)	0	static
../Core/Src/app_motion.cpp:203:7:void AppMotion::MotionController::move(bool, uint32_t, uint32_t, bool, bool)	96	static
../Core/Src/app_motion.cpp:99:7:static void AppMotion::MotionController::motionTask(void*)	72	static
