../Core/Src/main.c:714:6:StartDefaultTask	8	static
../Core/Src/main.c:177:6:SystemClock_Config	88	static,ignoring_inline_asm
../Core/Src/main.c:91:5:main	80	static,ignoring_inline_asm
../Core/Src/main.c:626:6:HAL_GPIO_EXTI_Callback	0	static
../Core/Src/main.c:633:6:MotorDrive_enable	0	static
../Core/Src/main.c:641:6:Motor_direction	0	static
../Core/Src/main.c:652:6:Motor_stop	0	static
../Core/Src/main.c:660:6:Motor_forward	0	static
../Core/Src/main.c:671:6:Motor_reverse	0	static
../Core/Src/main.c:682:6:ServoMotor_enable	0	static
../Core/Src/main.c:689:6:ServoMotor_TurnRight	0	static
../Core/Src/main.c:694:6:ServoMotor_TurnLeft	0	static
../Core/Src/main.c:699:6:ServoMotor_TurnCenter	0	static
../Core/Src/main.c:730:6:Error_Handler	0	static,ignoring_inline_asm
