../Core/Src/oled.c:6:6:OLED_WR_Byte	16	static
../Core/Src/oled.c:30:6:OLED_Refresh_Gram	16	static
../Core/Src/oled.c:45:6:OLED_Clear	4	static
../Core/Src/oled.c:55:6:OLED_Display_On	8	static
../Core/Src/oled.c:64:6:OLED_Display_Off	8	static
../Core/Src/oled.c:74:6:OLED_DrawPoint	8	static
../Core/Src/oled.c:87:6:OLED_ShowChar	48	static
../Core/Src/oled.c:112:10:oled_pow	0	static
../Core/Src/oled.c:122:6:OLED_ShowNumber	64	static
../Core/Src/oled.c:144:6:OLED_ShowString	32	static
../Core/Src/oled.c:160:6:OLED_DrawRect	24	static
../Core/Src/oled.c:174:6:OLED_DrawRectWithFill	24	static
../Core/Src/oled.c:194:6:OLED_DrawHorizontalLine	16	static
../Core/Src/oled.c:200:6:OLED_DrawVerticalLine	16	static
../Core/Src/oled.c:206:6:OLED_Init	8	static
