../Core/Src/stm32f4xx_hal_msp.c:69:6:HAL_MspInit	8	static
../Core/Src/stm32f4xx_hal_msp.c:93:6:HAL_ADC_MspInit	48	static
../Core/Src/stm32f4xx_hal_msp.c:147:6:HAL_ADC_MspDeInit	0	static
../Core/Src/stm32f4xx_hal_msp.c:192:6:HAL_I2C_MspInit	48	static
../Core/Src/stm32f4xx_hal_msp.c:228:6:HAL_I2C_MspDeInit	8	static
../Core/Src/stm32f4xx_hal_msp.c:259:6:HAL_TIM_Encoder_MspInit	56	static
../Core/Src/stm32f4xx_hal_msp.c:330:6:HAL_TIM_Base_MspInit	56	static
../Core/Src/stm32f4xx_hal_msp.c:406:6:HAL_TIM_MspPostInit	40	static
../Core/Src/stm32f4xx_hal_msp.c:481:6:HAL_TIM_Encoder_MspDeInit	8	static
../Core/Src/stm32f4xx_hal_msp.c:532:6:HAL_TIM_Base_MspDeInit	8	static
../Core/Src/stm32f4xx_hal_msp.c:606:6:HAL_UART_MspInit	56	static
../Core/Src/stm32f4xx_hal_msp.c:689:6:HAL_UART_MspDeInit	8	static
